
The following have been reloaded with a version change:
  1) FFTW/3.3.6-gompi-2017b => FFTW/3.3.6-gompi-2017a
  2) GCC/6.4.0-2.28 => GCC/6.3.0-2.27
  3) GCCcore/6.4.0 => GCCcore/6.3.0
  4) OpenBLAS/0.2.20-GCC-6.4.0-2.28 => OpenBLAS/0.2.19-GCC-6.3.0-2.27-LAPACK-3.7.0
  5) OpenMPI/2.1.1-GCC-6.4.0-2.28 => OpenMPI/2.0.2-GCC-6.3.0-2.27
  6) ScaLAPACK/2.0.2-gompi-2017b-OpenBLAS-0.2.20 => ScaLAPACK/2.0.2-gompi-2017a-OpenBLAS-0.2.19-LAPACK-3.7.0
  7) binutils/2.28-GCCcore-6.4.0 => binutils/2.27-GCCcore-6.3.0
  8) foss/2017b => foss/2017a
  9) gompi/2017b => gompi/2017a
 10) hwloc/1.11.7-GCCcore-6.4.0 => hwloc/1.11.5-GCC-6.3.0-2.27
 11) numactl/2.0.11-GCCcore-6.4.0 => numactl/2.0.11-GCC-6.3.0-2.27


----------------------------------------------
Starting OASIS: Offshore Advanced Simulation Software

PROJECT ROOT PATH: CleanCase_allchain_discretizado7

Before initializing...
Before initializing...
--> Reading Simulation Properties (ASCII format)
** Error (IOError) **
Problem: Not possible to open the file: datosProblema.dat
    ->Dir: CleanCase_allchain_discretizado7/input


End of the program.
----------------------------------------------

