Flat profile:

Each sample counts as 0.01 seconds.
  %   cumulative   self              self     total           
 time   seconds   seconds    calls   s/call   s/call  name    
 23.38      3.36     3.36  4595876     0.00     0.00  void arma::spglue_times_misc::dense_times_sparse<arma::Mat<double>, arma::SpMat<double> >(arma::Mat<arma::Mat<double>::elem_type>&, arma::Mat<double> const&, arma::SpMat<double> const&)
 20.25      6.27     2.91  1148969     0.00     0.00  Line::SEM_computeF()
 15.10      8.44     2.17  4595876     0.00     0.00  void arma::spop_strans::apply_noalias<double>(arma::SpMat<double>&, arma::SpMat<double> const&)
  9.01      9.74     1.30  1148969     0.00     0.00  fun(double, arma::Mat<double>, solver_data)
  5.78     10.57     0.83 48256700     0.00     0.00  arma::enable_if2<arma::is_arma_type<arma::Mat<double> >::value, arma::Mat<double>::pod_type>::result arma::norm<arma::Mat<double> >(arma::Mat<double> const&, unsigned long long, arma::arma_real_or_cx_only<arma::Mat<double>::elem_type>::result const*)
  4.21     11.17     0.61 110320573     0.00     0.00  arma::Mat<double>::init_warm(unsigned long long, unsigned long long)
  3.97     11.74     0.57 72385047     0.00     0.00  arma::subview<double>::extract(arma::Mat<double>&, arma::subview<double> const&)
  3.34     12.22     0.48 24128349     0.00     0.00  void arma::subview<double>::inplace_op<arma::op_internal_equ, arma::Op<arma::subview<double>, arma::op_htrans> >(arma::Base<double, arma::Op<arma::subview<double>, arma::op_htrans> > const&, char const*)
  2.64     12.60     0.38     9047     0.00     0.00  jac(double, arma::Mat<double>, arma::Mat<double>&, arma::Mat<double>&, solver_data)
  1.60     12.83     0.23  4595881     0.00     0.00  arma::SpMat<double>::mem_resize(unsigned long long)
  1.32     13.02     0.19  4595881     0.00     0.00  arma::SpMat<double>::init(unsigned long long, unsigned long long)
  1.25     13.20     0.18  4595876     0.00     0.00  void arma::spglue_times_misc::sparse_times_dense<arma::SpMat<double>, arma::Mat<double> >(arma::Mat<arma::SpMat<double>::elem_type>&, arma::SpMat<double> const&, arma::Mat<double> const&)
  1.15     13.37     0.17  1148969     0.00     0.00  bool arma::glue_solve_gen::apply<double, arma::eOp<arma::Mat<double>, arma::eop_scalar_times>, arma::Mat<double> >(arma::Mat<double>&, arma::Base<double, arma::eOp<arma::Mat<double>, arma::eop_scalar_times> > const&, arma::Base<double, arma::Mat<double> > const&, unsigned long long)
  1.11     13.53     0.16 50590847     0.00     0.00  arma::Mat<double>::init_cold()
  1.04     13.68     0.15        1     0.15    14.13  BDF::step()
  0.97     13.82     0.14 63202365     0.00     0.00  FairleadBCP::getValues(double)
  0.84     13.94     0.12                             void arma::gemv<true, false, false>::apply_blas_type<double, arma::Row<double> >(double*, arma::Row<double> const&, double const*, double, double)
  0.56     14.02     0.08 27575261     0.00     0.00  arma::SpMat<double>::sync_csc() const
  0.49     14.09     0.07 20717700     0.00     0.00  double* arma::memory::acquire<double>(unsigned long long)
  0.35     14.14     0.05 22979410     0.00     0.00  std::_Rb_tree<unsigned long long, std::pair<unsigned long long const, double>, std::_Select1st<std::pair<unsigned long long const, double> >, std::less<unsigned long long>, std::allocator<std::pair<unsigned long long const, double> > >::_M_erase(std::_Rb_tree_node<std::pair<unsigned long long const, double> >*)
  0.31     14.18     0.05  1158016     0.00     0.00  bool arma::auxlib::solve_square_fast<arma::Mat<double> >(arma::Mat<arma::Mat<double>::elem_type>&, arma::Mat<arma::Mat<double>::elem_type>&, arma::Base<arma::Mat<double>::elem_type, arma::Mat<double> > const&)
  0.24     14.22     0.04 24155491     0.00     0.00  frame_dummy
  0.21     14.25     0.03       16     0.00     0.00  void arma::subview<double>::inplace_op<arma::op_internal_equ, arma::eGlue<arma::subview<double>, arma::Mat<double>, arma::eglue_plus> >(arma::Base<double, arma::eGlue<arma::subview<double>, arma::Mat<double>, arma::eglue_plus> > const&, char const*)
  0.14     14.27     0.02     9048     0.00     0.00  bool arma::glue_solve_gen::apply<double, arma::Mat<double>, arma::Mat<double> >(arma::Mat<double>&, arma::Base<double, arma::Mat<double> > const&, arma::Base<double, arma::Mat<double> > const&, unsigned long long)
  0.14     14.29     0.02        5     0.00     0.00  arma::SpMat<double>::steal_mem(arma::SpMat<double>&)
  0.14     14.31     0.02        5     0.00     0.00  arma::SpMat<double>::SpMat<arma::Mat<double> >(arma::Base<double, arma::Mat<double> > const&)
  0.10     14.32     0.02  4595881     0.00     0.00  arma::SpMat<double>::~SpMat()
  0.07     14.33     0.01     1418     0.00     0.00  BDF::get_next_dt()
  0.07     14.34     0.01                             Line::SEM_getBaseFunctions()
  0.07     14.35     0.01                             void arma::band_helper::extract_tridiag<double>(arma::Mat<double>&, arma::Mat<double> const&)
  0.07     14.36     0.01                             arma::Mat<double>::operator=(arma::subview<double> const&)
  0.03     14.37     0.01                             BDF::~BDF()
  0.03     14.37     0.01                             bool arma::auxlib::solve_square_refine<arma::Mat<double> >(arma::Mat<arma::Mat<double>::pod_type>&, arma::Mat<double>::pod_type&, arma::Mat<arma::Mat<double>::pod_type>&, arma::Base<arma::Mat<double>::pod_type, arma::Mat<double> > const&, bool)
  0.00     14.37     0.00 48256857     0.00     0.00  void arma::arrayops::copy_small<double>(double*, double const*, unsigned long long)
  0.00     14.37     0.00 24128349     0.00     0.00  void arma::glue_times::apply<double, false, true, false, false, arma::Mat<double>, arma::Row<double>, arma::Row<double> >(arma::Mat<double>&, arma::Mat<double> const&, arma::Row<double> const&, arma::Row<double> const&, double)
  0.00     14.37     0.00  9191752     0.00     0.00  void arma::op_strans::apply_mat_noalias<double, arma::Mat<double> >(arma::Mat<double>&, arma::Mat<double> const&)
  0.00     14.37     0.00  4595876     0.00     0.00  arma::MapMat<double>::init_cold()
  0.00     14.37     0.00  3446910     0.00     0.00  void arma::op_strans::apply_proxy<arma::eGlue<arma::subview_row<double>, arma::eOp<arma::eOp<arma::eGlue<arma::subview_row<double>, arma::subview_row<double>, arma::eglue_minus>, arma::eop_scalar_times>, arma::eop_scalar_div_post>, arma::eglue_plus> >(arma::Mat<arma::eGlue<arma::subview_row<double>, arma::eOp<arma::eOp<arma::eGlue<arma::subview_row<double>, arma::subview_row<double>, arma::eglue_minus>, arma::eop_scalar_times>, arma::eop_scalar_div_post>, arma::eglue_plus>::elem_type>&, arma::eGlue<arma::subview_row<double>, arma::eOp<arma::eOp<arma::eGlue<arma::subview_row<double>, arma::subview_row<double>, arma::eglue_minus>, arma::eop_scalar_times>, arma::eop_scalar_div_post>, arma::eglue_plus> const&)
  0.00     14.37     0.00  3446907     0.00     0.00  void arma::eop_core<arma::eop_scalar_times>::apply<arma::Mat<double>, arma::Mat<double> >(arma::Mat<double>&, arma::eOp<arma::Mat<double>, arma::eop_scalar_times> const&)
  0.00     14.37     0.00  2297941     0.00     0.00  void arma::arrayops::inplace_set_small<double>(double*, double, unsigned long long)
  0.00     14.37     0.00  2297938     0.00     0.00  void arma::op_strans::apply_proxy<arma::subview_row<double> >(arma::Mat<arma::subview_row<double>::elem_type>&, arma::subview_row<double> const&)
  0.00     14.37     0.00  1148970     0.00     0.00  _GLOBAL__sub_I__ZN3BDF4stepEv
  0.00     14.37     0.00  1148969     0.00     0.00  void arma::eglue_core<arma::eglue_plus>::apply<arma::Mat<double>, arma::eGlue<arma::eGlue<arma::subview_col<double>, arma::subview_col<double>, arma::eglue_schur>, arma::eGlue<arma::subview_col<double>, arma::subview_col<double>, arma::eglue_schur>, arma::eglue_plus>, arma::eGlue<arma::subview_col<double>, arma::subview_col<double>, arma::eglue_schur> >(arma::Mat<double>&, arma::eGlue<arma::eGlue<arma::eGlue<arma::subview_col<double>, arma::subview_col<double>, arma::eglue_schur>, arma::eGlue<arma::subview_col<double>, arma::subview_col<double>, arma::eglue_schur>, arma::eglue_plus>, arma::eGlue<arma::subview_col<double>, arma::subview_col<double>, arma::eglue_schur>, arma::eglue_plus> const&)
  0.00     14.37     0.00  1148969     0.00     0.00  void arma::eglue_core<arma::eglue_minus>::apply<arma::Mat<double>, arma::eOp<arma::Mat<double>, arma::eop_scalar_times>, arma::Mat<double> >(arma::Mat<double>&, arma::eGlue<arma::eOp<arma::Mat<double>, arma::eop_scalar_times>, arma::Mat<double>, arma::eglue_minus> const&)
  0.00     14.37     0.00  1148969     0.00     0.00  void arma::eop_core<arma::eop_scalar_times>::apply<arma::Mat<double>, arma::eGlue<arma::eOp<arma::Mat<double>, arma::eop_scalar_minus_post>, arma::eOp<arma::Mat<double>, arma::eop_scalar_times>, arma::eglue_plus> >(arma::Mat<double>&, arma::eOp<arma::eGlue<arma::eOp<arma::Mat<double>, arma::eop_scalar_minus_post>, arma::eOp<arma::Mat<double>, arma::eop_scalar_times>, arma::eglue_plus>, arma::eop_scalar_times> const&)
  0.00     14.37     0.00  1148969     0.00     0.00  void arma::eop_core<arma::eop_scalar_times>::apply<arma::Mat<double>, arma::eGlue<arma::Mat<double>, arma::eOp<arma::Mat<double>, arma::eop_abs>, arma::eglue_plus> >(arma::Mat<double>&, arma::eOp<arma::eGlue<arma::Mat<double>, arma::eOp<arma::Mat<double>, arma::eop_abs>, arma::eglue_plus>, arma::eop_scalar_times> const&)
  0.00     14.37     0.00  1148969     0.00     0.00  void arma::eop_core<arma::eop_sqrt>::apply<arma::Mat<double>, arma::eGlue<arma::eGlue<arma::eOp<arma::subview<double>, arma::eop_pow>, arma::eOp<arma::subview<double>, arma::eop_pow>, arma::eglue_plus>, arma::eOp<arma::subview<double>, arma::eop_pow>, arma::eglue_plus> >(arma::Mat<double>&, arma::eOp<arma::eGlue<arma::eGlue<arma::eOp<arma::subview<double>, arma::eop_pow>, arma::eOp<arma::subview<double>, arma::eop_pow>, arma::eglue_plus>, arma::eOp<arma::subview<double>, arma::eop_pow>, arma::eglue_plus>, arma::eop_sqrt> const&)
  0.00     14.37     0.00  1148969     0.00     0.00  AnchorBCP::getValues(double)
  0.00     14.37     0.00     9048     0.00     0.00  arma::Mat<double>::steal_mem(arma::Mat<double>&)
  0.00     14.37     0.00      906     0.00     0.00  Line::SEM_poly_first_derivative(double, int)
  0.00     14.37     0.00      864     0.00     0.00  Line::SEM_poly(double, int)
  0.00     14.37     0.00       10     0.00     0.00  Line::qs_Functions(double&, double&, double&, double&, double&, double&)
  0.00     14.37     0.00        3     0.00     0.00  arma::Mat<double>& arma::Mat<double>::operator=<arma::Mat<double>, arma::eop_scalar_times>(arma::eOp<arma::Mat<double>, arma::eop_scalar_times> const&)
  0.00     14.37     0.00        2     0.00     0.00  lobatto_set(int, double*, double*)
  0.00     14.37     0.00        2     0.00     0.00  Line::qs_Solution()
  0.00     14.37     0.00        2     0.00     0.00  Line::qs_GetTen()
  0.00     14.37     0.00        2     0.00     0.00  arma::Mat<double>::Mat<arma::subview<double>, arma::subview<double>, arma::eglue_minus>(arma::eGlue<arma::subview<double>, arma::subview<double>, arma::eglue_minus> const&)
  0.00     14.37     0.00        2     0.00     0.00  void arma::op_strans::apply_mat_inplace<double>(arma::Mat<double>&)
  0.00     14.37     0.00        1     0.00     0.00  _GLOBAL__sub_I_PI
  0.00     14.37     0.00        1     0.00     0.00  _GLOBAL__sub_I__Z5cdgqfiiddPdS_
  0.00     14.37     0.00        1     0.00     0.00  _GLOBAL__sub_I__ZN3BCP14leer_datosBCPsEv
  0.00     14.37     0.00        1     0.00     0.00  _GLOBAL__sub_I__ZN4Line12qs_FunctionsERdS0_S0_S0_S0_S0_
  0.00     14.37     0.00        1     0.00     0.00  _GLOBAL__sub_I__ZN4Line15leer_datosLinesEv
  0.00     14.37     0.00        1     0.00     0.00  Line::SEM_get_D_local()
  0.00     14.37     0.00        1     0.00     0.00  Line::SEM_coefficients()
  0.00     14.37     0.00        1     0.00     0.00  bool arma::auxlib::solve_approx_svd<arma::Mat<double> >(arma::Mat<arma::Mat<double>::pod_type>&, arma::Mat<arma::Mat<double>::pod_type>&, arma::Base<arma::Mat<double>::pod_type, arma::Mat<double> > const&)
  0.00     14.37     0.00        1     0.00     0.00  void arma::subview<double>::inplace_op<arma::op_internal_equ, arma::Mat<double> >(arma::Base<double, arma::Mat<double> > const&, char const*)

 %         the percentage of the total running time of the
time       program used by this function.

cumulative a running sum of the number of seconds accounted
 seconds   for by this function and those listed above it.

 self      the number of seconds accounted for by this
seconds    function alone.  This is the major sort for this
           listing.

calls      the number of times this function was invoked, if
           this function is profiled, else blank.

 self      the average number of milliseconds spent in this
ms/call    function per call, if this function is profiled,
	   else blank.

 total     the average number of milliseconds spent in this
ms/call    function and its descendents per call, if this
	   function is profiled, else blank.

name       the name of the function.  This is the minor sort
           for this listing. The index shows the location of
	   the function in the gprof listing. If the index is
	   in parenthesis it shows where it would appear in
	   the gprof listing if it were to be printed.

Copyright (C) 2012-2016 Free Software Foundation, Inc.

Copying and distribution of this file, with or without modification,
are permitted in any medium without royalty provided the copyright
notice and this notice are preserved.

		     Call graph (explanation follows)


granularity: each sample hit covers 2 byte(s) for 0.07% of 14.37 seconds

index % time    self  children    called     name
                                   1             BDF::get_next_dt() <cycle 1> [30]
[1]     98.3    0.15   13.98       1         BDF::step() <cycle 1> [1]
                0.38   13.58    9047/9047        jac(double, arma::Mat<double>, arma::Mat<double>&, arma::Mat<double>&, solver_data) [3]
                0.02    0.00    9047/9048        bool arma::glue_solve_gen::apply<double, arma::Mat<double>, arma::Mat<double> >(arma::Mat<double>&, arma::Base<double, arma::Mat<double> > const&, arma::Base<double, arma::Mat<double> > const&, unsigned long long) [27]
                0.00    0.00    1418/110320573     arma::Mat<double>::init_warm(unsigned long long, unsigned long long) [10]
                                1418             BDF::get_next_dt() <cycle 1> [30]
-----------------------------------------------
                0.38   13.58    9047/9047        BDF::step() <cycle 1> [1]
[3]     97.1    0.38   13.58    9047         jac(double, arma::Mat<double>, arma::Mat<double>&, arma::Mat<double>&, solver_data) [3]
                1.30   12.28 1148969/1148969     fun(double, arma::Mat<double>, solver_data) [4]
                0.00    0.00   27141/50590847     arma::Mat<double>::init_cold() [16]
                0.00    0.00    9047/9048        arma::Mat<double>::steal_mem(arma::Mat<double>&) [35]
                0.00    0.00   27141/24155491     frame_dummy [24]
-----------------------------------------------
                1.30   12.28 1148969/1148969     jac(double, arma::Mat<double>, arma::Mat<double>&, arma::Mat<double>&, solver_data) [3]
[4]     94.5    1.30   12.28 1148969         fun(double, arma::Mat<double>, solver_data) [4]
                2.91    8.63 1148969/1148969     Line::SEM_computeF() [5]
                0.48    0.03 24128349/24128349     void arma::subview<double>::inplace_op<arma::op_internal_equ, arma::Op<arma::subview<double>, arma::op_htrans> >(arma::Base<double, arma::Op<arma::subview<double>, arma::op_htrans> > const&, char const*) [12]
                0.17    0.06 1148969/1148969     bool arma::glue_solve_gen::apply<double, arma::eOp<arma::Mat<double>, arma::eop_scalar_times>, arma::Mat<double> >(arma::Mat<double>&, arma::Base<double, arma::eOp<arma::Mat<double>, arma::eop_scalar_times> > const&, arma::Base<double, arma::Mat<double> > const&, unsigned long long) [14]
                0.00    0.00 1148969/50590847     arma::Mat<double>::init_cold() [16]
                0.00    0.00 1148969/63202365     FairleadBCP::getValues(double) [17]
                0.00    0.00 24128349/48256857     void arma::arrayops::copy_small<double>(double*, double const*, unsigned long long) [52]
                0.00    0.00 1148969/1148969     AnchorBCP::getValues(double) [66]
                0.00    0.00 1148969/1148970     _GLOBAL__sub_I__ZN3BDF4stepEv [60]
-----------------------------------------------
                2.91    8.63 1148969/1148969     fun(double, arma::Mat<double>, solver_data) [4]
[5]     80.3    2.91    8.63 1148969         Line::SEM_computeF() [5]
                0.18    6.16 4595876/4595876     void arma::spglue_times_misc::sparse_times_dense<arma::SpMat<double>, arma::Mat<double> >(arma::Mat<arma::SpMat<double>::elem_type>&, arma::SpMat<double> const&, arma::Mat<double> const&) [6]
                0.83    0.00 48256698/48256700     arma::enable_if2<arma::is_arma_type<arma::Mat<double> >::value, arma::Mat<double>::pod_type>::result arma::norm<arma::Mat<double> >(arma::Mat<double> const&, unsigned long long, arma::arma_real_or_cx_only<arma::Mat<double>::elem_type>::result const*) [9]
                0.57    0.04 104556179/110320573     arma::Mat<double>::init_warm(unsigned long long, unsigned long long) [10]
                0.57    0.00 72385047/72385047     arma::subview<double>::extract(arma::Mat<double>&, arma::subview<double> const&) [11]
                0.15    0.01 48256698/50590847     arma::Mat<double>::init_cold() [16]
                0.12    0.00 52852574/63202365     FairleadBCP::getValues(double) [17]
                0.00    0.00 24128349/24128349     void arma::glue_times::apply<double, false, true, false, false, arma::Mat<double>, arma::Row<double>, arma::Row<double> >(arma::Mat<double>&, arma::Mat<double> const&, arma::Row<double> const&, arma::Row<double> const&, double) [53]
                0.00    0.00 2297938/3446907     void arma::eop_core<arma::eop_scalar_times>::apply<arma::Mat<double>, arma::Mat<double> >(arma::Mat<double>&, arma::eOp<arma::Mat<double>, arma::eop_scalar_times> const&) [57]
                0.00    0.00 2297938/2297938     void arma::op_strans::apply_proxy<arma::subview_row<double> >(arma::Mat<arma::subview_row<double>::elem_type>&, arma::subview_row<double> const&) [59]
                0.00    0.00 1148969/1148969     void arma::eop_core<arma::eop_sqrt>::apply<arma::Mat<double>, arma::eGlue<arma::eGlue<arma::eOp<arma::subview<double>, arma::eop_pow>, arma::eOp<arma::subview<double>, arma::eop_pow>, arma::eglue_plus>, arma::eOp<arma::subview<double>, arma::eop_pow>, arma::eglue_plus> >(arma::Mat<double>&, arma::eOp<arma::eGlue<arma::eGlue<arma::eOp<arma::subview<double>, arma::eop_pow>, arma::eOp<arma::subview<double>, arma::eop_pow>, arma::eglue_plus>, arma::eOp<arma::subview<double>, arma::eop_pow>, arma::eglue_plus>, arma::eop_sqrt> const&) [65]
                0.00    0.00 1148969/1148969     void arma::eglue_core<arma::eglue_plus>::apply<arma::Mat<double>, arma::eGlue<arma::eGlue<arma::subview_col<double>, arma::subview_col<double>, arma::eglue_schur>, arma::eGlue<arma::subview_col<double>, arma::subview_col<double>, arma::eglue_schur>, arma::eglue_plus>, arma::eGlue<arma::subview_col<double>, arma::subview_col<double>, arma::eglue_schur> >(arma::Mat<double>&, arma::eGlue<arma::eGlue<arma::eGlue<arma::subview_col<double>, arma::subview_col<double>, arma::eglue_schur>, arma::eGlue<arma::subview_col<double>, arma::subview_col<double>, arma::eglue_schur>, arma::eglue_plus>, arma::eGlue<arma::subview_col<double>, arma::subview_col<double>, arma::eglue_schur>, arma::eglue_plus> const&) [61]
                0.00    0.00 1148969/1148969     void arma::eop_core<arma::eop_scalar_times>::apply<arma::Mat<double>, arma::eGlue<arma::eOp<arma::Mat<double>, arma::eop_scalar_minus_post>, arma::eOp<arma::Mat<double>, arma::eop_scalar_times>, arma::eglue_plus> >(arma::Mat<double>&, arma::eOp<arma::eGlue<arma::eOp<arma::Mat<double>, arma::eop_scalar_minus_post>, arma::eOp<arma::Mat<double>, arma::eop_scalar_times>, arma::eglue_plus>, arma::eop_scalar_times> const&) [63]
                0.00    0.00 1148969/1148969     void arma::eop_core<arma::eop_scalar_times>::apply<arma::Mat<double>, arma::eGlue<arma::Mat<double>, arma::eOp<arma::Mat<double>, arma::eop_abs>, arma::eglue_plus> >(arma::Mat<double>&, arma::eOp<arma::eGlue<arma::Mat<double>, arma::eOp<arma::Mat<double>, arma::eop_abs>, arma::eglue_plus>, arma::eop_scalar_times> const&) [64]
                0.00    0.00 1148969/1148969     void arma::eglue_core<arma::eglue_minus>::apply<arma::Mat<double>, arma::eOp<arma::Mat<double>, arma::eop_scalar_times>, arma::Mat<double> >(arma::Mat<double>&, arma::eGlue<arma::eOp<arma::Mat<double>, arma::eop_scalar_times>, arma::Mat<double>, arma::eglue_minus> const&) [62]
-----------------------------------------------
                0.18    6.16 4595876/4595876     Line::SEM_computeF() [5]
[6]     44.1    0.18    6.16 4595876         void arma::spglue_times_misc::sparse_times_dense<arma::SpMat<double>, arma::Mat<double> >(arma::Mat<arma::SpMat<double>::elem_type>&, arma::SpMat<double> const&, arma::Mat<double> const&) [6]
                3.36    0.07 4595876/4595876     void arma::spglue_times_misc::dense_times_sparse<arma::Mat<double>, arma::SpMat<double> >(arma::Mat<arma::Mat<double>::elem_type>&, arma::Mat<double> const&, arma::SpMat<double> const&) [7]
                2.17    0.46 4595876/4595876     void arma::spop_strans::apply_noalias<double>(arma::SpMat<double>&, arma::SpMat<double> const&) [8]
                0.04    0.00 13787628/27575261     arma::SpMat<double>::sync_csc() const [20]
                0.02    0.02 4595876/4595881     arma::SpMat<double>::~SpMat() [25]
                0.02    0.00 9191752/63202365     FairleadBCP::getValues(double) [17]
                0.01    0.00 4595876/22979410     std::_Rb_tree<unsigned long long, std::pair<unsigned long long const, double>, std::_Select1st<std::pair<unsigned long long const, double> >, std::less<unsigned long long>, std::allocator<std::pair<unsigned long long const, double> > >::_M_erase(std::_Rb_tree_node<std::pair<unsigned long long const, double> >*) [23]
                0.00    0.00 9191752/9191752     void arma::op_strans::apply_mat_noalias<double, arma::Mat<double> >(arma::Mat<double>&, arma::Mat<double> const&) [54]
                0.00    0.00 4595876/4595876     arma::MapMat<double>::init_cold() [55]
-----------------------------------------------
                3.36    0.07 4595876/4595876     void arma::spglue_times_misc::sparse_times_dense<arma::SpMat<double>, arma::Mat<double> >(arma::Mat<arma::SpMat<double>::elem_type>&, arma::SpMat<double> const&, arma::Mat<double> const&) [6]
[7]     23.8    3.36    0.07 4595876         void arma::spglue_times_misc::dense_times_sparse<arma::Mat<double>, arma::SpMat<double> >(arma::Mat<arma::Mat<double>::elem_type>&, arma::Mat<double> const&, arma::SpMat<double> const&) [7]
                0.04    0.00 13787628/27575261     arma::SpMat<double>::sync_csc() const [20]
                0.03    0.00 4595876/110320573     arma::Mat<double>::init_warm(unsigned long long, unsigned long long) [10]
-----------------------------------------------
                2.17    0.46 4595876/4595876     void arma::spglue_times_misc::sparse_times_dense<arma::SpMat<double>, arma::Mat<double> >(arma::Mat<arma::SpMat<double>::elem_type>&, arma::SpMat<double> const&, arma::Mat<double> const&) [6]
[8]     18.3    2.17    0.46 4595876         void arma::spop_strans::apply_noalias<double>(arma::SpMat<double>&, arma::SpMat<double> const&) [8]
                0.23    0.03 4595876/4595881     arma::SpMat<double>::mem_resize(unsigned long long) [13]
                0.19    0.01 4595876/4595881     arma::SpMat<double>::init(unsigned long long, unsigned long long) [15]
-----------------------------------------------
                0.00    0.00       2/48256700     Line::initLine() [38]
                0.83    0.00 48256698/48256700     Line::SEM_computeF() [5]
[9]      5.8    0.83    0.00 48256700         arma::enable_if2<arma::is_arma_type<arma::Mat<double> >::value, arma::Mat<double>::pod_type>::result arma::norm<arma::Mat<double> >(arma::Mat<double> const&, unsigned long long, arma::arma_real_or_cx_only<arma::Mat<double>::elem_type>::result const*) [9]
-----------------------------------------------
                0.00    0.00       1/110320573     Line::SEM_getBaseFunctions() [19]
                0.00    0.00       1/110320573     BDF::get_next_dt() <cycle 1> [30]
                0.00    0.00       2/110320573     arma::Mat<double>::operator=(arma::Mat<double> const&) [42]
                0.00    0.00       3/110320573     arma::Mat<double>& arma::Mat<double>::operator=<arma::Mat<double>, arma::eop_scalar_times>(arma::eOp<arma::Mat<double>, arma::eop_scalar_times> const&) [40]
                0.00    0.00       4/110320573     Line::SEM_poly_first_derivative(double, int) [39]
                0.00    0.00       7/110320573     Line::SEM_coefficients() [36]
                0.00    0.00      16/110320573     Line::leer_datosLines() [37]
                0.00    0.00    1418/110320573     BDF::step() <cycle 1> [1]
                0.00    0.00    9050/110320573     arma::Mat<double>::steal_mem(arma::Mat<double>&) [35]
                0.01    0.00 1158016/110320573     bool arma::auxlib::solve_square_fast<arma::Mat<double> >(arma::Mat<arma::Mat<double>::elem_type>&, arma::Mat<arma::Mat<double>::elem_type>&, arma::Base<arma::Mat<double>::elem_type, arma::Mat<double> > const&) [22]
                0.03    0.00 4595876/110320573     void arma::spglue_times_misc::dense_times_sparse<arma::Mat<double>, arma::SpMat<double> >(arma::Mat<arma::Mat<double>::elem_type>&, arma::Mat<double> const&, arma::SpMat<double> const&) [7]
                0.57    0.04 104556179/110320573     Line::SEM_computeF() [5]
[10]     4.5    0.61    0.05 110320573         arma::Mat<double>::init_warm(unsigned long long, unsigned long long) [10]
                0.05    0.00 13787661/20717700     double* arma::memory::acquire<double>(unsigned long long) [21]
-----------------------------------------------
                0.57    0.00 72385047/72385047     Line::SEM_computeF() [5]
[11]     4.0    0.57    0.00 72385047         arma::subview<double>::extract(arma::Mat<double>&, arma::subview<double> const&) [11]
-----------------------------------------------
                0.48    0.03 24128349/24128349     fun(double, arma::Mat<double>, solver_data) [4]
[12]     3.6    0.48    0.03 24128349         void arma::subview<double>::inplace_op<arma::op_internal_equ, arma::Op<arma::subview<double>, arma::op_htrans> >(arma::Base<double, arma::Op<arma::subview<double>, arma::op_htrans> > const&, char const*) [12]
                0.03    0.00 24128349/24155491     frame_dummy [24]
                0.00    0.00 24128349/48256857     void arma::arrayops::copy_small<double>(double*, double const*, unsigned long long) [52]
-----------------------------------------------
                0.00    0.00       5/4595881     arma::SpMat<double>::SpMat<arma::Mat<double> >(arma::Base<double, arma::Mat<double> > const&) [28]
                0.23    0.03 4595876/4595881     void arma::spop_strans::apply_noalias<double>(arma::SpMat<double>&, arma::SpMat<double> const&) [8]
[13]     1.8    0.23    0.03 4595881         arma::SpMat<double>::mem_resize(unsigned long long) [13]
                0.02    0.00 4595881/20717700     double* arma::memory::acquire<double>(unsigned long long) [21]
                0.01    0.00 4595881/22979410     std::_Rb_tree<unsigned long long, std::pair<unsigned long long const, double>, std::_Select1st<std::pair<unsigned long long const, double> >, std::less<unsigned long long>, std::allocator<std::pair<unsigned long long const, double> > >::_M_erase(std::_Rb_tree_node<std::pair<unsigned long long const, double> >*) [23]
-----------------------------------------------
                0.17    0.06 1148969/1148969     fun(double, arma::Mat<double>, solver_data) [4]
[14]     1.5    0.17    0.06 1148969         bool arma::glue_solve_gen::apply<double, arma::eOp<arma::Mat<double>, arma::eop_scalar_times>, arma::Mat<double> >(arma::Mat<double>&, arma::Base<double, arma::eOp<arma::Mat<double>, arma::eop_scalar_times> > const&, arma::Base<double, arma::Mat<double> > const&, unsigned long long) [14]
                0.04    0.01 1148969/1158016     bool arma::auxlib::solve_square_fast<arma::Mat<double> >(arma::Mat<arma::Mat<double>::elem_type>&, arma::Mat<arma::Mat<double>::elem_type>&, arma::Base<arma::Mat<double>::elem_type, arma::Mat<double> > const&) [22]
                0.00    0.00 1148969/50590847     arma::Mat<double>::init_cold() [16]
                0.00    0.00 1148969/3446907     void arma::eop_core<arma::eop_scalar_times>::apply<arma::Mat<double>, arma::Mat<double> >(arma::Mat<double>&, arma::eOp<arma::Mat<double>, arma::eop_scalar_times> const&) [57]
-----------------------------------------------
                0.00    0.00       5/4595881     arma::SpMat<double>::SpMat<arma::Mat<double> >(arma::Base<double, arma::Mat<double> > const&) [28]
                0.19    0.01 4595876/4595881     void arma::spop_strans::apply_noalias<double>(arma::SpMat<double>&, arma::SpMat<double> const&) [8]
[15]     1.4    0.19    0.01 4595881         arma::SpMat<double>::init(unsigned long long, unsigned long long) [15]
                0.01    0.00 4595881/22979410     std::_Rb_tree<unsigned long long, std::pair<unsigned long long const, double>, std::_Select1st<std::pair<unsigned long long const, double> >, std::less<unsigned long long>, std::allocator<std::pair<unsigned long long const, double> > >::_M_erase(std::_Rb_tree_node<std::pair<unsigned long long const, double> >*) [23]
-----------------------------------------------
                0.00    0.00       1/50590847     bool arma::auxlib::solve_approx_svd<arma::Mat<double> >(arma::Mat<arma::Mat<double>::pod_type>&, arma::Mat<arma::Mat<double>::pod_type>&, arma::Base<arma::Mat<double>::pod_type, arma::Mat<double> > const&) [41]
                0.00    0.00       1/50590847     Line::SEM_get_D_local() [45]
                0.00    0.00       1/50590847     Line::SEM_coefficients() [36]
                0.00    0.00       3/50590847     Line::SEM_getBaseFunctions() [19]
                0.00    0.00      16/50590847     void arma::subview<double>::inplace_op<arma::op_internal_equ, arma::eGlue<arma::subview<double>, arma::Mat<double>, arma::eglue_plus> >(arma::Base<double, arma::eGlue<arma::subview<double>, arma::Mat<double>, arma::eglue_plus> > const&, char const*) [26]
                0.00    0.00    9048/50590847     bool arma::glue_solve_gen::apply<double, arma::Mat<double>, arma::Mat<double> >(arma::Mat<double>&, arma::Base<double, arma::Mat<double> > const&, arma::Base<double, arma::Mat<double> > const&, unsigned long long) [27]
                0.00    0.00   27141/50590847     jac(double, arma::Mat<double>, arma::Mat<double>&, arma::Mat<double>&, solver_data) [3]
                0.00    0.00 1148969/50590847     fun(double, arma::Mat<double>, solver_data) [4]
                0.00    0.00 1148969/50590847     bool arma::glue_solve_gen::apply<double, arma::eOp<arma::Mat<double>, arma::eop_scalar_times>, arma::Mat<double> >(arma::Mat<double>&, arma::Base<double, arma::eOp<arma::Mat<double>, arma::eop_scalar_times> > const&, arma::Base<double, arma::Mat<double> > const&, unsigned long long) [14]
                0.15    0.01 48256698/50590847     Line::SEM_computeF() [5]
[16]     1.2    0.16    0.01 50590847         arma::Mat<double>::init_cold() [16]
                0.01    0.00 2334149/20717700     double* arma::memory::acquire<double>(unsigned long long) [21]
-----------------------------------------------
                0.00    0.00       2/63202365     Line::initLine() [38]
                0.00    0.00       4/63202365     Line::SEM_getBaseFunctions() [19]
                0.00    0.00      16/63202365     void arma::subview<double>::inplace_op<arma::op_internal_equ, arma::eGlue<arma::subview<double>, arma::Mat<double>, arma::eglue_plus> >(arma::Base<double, arma::eGlue<arma::subview<double>, arma::Mat<double>, arma::eglue_plus> > const&, char const*) [26]
                0.00    0.00    9048/63202365     bool arma::glue_solve_gen::apply<double, arma::Mat<double>, arma::Mat<double> >(arma::Mat<double>&, arma::Base<double, arma::Mat<double> > const&, arma::Base<double, arma::Mat<double> > const&, unsigned long long) [27]
                0.00    0.00 1148969/63202365     fun(double, arma::Mat<double>, solver_data) [4]
                0.02    0.00 9191752/63202365     void arma::spglue_times_misc::sparse_times_dense<arma::SpMat<double>, arma::Mat<double> >(arma::Mat<arma::SpMat<double>::elem_type>&, arma::SpMat<double> const&, arma::Mat<double> const&) [6]
                0.12    0.00 52852574/63202365     Line::SEM_computeF() [5]
[17]     1.0    0.14    0.00 63202365         FairleadBCP::getValues(double) [17]
                0.00    0.00 3446910/3446910     void arma::op_strans::apply_proxy<arma::eGlue<arma::subview_row<double>, arma::eOp<arma::eOp<arma::eGlue<arma::subview_row<double>, arma::subview_row<double>, arma::eglue_minus>, arma::eop_scalar_times>, arma::eop_scalar_div_post>, arma::eglue_plus> >(arma::Mat<arma::eGlue<arma::subview_row<double>, arma::eOp<arma::eOp<arma::eGlue<arma::subview_row<double>, arma::subview_row<double>, arma::eglue_minus>, arma::eop_scalar_times>, arma::eop_scalar_div_post>, arma::eglue_plus>::elem_type>&, arma::eGlue<arma::subview_row<double>, arma::eOp<arma::eOp<arma::eGlue<arma::subview_row<double>, arma::subview_row<double>, arma::eglue_minus>, arma::eop_scalar_times>, arma::eop_scalar_div_post>, arma::eglue_plus> const&) [56]
-----------------------------------------------
                                                 <spontaneous>
[18]     0.8    0.12    0.00                 void arma::gemv<true, false, false>::apply_blas_type<double, arma::Row<double> >(double*, arma::Row<double> const&, double const*, double, double) [18]
-----------------------------------------------
                                                 <spontaneous>
[19]     0.6    0.01    0.07                 Line::SEM_getBaseFunctions() [19]
                0.03    0.00      16/16          void arma::subview<double>::inplace_op<arma::op_internal_equ, arma::eGlue<arma::subview<double>, arma::Mat<double>, arma::eglue_plus> >(arma::Base<double, arma::eGlue<arma::subview<double>, arma::Mat<double>, arma::eglue_plus> > const&, char const*) [26]
                0.02    0.00       5/5           arma::SpMat<double>::SpMat<arma::Mat<double> >(arma::Base<double, arma::Mat<double> > const&) [28]
                0.02    0.00       5/5           arma::SpMat<double>::steal_mem(arma::SpMat<double>&) [29]
                0.00    0.00       1/1           Line::SEM_coefficients() [36]
                0.00    0.00       5/4595881     arma::SpMat<double>::~SpMat() [25]
                0.00    0.00     870/906         Line::SEM_poly_first_derivative(double, int) [39]
                0.00    0.00       3/20717700     double* arma::memory::acquire<double>(unsigned long long) [21]
                0.00    0.00       3/50590847     arma::Mat<double>::init_cold() [16]
                0.00    0.00       4/63202365     FairleadBCP::getValues(double) [17]
                0.00    0.00       1/3           arma::Mat<double>& arma::Mat<double>::operator=<arma::Mat<double>, arma::eop_scalar_times>(arma::eOp<arma::Mat<double>, arma::eop_scalar_times> const&) [40]
                0.00    0.00       1/110320573     arma::Mat<double>::init_warm(unsigned long long, unsigned long long) [10]
                0.00    0.00       1/1           Line::SEM_get_D_local() [45]
                0.00    0.00     864/864         Line::SEM_poly(double, int) [67]
                0.00    0.00       1/2           void arma::op_strans::apply_mat_inplace<double>(arma::Mat<double>&) [73]
                0.00    0.00       1/2           lobatto_set(int, double*, double*) [69]
-----------------------------------------------
                0.00    0.00       5/27575261     arma::SpMat<double>::steal_mem(arma::SpMat<double>&) [29]
                0.04    0.00 13787628/27575261     void arma::spglue_times_misc::dense_times_sparse<arma::Mat<double>, arma::SpMat<double> >(arma::Mat<arma::Mat<double>::elem_type>&, arma::Mat<double> const&, arma::SpMat<double> const&) [7]
                0.04    0.00 13787628/27575261     void arma::spglue_times_misc::sparse_times_dense<arma::SpMat<double>, arma::Mat<double> >(arma::Mat<arma::SpMat<double>::elem_type>&, arma::SpMat<double> const&, arma::Mat<double> const&) [6]
[20]     0.6    0.08    0.00 27575261         arma::SpMat<double>::sync_csc() const [20]
-----------------------------------------------
                0.00    0.00       1/20717700     bool arma::auxlib::solve_approx_svd<arma::Mat<double> >(arma::Mat<arma::Mat<double>::pod_type>&, arma::Mat<arma::Mat<double>::pod_type>&, arma::Base<arma::Mat<double>::pod_type, arma::Mat<double> > const&) [41]
                0.00    0.00       1/20717700     Line::SEM_coefficients() [36]
                0.00    0.00       2/20717700     arma::Mat<double>::Mat(arma::Mat<double> const&) [43]
                0.00    0.00       2/20717700     arma::Mat<double>::Mat<arma::Mat<double>, arma::gen_zeros>(arma::Gen<arma::Mat<double>, arma::gen_zeros> const&) [44]
                0.00    0.00       3/20717700     Line::SEM_getBaseFunctions() [19]
                0.01    0.00 2334149/20717700     arma::Mat<double>::init_cold() [16]
                0.02    0.00 4595881/20717700     arma::SpMat<double>::mem_resize(unsigned long long) [13]
                0.05    0.00 13787661/20717700     arma::Mat<double>::init_warm(unsigned long long, unsigned long long) [10]
[21]     0.5    0.07    0.00 20717700         double* arma::memory::acquire<double>(unsigned long long) [21]
-----------------------------------------------
                0.00    0.00    9047/1158016     bool arma::glue_solve_gen::apply<double, arma::Mat<double>, arma::Mat<double> >(arma::Mat<double>&, arma::Base<double, arma::Mat<double> > const&, arma::Base<double, arma::Mat<double> > const&, unsigned long long) [27]
                0.04    0.01 1148969/1158016     bool arma::glue_solve_gen::apply<double, arma::eOp<arma::Mat<double>, arma::eop_scalar_times>, arma::Mat<double> >(arma::Mat<double>&, arma::Base<double, arma::eOp<arma::Mat<double>, arma::eop_scalar_times> > const&, arma::Base<double, arma::Mat<double> > const&, unsigned long long) [14]
[22]     0.4    0.05    0.01 1158016         bool arma::auxlib::solve_square_fast<arma::Mat<double> >(arma::Mat<arma::Mat<double>::elem_type>&, arma::Mat<arma::Mat<double>::elem_type>&, arma::Base<arma::Mat<double>::elem_type, arma::Mat<double> > const&) [22]
                0.01    0.00 1158016/110320573     arma::Mat<double>::init_warm(unsigned long long, unsigned long long) [10]
-----------------------------------------------
                0.00    0.00      10/22979410     arma::SpMat<double>::steal_mem(arma::SpMat<double>&) [29]
                0.01    0.00 4595876/22979410     void arma::spglue_times_misc::sparse_times_dense<arma::SpMat<double>, arma::Mat<double> >(arma::Mat<arma::SpMat<double>::elem_type>&, arma::SpMat<double> const&, arma::Mat<double> const&) [6]
                0.01    0.00 4595881/22979410     arma::SpMat<double>::mem_resize(unsigned long long) [13]
                0.01    0.00 4595881/22979410     arma::SpMat<double>::init(unsigned long long, unsigned long long) [15]
                0.02    0.00 9191762/22979410     arma::SpMat<double>::~SpMat() [25]
[23]     0.3    0.05    0.00 22979410         std::_Rb_tree<unsigned long long, std::pair<unsigned long long const, double>, std::_Select1st<std::pair<unsigned long long const, double> >, std::less<unsigned long long>, std::allocator<std::pair<unsigned long long const, double> > >::_M_erase(std::_Rb_tree_node<std::pair<unsigned long long const, double> >*) [23]
-----------------------------------------------
                0.00    0.00       1/24155491     bool arma::auxlib::solve_approx_svd<arma::Mat<double> >(arma::Mat<arma::Mat<double>::pod_type>&, arma::Mat<arma::Mat<double>::pod_type>&, arma::Base<arma::Mat<double>::pod_type, arma::Mat<double> > const&) [41]
                0.00    0.00   27141/24155491     jac(double, arma::Mat<double>, arma::Mat<double>&, arma::Mat<double>&, solver_data) [3]
                0.03    0.00 24128349/24155491     void arma::subview<double>::inplace_op<arma::op_internal_equ, arma::Op<arma::subview<double>, arma::op_htrans> >(arma::Base<double, arma::Op<arma::subview<double>, arma::op_htrans> > const&, char const*) [12]
[24]     0.2    0.04    0.00 24155491         frame_dummy [24]
-----------------------------------------------
                0.00    0.00       5/4595881     Line::SEM_getBaseFunctions() [19]
                0.02    0.02 4595876/4595881     void arma::spglue_times_misc::sparse_times_dense<arma::SpMat<double>, arma::Mat<double> >(arma::Mat<arma::SpMat<double>::elem_type>&, arma::SpMat<double> const&, arma::Mat<double> const&) [6]
[25]     0.2    0.02    0.02 4595881         arma::SpMat<double>::~SpMat() [25]
                0.02    0.00 9191762/22979410     std::_Rb_tree<unsigned long long, std::pair<unsigned long long const, double>, std::_Select1st<std::pair<unsigned long long const, double> >, std::less<unsigned long long>, std::allocator<std::pair<unsigned long long const, double> > >::_M_erase(std::_Rb_tree_node<std::pair<unsigned long long const, double> >*) [23]
-----------------------------------------------
                0.03    0.00      16/16          Line::SEM_getBaseFunctions() [19]
[26]     0.2    0.03    0.00      16         void arma::subview<double>::inplace_op<arma::op_internal_equ, arma::eGlue<arma::subview<double>, arma::Mat<double>, arma::eglue_plus> >(arma::Base<double, arma::eGlue<arma::subview<double>, arma::Mat<double>, arma::eglue_plus> > const&, char const*) [26]
                0.00    0.00      16/50590847     arma::Mat<double>::init_cold() [16]
                0.00    0.00      16/63202365     FairleadBCP::getValues(double) [17]
                0.00    0.00      96/48256857     void arma::arrayops::copy_small<double>(double*, double const*, unsigned long long) [52]
-----------------------------------------------
                0.00    0.00       1/9048        Line::SEM_coefficients() [36]
                0.02    0.00    9047/9048        BDF::step() <cycle 1> [1]
[27]     0.1    0.02    0.00    9048         bool arma::glue_solve_gen::apply<double, arma::Mat<double>, arma::Mat<double> >(arma::Mat<double>&, arma::Base<double, arma::Mat<double> > const&, arma::Base<double, arma::Mat<double> > const&, unsigned long long) [27]
                0.00    0.00    9047/1158016     bool arma::auxlib::solve_square_fast<arma::Mat<double> >(arma::Mat<arma::Mat<double>::elem_type>&, arma::Mat<arma::Mat<double>::elem_type>&, arma::Base<arma::Mat<double>::elem_type, arma::Mat<double> > const&) [22]
                0.00    0.00    9048/50590847     arma::Mat<double>::init_cold() [16]
                0.00    0.00    9048/63202365     FairleadBCP::getValues(double) [17]
                0.00    0.00       1/1           bool arma::auxlib::solve_approx_svd<arma::Mat<double> >(arma::Mat<arma::Mat<double>::pod_type>&, arma::Mat<arma::Mat<double>::pod_type>&, arma::Base<arma::Mat<double>::pod_type, arma::Mat<double> > const&) [41]
-----------------------------------------------
                0.02    0.00       5/5           Line::SEM_getBaseFunctions() [19]
[28]     0.1    0.02    0.00       5         arma::SpMat<double>::SpMat<arma::Mat<double> >(arma::Base<double, arma::Mat<double> > const&) [28]
                0.00    0.00       5/4595881     arma::SpMat<double>::mem_resize(unsigned long long) [13]
                0.00    0.00       5/4595881     arma::SpMat<double>::init(unsigned long long, unsigned long long) [15]
-----------------------------------------------
                0.02    0.00       5/5           Line::SEM_getBaseFunctions() [19]
[29]     0.1    0.02    0.00       5         arma::SpMat<double>::steal_mem(arma::SpMat<double>&) [29]
                0.00    0.00      10/22979410     std::_Rb_tree<unsigned long long, std::pair<unsigned long long const, double>, std::_Select1st<std::pair<unsigned long long const, double> >, std::less<unsigned long long>, std::allocator<std::pair<unsigned long long const, double> > >::_M_erase(std::_Rb_tree_node<std::pair<unsigned long long const, double> >*) [23]
                0.00    0.00       5/27575261     arma::SpMat<double>::sync_csc() const [20]
-----------------------------------------------
                                1418             BDF::step() <cycle 1> [1]
[30]     0.1    0.01    0.00    1418         BDF::get_next_dt() <cycle 1> [30]
                0.00    0.00       1/110320573     arma::Mat<double>::init_warm(unsigned long long, unsigned long long) [10]
                                   1             BDF::step() <cycle 1> [1]
-----------------------------------------------
                                                 <spontaneous>
[31]     0.1    0.01    0.00                 void arma::band_helper::extract_tridiag<double>(arma::Mat<double>&, arma::Mat<double> const&) [31]
-----------------------------------------------
                                                 <spontaneous>
[32]     0.1    0.01    0.00                 arma::Mat<double>::operator=(arma::subview<double> const&) [32]
-----------------------------------------------
                                                 <spontaneous>
[33]     0.0    0.01    0.00                 BDF::~BDF() [33]
-----------------------------------------------
                                                 <spontaneous>
[34]     0.0    0.01    0.00                 bool arma::auxlib::solve_square_refine<arma::Mat<double> >(arma::Mat<arma::Mat<double>::pod_type>&, arma::Mat<double>::pod_type&, arma::Mat<arma::Mat<double>::pod_type>&, arma::Base<arma::Mat<double>::pod_type, arma::Mat<double> > const&, bool) [34]
-----------------------------------------------
                0.00    0.00       1/9048        bool arma::auxlib::solve_approx_svd<arma::Mat<double> >(arma::Mat<arma::Mat<double>::pod_type>&, arma::Mat<arma::Mat<double>::pod_type>&, arma::Base<arma::Mat<double>::pod_type, arma::Mat<double> > const&) [41]
                0.00    0.00    9047/9048        jac(double, arma::Mat<double>, arma::Mat<double>&, arma::Mat<double>&, solver_data) [3]
[35]     0.0    0.00    0.00    9048         arma::Mat<double>::steal_mem(arma::Mat<double>&) [35]
                0.00    0.00    9050/110320573     arma::Mat<double>::init_warm(unsigned long long, unsigned long long) [10]
-----------------------------------------------
                0.00    0.00       1/1           Line::SEM_getBaseFunctions() [19]
[36]     0.0    0.00    0.00       1         Line::SEM_coefficients() [36]
                0.00    0.00       1/9048        bool arma::glue_solve_gen::apply<double, arma::Mat<double>, arma::Mat<double> >(arma::Mat<double>&, arma::Base<double, arma::Mat<double> > const&, arma::Base<double, arma::Mat<double> > const&, unsigned long long) [27]
                0.00    0.00       7/110320573     arma::Mat<double>::init_warm(unsigned long long, unsigned long long) [10]
                0.00    0.00       1/20717700     double* arma::memory::acquire<double>(unsigned long long) [21]
                0.00    0.00       1/50590847     arma::Mat<double>::init_cold() [16]
                0.00    0.00      57/48256857     void arma::arrayops::copy_small<double>(double*, double const*, unsigned long long) [52]
                0.00    0.00       1/2           void arma::op_strans::apply_mat_inplace<double>(arma::Mat<double>&) [73]
-----------------------------------------------
                                                 <spontaneous>
[37]     0.0    0.00    0.00                 Line::leer_datosLines() [37]
                0.00    0.00      16/110320573     arma::Mat<double>::init_warm(unsigned long long, unsigned long long) [10]
                0.00    0.00       3/2297941     void arma::arrayops::inplace_set_small<double>(double*, double, unsigned long long) [58]
                0.00    0.00       1/2           lobatto_set(int, double*, double*) [69]
-----------------------------------------------
                                                 <spontaneous>
[38]     0.0    0.00    0.00                 Line::initLine() [38]
                0.00    0.00       2/48256700     arma::enable_if2<arma::is_arma_type<arma::Mat<double> >::value, arma::Mat<double>::pod_type>::result arma::norm<arma::Mat<double> >(arma::Mat<double> const&, unsigned long long, arma::arma_real_or_cx_only<arma::Mat<double>::elem_type>::result const*) [9]
                0.00    0.00       2/3           arma::Mat<double>& arma::Mat<double>::operator=<arma::Mat<double>, arma::eop_scalar_times>(arma::eOp<arma::Mat<double>, arma::eop_scalar_times> const&) [40]
                0.00    0.00       2/63202365     FairleadBCP::getValues(double) [17]
                0.00    0.00       2/2           Line::qs_GetTen() [71]
                0.00    0.00       2/2           Line::qs_Solution() [70]
                0.00    0.00       2/2           arma::Mat<double>::Mat<arma::subview<double>, arma::subview<double>, arma::eglue_minus>(arma::eGlue<arma::subview<double>, arma::subview<double>, arma::eglue_minus> const&) [72]
-----------------------------------------------
                0.00    0.00      36/906         Line::SEM_get_D_local() [45]
                0.00    0.00     870/906         Line::SEM_getBaseFunctions() [19]
[39]     0.0    0.00    0.00     906         Line::SEM_poly_first_derivative(double, int) [39]
                0.00    0.00       4/110320573     arma::Mat<double>::init_warm(unsigned long long, unsigned long long) [10]
-----------------------------------------------
                0.00    0.00       1/3           Line::SEM_getBaseFunctions() [19]
                0.00    0.00       2/3           Line::initLine() [38]
[40]     0.0    0.00    0.00       3         arma::Mat<double>& arma::Mat<double>::operator=<arma::Mat<double>, arma::eop_scalar_times>(arma::eOp<arma::Mat<double>, arma::eop_scalar_times> const&) [40]
                0.00    0.00       3/110320573     arma::Mat<double>::init_warm(unsigned long long, unsigned long long) [10]
-----------------------------------------------
                0.00    0.00       1/1           bool arma::glue_solve_gen::apply<double, arma::Mat<double>, arma::Mat<double> >(arma::Mat<double>&, arma::Base<double, arma::Mat<double> > const&, arma::Base<double, arma::Mat<double> > const&, unsigned long long) [27]
[41]     0.0    0.00    0.00       1         bool arma::auxlib::solve_approx_svd<arma::Mat<double> >(arma::Mat<arma::Mat<double>::pod_type>&, arma::Mat<arma::Mat<double>::pod_type>&, arma::Base<arma::Mat<double>::pod_type, arma::Mat<double> > const&) [41]
                0.00    0.00       1/9048        arma::Mat<double>::steal_mem(arma::Mat<double>&) [35]
                0.00    0.00       1/20717700     double* arma::memory::acquire<double>(unsigned long long) [21]
                0.00    0.00       1/50590847     arma::Mat<double>::init_cold() [16]
                0.00    0.00       1/24155491     frame_dummy [24]
                0.00    0.00       1/1           void arma::subview<double>::inplace_op<arma::op_internal_equ, arma::Mat<double> >(arma::Base<double, arma::Mat<double> > const&, char const*) [79]
-----------------------------------------------
                                                 <spontaneous>
[42]     0.0    0.00    0.00                 arma::Mat<double>::operator=(arma::Mat<double> const&) [42]
                0.00    0.00       2/110320573     arma::Mat<double>::init_warm(unsigned long long, unsigned long long) [10]
-----------------------------------------------
                                                 <spontaneous>
[43]     0.0    0.00    0.00                 arma::Mat<double>::Mat(arma::Mat<double> const&) [43]
                0.00    0.00       2/20717700     double* arma::memory::acquire<double>(unsigned long long) [21]
-----------------------------------------------
                                                 <spontaneous>
[44]     0.0    0.00    0.00                 arma::Mat<double>::Mat<arma::Mat<double>, arma::gen_zeros>(arma::Gen<arma::Mat<double>, arma::gen_zeros> const&) [44]
                0.00    0.00       2/20717700     double* arma::memory::acquire<double>(unsigned long long) [21]
-----------------------------------------------
                0.00    0.00       1/1           Line::SEM_getBaseFunctions() [19]
[45]     0.0    0.00    0.00       1         Line::SEM_get_D_local() [45]
                0.00    0.00       1/50590847     arma::Mat<double>::init_cold() [16]
                0.00    0.00      36/906         Line::SEM_poly_first_derivative(double, int) [39]
-----------------------------------------------
                0.00    0.00       6/48256857     void arma::subview<double>::inplace_op<arma::op_internal_equ, arma::Mat<double> >(arma::Base<double, arma::Mat<double> > const&, char const*) [79]
                0.00    0.00      57/48256857     Line::SEM_coefficients() [36]
                0.00    0.00      96/48256857     void arma::subview<double>::inplace_op<arma::op_internal_equ, arma::eGlue<arma::subview<double>, arma::Mat<double>, arma::eglue_plus> >(arma::Base<double, arma::eGlue<arma::subview<double>, arma::Mat<double>, arma::eglue_plus> > const&, char const*) [26]
                0.00    0.00 24128349/48256857     fun(double, arma::Mat<double>, solver_data) [4]
                0.00    0.00 24128349/48256857     void arma::subview<double>::inplace_op<arma::op_internal_equ, arma::Op<arma::subview<double>, arma::op_htrans> >(arma::Base<double, arma::Op<arma::subview<double>, arma::op_htrans> > const&, char const*) [12]
[52]     0.0    0.00    0.00 48256857         void arma::arrayops::copy_small<double>(double*, double const*, unsigned long long) [52]
-----------------------------------------------
                0.00    0.00 24128349/24128349     Line::SEM_computeF() [5]
[53]     0.0    0.00    0.00 24128349         void arma::glue_times::apply<double, false, true, false, false, arma::Mat<double>, arma::Row<double>, arma::Row<double> >(arma::Mat<double>&, arma::Mat<double> const&, arma::Row<double> const&, arma::Row<double> const&, double) [53]
-----------------------------------------------
                0.00    0.00 9191752/9191752     void arma::spglue_times_misc::sparse_times_dense<arma::SpMat<double>, arma::Mat<double> >(arma::Mat<arma::SpMat<double>::elem_type>&, arma::SpMat<double> const&, arma::Mat<double> const&) [6]
[54]     0.0    0.00    0.00 9191752         void arma::op_strans::apply_mat_noalias<double, arma::Mat<double> >(arma::Mat<double>&, arma::Mat<double> const&) [54]
-----------------------------------------------
                0.00    0.00 4595876/4595876     void arma::spglue_times_misc::sparse_times_dense<arma::SpMat<double>, arma::Mat<double> >(arma::Mat<arma::SpMat<double>::elem_type>&, arma::SpMat<double> const&, arma::Mat<double> const&) [6]
[55]     0.0    0.00    0.00 4595876         arma::MapMat<double>::init_cold() [55]
-----------------------------------------------
                0.00    0.00 3446910/3446910     FairleadBCP::getValues(double) [17]
[56]     0.0    0.00    0.00 3446910         void arma::op_strans::apply_proxy<arma::eGlue<arma::subview_row<double>, arma::eOp<arma::eOp<arma::eGlue<arma::subview_row<double>, arma::subview_row<double>, arma::eglue_minus>, arma::eop_scalar_times>, arma::eop_scalar_div_post>, arma::eglue_plus> >(arma::Mat<arma::eGlue<arma::subview_row<double>, arma::eOp<arma::eOp<arma::eGlue<arma::subview_row<double>, arma::subview_row<double>, arma::eglue_minus>, arma::eop_scalar_times>, arma::eop_scalar_div_post>, arma::eglue_plus>::elem_type>&, arma::eGlue<arma::subview_row<double>, arma::eOp<arma::eOp<arma::eGlue<arma::subview_row<double>, arma::subview_row<double>, arma::eglue_minus>, arma::eop_scalar_times>, arma::eop_scalar_div_post>, arma::eglue_plus> const&) [56]
-----------------------------------------------
                0.00    0.00 1148969/3446907     bool arma::glue_solve_gen::apply<double, arma::eOp<arma::Mat<double>, arma::eop_scalar_times>, arma::Mat<double> >(arma::Mat<double>&, arma::Base<double, arma::eOp<arma::Mat<double>, arma::eop_scalar_times> > const&, arma::Base<double, arma::Mat<double> > const&, unsigned long long) [14]
                0.00    0.00 2297938/3446907     Line::SEM_computeF() [5]
[57]     0.0    0.00    0.00 3446907         void arma::eop_core<arma::eop_scalar_times>::apply<arma::Mat<double>, arma::Mat<double> >(arma::Mat<double>&, arma::eOp<arma::Mat<double>, arma::eop_scalar_times> const&) [57]
-----------------------------------------------
                0.00    0.00       3/2297941     Line::leer_datosLines() [37]
                0.00    0.00 2297938/2297941     AnchorBCP::getValues(double) [66]
[58]     0.0    0.00    0.00 2297941         void arma::arrayops::inplace_set_small<double>(double*, double, unsigned long long) [58]
-----------------------------------------------
                0.00    0.00 2297938/2297938     Line::SEM_computeF() [5]
[59]     0.0    0.00    0.00 2297938         void arma::op_strans::apply_proxy<arma::subview_row<double> >(arma::Mat<arma::subview_row<double>::elem_type>&, arma::subview_row<double> const&) [59]
-----------------------------------------------
                0.00    0.00       1/1148970     __libc_csu_init [236]
                0.00    0.00 1148969/1148970     fun(double, arma::Mat<double>, solver_data) [4]
[60]     0.0    0.00    0.00 1148970         _GLOBAL__sub_I__ZN3BDF4stepEv [60]
-----------------------------------------------
                0.00    0.00 1148969/1148969     Line::SEM_computeF() [5]
[61]     0.0    0.00    0.00 1148969         void arma::eglue_core<arma::eglue_plus>::apply<arma::Mat<double>, arma::eGlue<arma::eGlue<arma::subview_col<double>, arma::subview_col<double>, arma::eglue_schur>, arma::eGlue<arma::subview_col<double>, arma::subview_col<double>, arma::eglue_schur>, arma::eglue_plus>, arma::eGlue<arma::subview_col<double>, arma::subview_col<double>, arma::eglue_schur> >(arma::Mat<double>&, arma::eGlue<arma::eGlue<arma::eGlue<arma::subview_col<double>, arma::subview_col<double>, arma::eglue_schur>, arma::eGlue<arma::subview_col<double>, arma::subview_col<double>, arma::eglue_schur>, arma::eglue_plus>, arma::eGlue<arma::subview_col<double>, arma::subview_col<double>, arma::eglue_schur>, arma::eglue_plus> const&) [61]
-----------------------------------------------
                0.00    0.00 1148969/1148969     Line::SEM_computeF() [5]
[62]     0.0    0.00    0.00 1148969         void arma::eglue_core<arma::eglue_minus>::apply<arma::Mat<double>, arma::eOp<arma::Mat<double>, arma::eop_scalar_times>, arma::Mat<double> >(arma::Mat<double>&, arma::eGlue<arma::eOp<arma::Mat<double>, arma::eop_scalar_times>, arma::Mat<double>, arma::eglue_minus> const&) [62]
-----------------------------------------------
                0.00    0.00 1148969/1148969     Line::SEM_computeF() [5]
[63]     0.0    0.00    0.00 1148969         void arma::eop_core<arma::eop_scalar_times>::apply<arma::Mat<double>, arma::eGlue<arma::eOp<arma::Mat<double>, arma::eop_scalar_minus_post>, arma::eOp<arma::Mat<double>, arma::eop_scalar_times>, arma::eglue_plus> >(arma::Mat<double>&, arma::eOp<arma::eGlue<arma::eOp<arma::Mat<double>, arma::eop_scalar_minus_post>, arma::eOp<arma::Mat<double>, arma::eop_scalar_times>, arma::eglue_plus>, arma::eop_scalar_times> const&) [63]
-----------------------------------------------
                0.00    0.00 1148969/1148969     Line::SEM_computeF() [5]
[64]     0.0    0.00    0.00 1148969         void arma::eop_core<arma::eop_scalar_times>::apply<arma::Mat<double>, arma::eGlue<arma::Mat<double>, arma::eOp<arma::Mat<double>, arma::eop_abs>, arma::eglue_plus> >(arma::Mat<double>&, arma::eOp<arma::eGlue<arma::Mat<double>, arma::eOp<arma::Mat<double>, arma::eop_abs>, arma::eglue_plus>, arma::eop_scalar_times> const&) [64]
-----------------------------------------------
                0.00    0.00 1148969/1148969     Line::SEM_computeF() [5]
[65]     0.0    0.00    0.00 1148969         void arma::eop_core<arma::eop_sqrt>::apply<arma::Mat<double>, arma::eGlue<arma::eGlue<arma::eOp<arma::subview<double>, arma::eop_pow>, arma::eOp<arma::subview<double>, arma::eop_pow>, arma::eglue_plus>, arma::eOp<arma::subview<double>, arma::eop_pow>, arma::eglue_plus> >(arma::Mat<double>&, arma::eOp<arma::eGlue<arma::eGlue<arma::eOp<arma::subview<double>, arma::eop_pow>, arma::eOp<arma::subview<double>, arma::eop_pow>, arma::eglue_plus>, arma::eOp<arma::subview<double>, arma::eop_pow>, arma::eglue_plus>, arma::eop_sqrt> const&) [65]
-----------------------------------------------
                0.00    0.00 1148969/1148969     fun(double, arma::Mat<double>, solver_data) [4]
[66]     0.0    0.00    0.00 1148969         AnchorBCP::getValues(double) [66]
                0.00    0.00 2297938/2297941     void arma::arrayops::inplace_set_small<double>(double*, double, unsigned long long) [58]
-----------------------------------------------
                0.00    0.00     864/864         Line::SEM_getBaseFunctions() [19]
[67]     0.0    0.00    0.00     864         Line::SEM_poly(double, int) [67]
-----------------------------------------------
                0.00    0.00      10/10          Line::qs_GetTen() [71]
[68]     0.0    0.00    0.00      10         Line::qs_Functions(double&, double&, double&, double&, double&, double&) [68]
-----------------------------------------------
                0.00    0.00       1/2           Line::leer_datosLines() [37]
                0.00    0.00       1/2           Line::SEM_getBaseFunctions() [19]
[69]     0.0    0.00    0.00       2         lobatto_set(int, double*, double*) [69]
-----------------------------------------------
                0.00    0.00       2/2           Line::initLine() [38]
[70]     0.0    0.00    0.00       2         Line::qs_Solution() [70]
-----------------------------------------------
                0.00    0.00       2/2           Line::initLine() [38]
[71]     0.0    0.00    0.00       2         Line::qs_GetTen() [71]
                0.00    0.00      10/10          Line::qs_Functions(double&, double&, double&, double&, double&, double&) [68]
-----------------------------------------------
                0.00    0.00       2/2           Line::initLine() [38]
[72]     0.0    0.00    0.00       2         arma::Mat<double>::Mat<arma::subview<double>, arma::subview<double>, arma::eglue_minus>(arma::eGlue<arma::subview<double>, arma::subview<double>, arma::eglue_minus> const&) [72]
-----------------------------------------------
                0.00    0.00       1/2           Line::SEM_coefficients() [36]
                0.00    0.00       1/2           Line::SEM_getBaseFunctions() [19]
[73]     0.0    0.00    0.00       2         void arma::op_strans::apply_mat_inplace<double>(arma::Mat<double>&) [73]
-----------------------------------------------
                0.00    0.00       1/1           __libc_csu_init [236]
[74]     0.0    0.00    0.00       1         _GLOBAL__sub_I_PI [74]
-----------------------------------------------
                0.00    0.00       1/1           __libc_csu_init [236]
[75]     0.0    0.00    0.00       1         _GLOBAL__sub_I__Z5cdgqfiiddPdS_ [75]
-----------------------------------------------
                0.00    0.00       1/1           __libc_csu_init [236]
[76]     0.0    0.00    0.00       1         _GLOBAL__sub_I__ZN3BCP14leer_datosBCPsEv [76]
-----------------------------------------------
                0.00    0.00       1/1           __libc_csu_init [236]
[77]     0.0    0.00    0.00       1         _GLOBAL__sub_I__ZN4Line12qs_FunctionsERdS0_S0_S0_S0_S0_ [77]
-----------------------------------------------
                0.00    0.00       1/1           __libc_csu_init [236]
[78]     0.0    0.00    0.00       1         _GLOBAL__sub_I__ZN4Line15leer_datosLinesEv [78]
-----------------------------------------------
                0.00    0.00       1/1           bool arma::auxlib::solve_approx_svd<arma::Mat<double> >(arma::Mat<arma::Mat<double>::pod_type>&, arma::Mat<arma::Mat<double>::pod_type>&, arma::Base<arma::Mat<double>::pod_type, arma::Mat<double> > const&) [41]
[79]     0.0    0.00    0.00       1         void arma::subview<double>::inplace_op<arma::op_internal_equ, arma::Mat<double> >(arma::Base<double, arma::Mat<double> > const&, char const*) [79]
                0.00    0.00       6/48256857     void arma::arrayops::copy_small<double>(double*, double const*, unsigned long long) [52]
-----------------------------------------------

 This table describes the call tree of the program, and was sorted by
 the total amount of time spent in each function and its children.

 Each entry in this table consists of several lines.  The line with the
 index number at the left hand margin lists the current function.
 The lines above it list the functions that called this function,
 and the lines below it list the functions this one called.
 This line lists:
     index	A unique number given to each element of the table.
		Index numbers are sorted numerically.
		The index number is printed next to every function name so
		it is easier to look up where the function is in the table.

     % time	This is the percentage of the `total' time that was spent
		in this function and its children.  Note that due to
		different viewpoints, functions excluded by options, etc,
		these numbers will NOT add up to 100%.

     self	This is the total amount of time spent in this function.

     children	This is the total amount of time propagated into this
		function by its children.

     called	This is the number of times the function was called.
		If the function called itself recursively, the number
		only includes non-recursive calls, and is followed by
		a `+' and the number of recursive calls.

     name	The name of the current function.  The index number is
		printed after it.  If the function is a member of a
		cycle, the cycle number is printed between the
		function's name and the index number.


 For the function's parents, the fields have the following meanings:

     self	This is the amount of time that was propagated directly
		from the function into this parent.

     children	This is the amount of time that was propagated from
		the function's children into this parent.

     called	This is the number of times this parent called the
		function `/' the total number of times the function
		was called.  Recursive calls to the function are not
		included in the number after the `/'.

     name	This is the name of the parent.  The parent's index
		number is printed after it.  If the parent is a
		member of a cycle, the cycle number is printed between
		the name and the index number.

 If the parents of the function cannot be determined, the word
 `<spontaneous>' is printed in the `name' field, and all the other
 fields are blank.

 For the function's children, the fields have the following meanings:

     self	This is the amount of time that was propagated directly
		from the child into the function.

     children	This is the amount of time that was propagated from the
		child's children to the function.

     called	This is the number of times the function called
		this child `/' the total number of times the child
		was called.  Recursive calls by the child are not
		listed in the number after the `/'.

     name	This is the name of the child.  The child's index
		number is printed after it.  If the child is a
		member of a cycle, the cycle number is printed
		between the name and the index number.

 If there are any cycles (circles) in the call graph, there is an
 entry for the cycle-as-a-whole.  This entry shows who called the
 cycle (as parents) and the members of the cycle (as children.)
 The `+' recursive calls entry shows the number of function calls that
 were internal to the cycle, and the calls entry for each member shows,
 for that member, how many times it was called from other members of
 the cycle.

Copyright (C) 2012-2016 Free Software Foundation, Inc.

Copying and distribution of this file, with or without modification,
are permitted in any medium without royalty provided the copyright
notice and this notice are preserved.

Index by function name

  [74] _GLOBAL__sub_I_PI      [62] void arma::eglue_core<arma::eglue_minus>::apply<arma::Mat<double>, arma::eOp<arma::Mat<double>, arma::eop_scalar_times>, arma::Mat<double> >(arma::Mat<double>&, arma::eGlue<arma::eOp<arma::Mat<double>, arma::eop_scalar_times>, arma::Mat<double>, arma::eglue_minus> const&) [22] bool arma::auxlib::solve_square_fast<arma::Mat<double> >(arma::Mat<arma::Mat<double>::elem_type>&, arma::Mat<arma::Mat<double>::elem_type>&, arma::Base<arma::Mat<double>::elem_type, arma::Mat<double> > const&)
  [75] _GLOBAL__sub_I__Z5cdgqfiiddPdS_ [53] void arma::glue_times::apply<double, false, true, false, false, arma::Mat<double>, arma::Row<double>, arma::Row<double> >(arma::Mat<double>&, arma::Mat<double> const&, arma::Row<double> const&, arma::Row<double> const&, double) [34] bool arma::auxlib::solve_square_refine<arma::Mat<double> >(arma::Mat<arma::Mat<double>::pod_type>&, arma::Mat<double>::pod_type&, arma::Mat<arma::Mat<double>::pod_type>&, arma::Base<arma::Mat<double>::pod_type, arma::Mat<double> > const&, bool)
  [76] _GLOBAL__sub_I__ZN3BCP14leer_datosBCPsEv [31] void arma::band_helper::extract_tridiag<double>(arma::Mat<double>&, arma::Mat<double> const&) [21] double* arma::memory::acquire<double>(unsigned long long)
  [60] _GLOBAL__sub_I__ZN3BDF4stepEv [8] void arma::spop_strans::apply_noalias<double>(arma::SpMat<double>&, arma::SpMat<double> const&) [12] void arma::subview<double>::inplace_op<arma::op_internal_equ, arma::Op<arma::subview<double>, arma::op_htrans> >(arma::Base<double, arma::Op<arma::subview<double>, arma::op_htrans> > const&, char const*)
  [77] _GLOBAL__sub_I__ZN4Line12qs_FunctionsERdS0_S0_S0_S0_S0_ [27] bool arma::glue_solve_gen::apply<double, arma::Mat<double>, arma::Mat<double> >(arma::Mat<double>&, arma::Base<double, arma::Mat<double> > const&, arma::Base<double, arma::Mat<double> > const&, unsigned long long) [79] void arma::subview<double>::inplace_op<arma::op_internal_equ, arma::Mat<double> >(arma::Base<double, arma::Mat<double> > const&, char const*)
  [78] _GLOBAL__sub_I__ZN4Line15leer_datosLinesEv [14] bool arma::glue_solve_gen::apply<double, arma::eOp<arma::Mat<double>, arma::eop_scalar_times>, arma::Mat<double> >(arma::Mat<double>&, arma::Base<double, arma::eOp<arma::Mat<double>, arma::eop_scalar_times> > const&, arma::Base<double, arma::Mat<double> > const&, unsigned long long) [26] void arma::subview<double>::inplace_op<arma::op_internal_equ, arma::eGlue<arma::subview<double>, arma::Mat<double>, arma::eglue_plus> >(arma::Base<double, arma::eGlue<arma::subview<double>, arma::Mat<double>, arma::eglue_plus> > const&, char const*)
  [69] lobatto_set(int, double*, double*) [7] void arma::spglue_times_misc::dense_times_sparse<arma::Mat<double>, arma::SpMat<double> >(arma::Mat<arma::Mat<double>::elem_type>&, arma::Mat<double> const&, arma::SpMat<double> const&) [11] arma::subview<double>::extract(arma::Mat<double>&, arma::subview<double> const&)
   [4] fun(double, arma::Mat<double>, solver_data) [6] void arma::spglue_times_misc::sparse_times_dense<arma::SpMat<double>, arma::Mat<double> >(arma::Mat<arma::SpMat<double>::elem_type>&, arma::SpMat<double> const&, arma::Mat<double> const&) [52] void arma::arrayops::copy_small<double>(double*, double const*, unsigned long long)
   [3] jac(double, arma::Mat<double>, arma::Mat<double>&, arma::Mat<double>&, solver_data) [16] arma::Mat<double>::init_cold() [58] void arma::arrayops::inplace_set_small<double>(double*, double, unsigned long long)
  [17] FairleadBCP::getValues(double) [10] arma::Mat<double>::init_warm(unsigned long long, unsigned long long) [63] void arma::eop_core<arma::eop_scalar_times>::apply<arma::Mat<double>, arma::eGlue<arma::eOp<arma::Mat<double>, arma::eop_scalar_minus_post>, arma::eOp<arma::Mat<double>, arma::eop_scalar_times>, arma::eglue_plus> >(arma::Mat<double>&, arma::eOp<arma::eGlue<arma::eOp<arma::Mat<double>, arma::eop_scalar_minus_post>, arma::eOp<arma::Mat<double>, arma::eop_scalar_times>, arma::eglue_plus>, arma::eop_scalar_times> const&)
  [30] BDF::get_next_dt()     [35] arma::Mat<double>::steal_mem(arma::Mat<double>&) [64] void arma::eop_core<arma::eop_scalar_times>::apply<arma::Mat<double>, arma::eGlue<arma::Mat<double>, arma::eOp<arma::Mat<double>, arma::eop_abs>, arma::eglue_plus> >(arma::Mat<double>&, arma::eOp<arma::eGlue<arma::Mat<double>, arma::eOp<arma::Mat<double>, arma::eop_abs>, arma::eglue_plus>, arma::eop_scalar_times> const&)
   [1] BDF::step()            [72] arma::Mat<double>::Mat<arma::subview<double>, arma::subview<double>, arma::eglue_minus>(arma::eGlue<arma::subview<double>, arma::subview<double>, arma::eglue_minus> const&) [57] void arma::eop_core<arma::eop_scalar_times>::apply<arma::Mat<double>, arma::Mat<double> >(arma::Mat<double>&, arma::eOp<arma::Mat<double>, arma::eop_scalar_times> const&)
  [33] BDF::~BDF()            [32] arma::Mat<double>::operator=(arma::subview<double> const&) [65] void arma::eop_core<arma::eop_sqrt>::apply<arma::Mat<double>, arma::eGlue<arma::eGlue<arma::eOp<arma::subview<double>, arma::eop_pow>, arma::eOp<arma::subview<double>, arma::eop_pow>, arma::eglue_plus>, arma::eOp<arma::subview<double>, arma::eop_pow>, arma::eglue_plus> >(arma::Mat<double>&, arma::eOp<arma::eGlue<arma::eGlue<arma::eOp<arma::subview<double>, arma::eop_pow>, arma::eOp<arma::subview<double>, arma::eop_pow>, arma::eglue_plus>, arma::eOp<arma::subview<double>, arma::eop_pow>, arma::eglue_plus>, arma::eop_sqrt> const&)
  [70] Line::qs_Solution()    [40] arma::Mat<double>& arma::Mat<double>::operator=<arma::Mat<double>, arma::eop_scalar_times>(arma::eOp<arma::Mat<double>, arma::eop_scalar_times> const&) [59] void arma::op_strans::apply_proxy<arma::subview_row<double> >(arma::Mat<arma::subview_row<double>::elem_type>&, arma::subview_row<double> const&)
   [5] Line::SEM_computeF()   [18] void arma::gemv<true, false, false>::apply_blas_type<double, arma::Row<double> >(double*, arma::Row<double> const&, double const*, double, double) [56] void arma::op_strans::apply_proxy<arma::eGlue<arma::subview_row<double>, arma::eOp<arma::eOp<arma::eGlue<arma::subview_row<double>, arma::subview_row<double>, arma::eglue_minus>, arma::eop_scalar_times>, arma::eop_scalar_div_post>, arma::eglue_plus> >(arma::Mat<arma::eGlue<arma::subview_row<double>, arma::eOp<arma::eOp<arma::eGlue<arma::subview_row<double>, arma::subview_row<double>, arma::eglue_minus>, arma::eop_scalar_times>, arma::eop_scalar_div_post>, arma::eglue_plus>::elem_type>&, arma::eGlue<arma::subview_row<double>, arma::eOp<arma::eOp<arma::eGlue<arma::subview_row<double>, arma::subview_row<double>, arma::eglue_minus>, arma::eop_scalar_times>, arma::eop_scalar_div_post>, arma::eglue_plus> const&)
  [68] Line::qs_Functions(double&, double&, double&, double&, double&, double&) [9] arma::enable_if2<arma::is_arma_type<arma::Mat<double> >::value, arma::Mat<double>::pod_type>::result arma::norm<arma::Mat<double> >(arma::Mat<double> const&, unsigned long long, arma::arma_real_or_cx_only<arma::Mat<double>::elem_type>::result const*) [73] void arma::op_strans::apply_mat_inplace<double>(arma::Mat<double>&)
  [45] Line::SEM_get_D_local() [13] arma::SpMat<double>::mem_resize(unsigned long long) [54] void arma::op_strans::apply_mat_noalias<double, arma::Mat<double> >(arma::Mat<double>&, arma::Mat<double> const&)
  [36] Line::SEM_coefficients() [15] arma::SpMat<double>::init(unsigned long long, unsigned long long) [66] AnchorBCP::getValues(double)
  [19] Line::SEM_getBaseFunctions() [29] arma::SpMat<double>::steal_mem(arma::SpMat<double>&) [20] arma::SpMat<double>::sync_csc() const
  [39] Line::SEM_poly_first_derivative(double, int) [28] arma::SpMat<double>::SpMat<arma::Mat<double> >(arma::Base<double, arma::Mat<double> > const&) [23] std::_Rb_tree<unsigned long long, std::pair<unsigned long long const, double>, std::_Select1st<std::pair<unsigned long long const, double> >, std::less<unsigned long long>, std::allocator<std::pair<unsigned long long const, double> > >::_M_erase(std::_Rb_tree_node<std::pair<unsigned long long const, double> >*)
  [67] Line::SEM_poly(double, int) [25] arma::SpMat<double>::~SpMat() [24] frame_dummy
  [71] Line::qs_GetTen()      [55] arma::MapMat<double>::init_cold() (2) <cycle 1>
  [61] void arma::eglue_core<arma::eglue_plus>::apply<arma::Mat<double>, arma::eGlue<arma::eGlue<arma::subview_col<double>, arma::subview_col<double>, arma::eglue_schur>, arma::eGlue<arma::subview_col<double>, arma::subview_col<double>, arma::eglue_schur>, arma::eglue_plus>, arma::eGlue<arma::subview_col<double>, arma::subview_col<double>, arma::eglue_schur> >(arma::Mat<double>&, arma::eGlue<arma::eGlue<arma::eGlue<arma::subview_col<double>, arma::subview_col<double>, arma::eglue_schur>, arma::eGlue<arma::subview_col<double>, arma::subview_col<double>, arma::eglue_schur>, arma::eglue_plus>, arma::eGlue<arma::subview_col<double>, arma::subview_col<double>, arma::eglue_schur>, arma::eglue_plus> const&) [41] bool arma::auxlib::solve_approx_svd<arma::Mat<double> >(arma::Mat<arma::Mat<double>::pod_type>&, arma::Mat<arma::Mat<double>::pod_type>&, arma::Base<arma::Mat<double>::pod_type, arma::Mat<double> > const&)
