Flat profile:

Each sample counts as 0.01 seconds.
  %   cumulative   self              self     total           
 time   seconds   seconds    calls   s/call   s/call  name    
 35.18      2.29     2.29   972566     0.00     0.00  Line::SEM_computeF()
 15.36      3.29     1.00   972566     0.00     0.00  fun(double, arma::Mat<double>, solver_data)
 10.45      3.97     0.68 40847774     0.00     0.00  arma::enable_if2<arma::is_arma_type<arma::Mat<double> >::value, arma::Mat<double>::pod_type>::result arma::norm<arma::Mat<double> >(arma::Mat<double> const&, unsigned long long, arma::arma_real_or_cx_only<arma::Mat<double>::elem_type>::result const*)
  7.83      4.48     0.51 89492843     0.00     0.00  arma::Mat<double>::init_warm(unsigned long long, unsigned long long)
  6.76      4.92     0.44 61271658     0.00     0.00  arma::subview<double>::extract(arma::Mat<double>&, arma::subview<double> const&)
  5.22      5.26     0.34 20423886     0.00     0.00  void arma::subview<double>::inplace_op<arma::op_internal_equ, arma::Op<arma::subview<double>, arma::op_htrans> >(arma::Base<double, arma::Op<arma::subview<double>, arma::op_htrans> > const&, char const*)
  4.92      5.58     0.32     7658     0.00     0.00  jac(double, arma::Mat<double>, arma::Mat<double>&, arma::Mat<double>&, solver_data)
  2.77      5.76     0.18 45718286     0.00     0.00  FairleadBCP::getValues(double)
  2.61      5.93     0.17        1     0.17     6.36  BDF::step()
  1.77      6.05     0.12 42823560     0.00     0.00  arma::Mat<double>::init_cold()
  1.54      6.15     0.10   972566     0.00     0.00  bool arma::glue_solve_gen::apply<double, arma::eOp<arma::Mat<double>, arma::eop_scalar_times>, arma::Mat<double> >(arma::Mat<double>&, arma::Base<double, arma::eOp<arma::Mat<double>, arma::eop_scalar_times> > const&, arma::Base<double, arma::Mat<double> > const&, unsigned long long)
  1.23      6.23     0.08                             void arma::gemv<true, false, false>::apply_blas_type<double, arma::Row<double> >(double*, arma::Row<double> const&, double const*, double, double)
  1.15      6.30     0.08  5866098     0.00     0.00  double* arma::memory::acquire<double>(unsigned long long)
  1.08      6.37     0.07     7659     0.00     0.00  bool arma::glue_solve_gen::apply<double, arma::Mat<double>, arma::Mat<double> >(arma::Mat<double>&, arma::Base<double, arma::Mat<double> > const&, arma::Base<double, arma::Mat<double> > const&, unsigned long long)
  0.77      6.42     0.05                             bool arma::auxlib::svd_dc<double, arma::Mat<double> >(arma::Col<double>&, arma::Base<double, arma::Mat<double> > const&, unsigned long long&, unsigned long long&)
  0.46      6.45     0.03 20446861     0.00     0.00  frame_dummy
  0.46      6.48     0.03   980224     0.00     0.00  bool arma::auxlib::solve_square_fast<arma::Mat<double> >(arma::Mat<arma::Mat<double>::elem_type>&, arma::Mat<arma::Mat<double>::elem_type>&, arma::Base<arma::Mat<double>::elem_type, arma::Mat<double> > const&)
  0.15      6.49     0.01   972566     0.00     0.00  AnchorBCP::getValues(double)
  0.15      6.50     0.01                             Line::SEM_getBaseFunctions()
  0.15      6.51     0.01                             arma::Mat<double>::operator=(arma::subview<double> const&)
  0.00      6.51     0.00 40847931     0.00     0.00  void arma::arrayops::copy_small<double>(double*, double const*, unsigned long long)
  0.00      6.51     0.00 20423886     0.00     0.00  void arma::glue_times::apply<double, false, true, false, false, arma::Mat<double>, arma::Row<double>, arma::Row<double> >(arma::Mat<double>&, arma::Mat<double> const&, arma::Row<double> const&, arma::Row<double> const&, double)
  0.00      6.51     0.00  3890264     0.00     0.00  void arma::glue_times_redirect2_helper<false>::apply<arma::Mat<double>, arma::Mat<double> >(arma::Mat<arma::Mat<double>::elem_type>&, arma::Glue<arma::Mat<double>, arma::Mat<double>, arma::glue_times> const&)
  0.00      6.51     0.00  2917701     0.00     0.00  void arma::op_strans::apply_proxy<arma::eGlue<arma::subview_row<double>, arma::eOp<arma::eOp<arma::eGlue<arma::subview_row<double>, arma::subview_row<double>, arma::eglue_minus>, arma::eop_scalar_times>, arma::eop_scalar_div_post>, arma::eglue_plus> >(arma::Mat<arma::eGlue<arma::subview_row<double>, arma::eOp<arma::eOp<arma::eGlue<arma::subview_row<double>, arma::subview_row<double>, arma::eglue_minus>, arma::eop_scalar_times>, arma::eop_scalar_div_post>, arma::eglue_plus>::elem_type>&, arma::eGlue<arma::subview_row<double>, arma::eOp<arma::eOp<arma::eGlue<arma::subview_row<double>, arma::subview_row<double>, arma::eglue_minus>, arma::eop_scalar_times>, arma::eop_scalar_div_post>, arma::eglue_plus> const&)
  0.00      6.51     0.00  1945135     0.00     0.00  void arma::arrayops::inplace_set_small<double>(double*, double, unsigned long long)
  0.00      6.51     0.00  1945132     0.00     0.00  void arma::eop_core<arma::eop_scalar_times>::apply<arma::Mat<double>, arma::Glue<arma::Mat<double>, arma::Mat<double>, arma::glue_times> >(arma::Mat<double>&, arma::eOp<arma::Glue<arma::Mat<double>, arma::Mat<double>, arma::glue_times>, arma::eop_scalar_times> const&)
  0.00      6.51     0.00  1945132     0.00     0.00  void arma::op_strans::apply_proxy<arma::subview_row<double> >(arma::Mat<arma::subview_row<double>::elem_type>&, arma::subview_row<double> const&)
  0.00      6.51     0.00   972567     0.00     0.00  _GLOBAL__sub_I__ZN3BDF4stepEv
  0.00      6.51     0.00   972566     0.00     0.00  void arma::eglue_core<arma::eglue_plus>::apply<arma::Mat<double>, arma::eGlue<arma::eGlue<arma::subview_col<double>, arma::subview_col<double>, arma::eglue_schur>, arma::eGlue<arma::subview_col<double>, arma::subview_col<double>, arma::eglue_schur>, arma::eglue_plus>, arma::eGlue<arma::subview_col<double>, arma::subview_col<double>, arma::eglue_schur> >(arma::Mat<double>&, arma::eGlue<arma::eGlue<arma::eGlue<arma::subview_col<double>, arma::subview_col<double>, arma::eglue_schur>, arma::eGlue<arma::subview_col<double>, arma::subview_col<double>, arma::eglue_schur>, arma::eglue_plus>, arma::eGlue<arma::subview_col<double>, arma::subview_col<double>, arma::eglue_schur>, arma::eglue_plus> const&)
  0.00      6.51     0.00   972566     0.00     0.00  void arma::eglue_core<arma::eglue_minus>::apply<arma::Mat<double>, arma::eOp<arma::Glue<arma::Mat<double>, arma::Mat<double>, arma::glue_times>, arma::eop_scalar_times>, arma::Glue<arma::Mat<double>, arma::Mat<double>, arma::glue_times> >(arma::Mat<double>&, arma::eGlue<arma::eOp<arma::Glue<arma::Mat<double>, arma::Mat<double>, arma::glue_times>, arma::eop_scalar_times>, arma::Glue<arma::Mat<double>, arma::Mat<double>, arma::glue_times>, arma::eglue_minus> const&)
  0.00      6.51     0.00   972566     0.00     0.00  void arma::eop_core<arma::eop_scalar_times>::apply<arma::Mat<double>, arma::eGlue<arma::eOp<arma::Mat<double>, arma::eop_scalar_minus_post>, arma::eOp<arma::Mat<double>, arma::eop_scalar_times>, arma::eglue_plus> >(arma::Mat<double>&, arma::eOp<arma::eGlue<arma::eOp<arma::Mat<double>, arma::eop_scalar_minus_post>, arma::eOp<arma::Mat<double>, arma::eop_scalar_times>, arma::eglue_plus>, arma::eop_scalar_times> const&)
  0.00      6.51     0.00   972566     0.00     0.00  void arma::eop_core<arma::eop_scalar_times>::apply<arma::Mat<double>, arma::eGlue<arma::Mat<double>, arma::eOp<arma::Mat<double>, arma::eop_abs>, arma::eglue_plus> >(arma::Mat<double>&, arma::eOp<arma::eGlue<arma::Mat<double>, arma::eOp<arma::Mat<double>, arma::eop_abs>, arma::eglue_plus>, arma::eop_scalar_times> const&)
  0.00      6.51     0.00   972566     0.00     0.00  void arma::eop_core<arma::eop_scalar_times>::apply<arma::Mat<double>, arma::Mat<double> >(arma::Mat<double>&, arma::eOp<arma::Mat<double>, arma::eop_scalar_times> const&)
  0.00      6.51     0.00   972566     0.00     0.00  void arma::eop_core<arma::eop_sqrt>::apply<arma::Mat<double>, arma::eGlue<arma::eGlue<arma::eOp<arma::subview<double>, arma::eop_pow>, arma::eOp<arma::subview<double>, arma::eop_pow>, arma::eglue_plus>, arma::eOp<arma::subview<double>, arma::eop_pow>, arma::eglue_plus> >(arma::Mat<double>&, arma::eOp<arma::eGlue<arma::eGlue<arma::eOp<arma::subview<double>, arma::eop_pow>, arma::eOp<arma::subview<double>, arma::eop_pow>, arma::eglue_plus>, arma::eOp<arma::subview<double>, arma::eop_pow>, arma::eglue_plus>, arma::eop_sqrt> const&)
  0.00      6.51     0.00     7661     0.00     0.00  arma::Mat<double>::steal_mem(arma::Mat<double>&)
  0.00      6.51     0.00     1418     0.00     0.00  BDF::get_next_dt()
  0.00      6.51     0.00      906     0.00     0.00  Line::SEM_poly_first_derivative(double, int)
  0.00      6.51     0.00      864     0.00     0.00  Line::SEM_poly(double, int)
  0.00      6.51     0.00       30     0.00     0.00  std::_Rb_tree<unsigned long long, std::pair<unsigned long long const, double>, std::_Select1st<std::pair<unsigned long long const, double> >, std::less<unsigned long long>, std::allocator<std::pair<unsigned long long const, double> > >::_M_erase(std::_Rb_tree_node<std::pair<unsigned long long const, double> >*)
  0.00      6.51     0.00       16     0.00     0.00  void arma::subview<double>::inplace_op<arma::op_internal_equ, arma::eGlue<arma::subview<double>, arma::Mat<double>, arma::eglue_plus> >(arma::Base<double, arma::eGlue<arma::subview<double>, arma::Mat<double>, arma::eglue_plus> > const&, char const*)
  0.00      6.51     0.00       10     0.00     0.00  Line::qs_Functions(double&, double&, double&, double&, double&, double&)
  0.00      6.51     0.00        5     0.00     0.00  arma::SpMat<double>::mem_resize(unsigned long long)
  0.00      6.51     0.00        5     0.00     0.00  arma::SpMat<double>::init(unsigned long long, unsigned long long)
  0.00      6.51     0.00        5     0.00     0.00  arma::SpMat<double>::steal_mem(arma::SpMat<double>&)
  0.00      6.51     0.00        5     0.00     0.00  arma::SpMat<double>::SpMat<arma::Mat<double> >(arma::Base<double, arma::Mat<double> > const&)
  0.00      6.51     0.00        5     0.00     0.00  arma::SpMat<double>::~SpMat()
  0.00      6.51     0.00        3     0.00     0.00  arma::Mat<double>& arma::Mat<double>::operator=<arma::Mat<double>, arma::eop_scalar_times>(arma::eOp<arma::Mat<double>, arma::eop_scalar_times> const&)
  0.00      6.51     0.00        2     0.00     0.00  lobatto_set(int, double*, double*)
  0.00      6.51     0.00        2     0.00     0.00  Line::qs_Solution()
  0.00      6.51     0.00        2     0.00     0.00  Line::qs_GetTen()
  0.00      6.51     0.00        2     0.00     0.00  arma::Mat<double>::Mat<arma::subview<double>, arma::subview<double>, arma::eglue_minus>(arma::eGlue<arma::subview<double>, arma::subview<double>, arma::eglue_minus> const&)
  0.00      6.51     0.00        2     0.00     0.00  void arma::op_strans::apply_mat_noalias<double, arma::Mat<double> >(arma::Mat<double>&, arma::Mat<double> const&)
  0.00      6.51     0.00        1     0.00     0.00  _GLOBAL__sub_I_PI
  0.00      6.51     0.00        1     0.00     0.00  _GLOBAL__sub_I__Z5cdgqfiiddPdS_
  0.00      6.51     0.00        1     0.00     0.00  _GLOBAL__sub_I__ZN3BCP14leer_datosBCPsEv
  0.00      6.51     0.00        1     0.00     0.00  _GLOBAL__sub_I__ZN4Line12qs_FunctionsERdS0_S0_S0_S0_S0_
  0.00      6.51     0.00        1     0.00     0.00  _GLOBAL__sub_I__ZN4Line15leer_datosLinesEv
  0.00      6.51     0.00        1     0.00     0.00  Line::SEM_get_D_local()
  0.00      6.51     0.00        1     0.00     0.00  Line::SEM_coefficients()
  0.00      6.51     0.00        1     0.00     0.00  bool arma::auxlib::solve_approx_svd<arma::Mat<double> >(arma::Mat<arma::Mat<double>::pod_type>&, arma::Mat<arma::Mat<double>::pod_type>&, arma::Base<arma::Mat<double>::pod_type, arma::Mat<double> > const&)
  0.00      6.51     0.00        1     0.00     0.00  void arma::subview<double>::inplace_op<arma::op_internal_equ, arma::Mat<double> >(arma::Base<double, arma::Mat<double> > const&, char const*)

 %         the percentage of the total running time of the
time       program used by this function.

cumulative a running sum of the number of seconds accounted
 seconds   for by this function and those listed above it.

 self      the number of seconds accounted for by this
seconds    function alone.  This is the major sort for this
           listing.

calls      the number of times this function was invoked, if
           this function is profiled, else blank.

 self      the average number of milliseconds spent in this
ms/call    function per call, if this function is profiled,
	   else blank.

 total     the average number of milliseconds spent in this
ms/call    function and its descendents per call, if this
	   function is profiled, else blank.

name       the name of the function.  This is the minor sort
           for this listing. The index shows the location of
	   the function in the gprof listing. If the index is
	   in parenthesis it shows where it would appear in
	   the gprof listing if it were to be printed.

Copyright (C) 2012-2016 Free Software Foundation, Inc.

Copying and distribution of this file, with or without modification,
are permitted in any medium without royalty provided the copyright
notice and this notice are preserved.

		     Call graph (explanation follows)


granularity: each sample hit covers 2 byte(s) for 0.15% of 6.51 seconds

index % time    self  children    called     name
                                   1             BDF::get_next_dt() <cycle 1> [35]
[1]     97.7    0.17    6.19       1         BDF::step() <cycle 1> [1]
                0.32    5.80    7658/7658        jac(double, arma::Mat<double>, arma::Mat<double>&, arma::Mat<double>&, solver_data) [3]
                0.07    0.00    7658/7659        bool arma::glue_solve_gen::apply<double, arma::Mat<double>, arma::Mat<double> >(arma::Mat<double>&, arma::Base<double, arma::Mat<double> > const&, arma::Base<double, arma::Mat<double> > const&, unsigned long long) [15]
                0.00    0.00    1418/89492843     arma::Mat<double>::init_warm(unsigned long long, unsigned long long) [7]
                                1418             BDF::get_next_dt() <cycle 1> [35]
-----------------------------------------------
                0.32    5.80    7658/7658        BDF::step() <cycle 1> [1]
[3]     94.0    0.32    5.80    7658         jac(double, arma::Mat<double>, arma::Mat<double>&, arma::Mat<double>&, solver_data) [3]
                1.00    4.80  972566/972566      fun(double, arma::Mat<double>, solver_data) [4]
                0.00    0.00   22974/42823560     arma::Mat<double>::init_cold() [11]
                0.00    0.00    7658/7661        arma::Mat<double>::steal_mem(arma::Mat<double>&) [22]
                0.00    0.00   22974/20446861     frame_dummy [18]
-----------------------------------------------
                1.00    4.80  972566/972566      jac(double, arma::Mat<double>, arma::Mat<double>&, arma::Mat<double>&, solver_data) [3]
[4]     89.1    1.00    4.80  972566         fun(double, arma::Mat<double>, solver_data) [4]
                2.29    1.98  972566/972566      Line::SEM_computeF() [5]
                0.34    0.03 20423886/20423886     void arma::subview<double>::inplace_op<arma::op_internal_equ, arma::Op<arma::subview<double>, arma::op_htrans> >(arma::Base<double, arma::Op<arma::subview<double>, arma::op_htrans> > const&, char const*) [9]
                0.10    0.04  972566/972566      bool arma::glue_solve_gen::apply<double, arma::eOp<arma::Mat<double>, arma::eop_scalar_times>, arma::Mat<double> >(arma::Mat<double>&, arma::Base<double, arma::eOp<arma::Mat<double>, arma::eop_scalar_times> > const&, arma::Base<double, arma::Mat<double> > const&, unsigned long long) [12]
                0.01    0.00  972566/972566      AnchorBCP::getValues(double) [20]
                0.00    0.00  972566/45718286     FairleadBCP::getValues(double) [10]
                0.00    0.00  972566/42823560     arma::Mat<double>::init_cold() [11]
                0.00    0.00 20423886/40847931     void arma::arrayops::copy_small<double>(double*, double const*, unsigned long long) [43]
                0.00    0.00  972566/972567      _GLOBAL__sub_I__ZN3BDF4stepEv [50]
-----------------------------------------------
                2.29    1.98  972566/972566      fun(double, arma::Mat<double>, solver_data) [4]
[5]     65.6    2.29    1.98  972566         Line::SEM_computeF() [5]
                0.68    0.00 40847772/40847774     arma::enable_if2<arma::is_arma_type<arma::Mat<double> >::value, arma::Mat<double>::pod_type>::result arma::norm<arma::Mat<double> >(arma::Mat<double> const&, unsigned long long, arma::arma_real_or_cx_only<arma::Mat<double>::elem_type>::result const*) [6]
                0.50    0.05 88503506/89492843     arma::Mat<double>::init_warm(unsigned long long, unsigned long long) [7]
                0.44    0.00 61271658/61271658     arma::subview<double>::extract(arma::Mat<double>&, arma::subview<double> const&) [8]
                0.18    0.00 44738036/45718286     FairleadBCP::getValues(double) [10]
                0.11    0.02 40847772/42823560     arma::Mat<double>::init_cold() [11]
                0.00    0.00 20423886/20423886     void arma::glue_times::apply<double, false, true, false, false, arma::Mat<double>, arma::Row<double>, arma::Row<double> >(arma::Mat<double>&, arma::Mat<double> const&, arma::Row<double> const&, arma::Row<double> const&, double) [44]
                0.00    0.00 3890264/3890264     void arma::glue_times_redirect2_helper<false>::apply<arma::Mat<double>, arma::Mat<double> >(arma::Mat<arma::Mat<double>::elem_type>&, arma::Glue<arma::Mat<double>, arma::Mat<double>, arma::glue_times> const&) [45]
                0.00    0.00 1945132/1945132     void arma::eop_core<arma::eop_scalar_times>::apply<arma::Mat<double>, arma::Glue<arma::Mat<double>, arma::Mat<double>, arma::glue_times> >(arma::Mat<double>&, arma::eOp<arma::Glue<arma::Mat<double>, arma::Mat<double>, arma::glue_times>, arma::eop_scalar_times> const&) [48]
                0.00    0.00 1945132/1945132     void arma::op_strans::apply_proxy<arma::subview_row<double> >(arma::Mat<arma::subview_row<double>::elem_type>&, arma::subview_row<double> const&) [49]
                0.00    0.00  972566/972566      void arma::eop_core<arma::eop_sqrt>::apply<arma::Mat<double>, arma::eGlue<arma::eGlue<arma::eOp<arma::subview<double>, arma::eop_pow>, arma::eOp<arma::subview<double>, arma::eop_pow>, arma::eglue_plus>, arma::eOp<arma::subview<double>, arma::eop_pow>, arma::eglue_plus> >(arma::Mat<double>&, arma::eOp<arma::eGlue<arma::eGlue<arma::eOp<arma::subview<double>, arma::eop_pow>, arma::eOp<arma::subview<double>, arma::eop_pow>, arma::eglue_plus>, arma::eOp<arma::subview<double>, arma::eop_pow>, arma::eglue_plus>, arma::eop_sqrt> const&) [56]
                0.00    0.00  972566/972566      void arma::eglue_core<arma::eglue_plus>::apply<arma::Mat<double>, arma::eGlue<arma::eGlue<arma::subview_col<double>, arma::subview_col<double>, arma::eglue_schur>, arma::eGlue<arma::subview_col<double>, arma::subview_col<double>, arma::eglue_schur>, arma::eglue_plus>, arma::eGlue<arma::subview_col<double>, arma::subview_col<double>, arma::eglue_schur> >(arma::Mat<double>&, arma::eGlue<arma::eGlue<arma::eGlue<arma::subview_col<double>, arma::subview_col<double>, arma::eglue_schur>, arma::eGlue<arma::subview_col<double>, arma::subview_col<double>, arma::eglue_schur>, arma::eglue_plus>, arma::eGlue<arma::subview_col<double>, arma::subview_col<double>, arma::eglue_schur>, arma::eglue_plus> const&) [51]
                0.00    0.00  972566/972566      void arma::eop_core<arma::eop_scalar_times>::apply<arma::Mat<double>, arma::eGlue<arma::eOp<arma::Mat<double>, arma::eop_scalar_minus_post>, arma::eOp<arma::Mat<double>, arma::eop_scalar_times>, arma::eglue_plus> >(arma::Mat<double>&, arma::eOp<arma::eGlue<arma::eOp<arma::Mat<double>, arma::eop_scalar_minus_post>, arma::eOp<arma::Mat<double>, arma::eop_scalar_times>, arma::eglue_plus>, arma::eop_scalar_times> const&) [53]
                0.00    0.00  972566/972566      void arma::eop_core<arma::eop_scalar_times>::apply<arma::Mat<double>, arma::eGlue<arma::Mat<double>, arma::eOp<arma::Mat<double>, arma::eop_abs>, arma::eglue_plus> >(arma::Mat<double>&, arma::eOp<arma::eGlue<arma::Mat<double>, arma::eOp<arma::Mat<double>, arma::eop_abs>, arma::eglue_plus>, arma::eop_scalar_times> const&) [54]
                0.00    0.00  972566/972566      void arma::eglue_core<arma::eglue_minus>::apply<arma::Mat<double>, arma::eOp<arma::Glue<arma::Mat<double>, arma::Mat<double>, arma::glue_times>, arma::eop_scalar_times>, arma::Glue<arma::Mat<double>, arma::Mat<double>, arma::glue_times> >(arma::Mat<double>&, arma::eGlue<arma::eOp<arma::Glue<arma::Mat<double>, arma::Mat<double>, arma::glue_times>, arma::eop_scalar_times>, arma::Glue<arma::Mat<double>, arma::Mat<double>, arma::glue_times>, arma::eglue_minus> const&) [52]
-----------------------------------------------
                0.00    0.00       2/40847774     Line::initLine() [28]
                0.68    0.00 40847772/40847774     Line::SEM_computeF() [5]
[6]     10.4    0.68    0.00 40847774         arma::enable_if2<arma::is_arma_type<arma::Mat<double> >::value, arma::Mat<double>::pod_type>::result arma::norm<arma::Mat<double> >(arma::Mat<double> const&, unsigned long long, arma::arma_real_or_cx_only<arma::Mat<double>::elem_type>::result const*) [6]
-----------------------------------------------
                0.00    0.00       1/89492843     Line::SEM_getBaseFunctions() [19]
                0.00    0.00       1/89492843     BDF::get_next_dt() <cycle 1> [35]
                0.00    0.00       2/89492843     arma::Mat<double>::operator=(arma::Mat<double> const&) [34]
                0.00    0.00       3/89492843     arma::Mat<double>& arma::Mat<double>::operator=<arma::Mat<double>, arma::eop_scalar_times>(arma::eOp<arma::Mat<double>, arma::eop_scalar_times> const&) [33]
                0.00    0.00       4/89492843     Line::SEM_poly_first_derivative(double, int) [31]
                0.00    0.00       7/89492843     Line::SEM_coefficients() [23]
                0.00    0.00      16/89492843     Line::leer_datosLines() [25]
                0.00    0.00    1418/89492843     BDF::step() <cycle 1> [1]
                0.00    0.00    7661/89492843     arma::Mat<double>::steal_mem(arma::Mat<double>&) [22]
                0.01    0.00  980224/89492843     bool arma::auxlib::solve_square_fast<arma::Mat<double> >(arma::Mat<arma::Mat<double>::elem_type>&, arma::Mat<arma::Mat<double>::elem_type>&, arma::Base<arma::Mat<double>::elem_type, arma::Mat<double> > const&) [17]
                0.50    0.05 88503506/89492843     Line::SEM_computeF() [5]
[7]      8.6    0.51    0.05 89492843         arma::Mat<double>::init_warm(unsigned long long, unsigned long long) [7]
                0.05    0.00 3890297/5866098     double* arma::memory::acquire<double>(unsigned long long) [14]
-----------------------------------------------
                0.44    0.00 61271658/61271658     Line::SEM_computeF() [5]
[8]      6.8    0.44    0.00 61271658         arma::subview<double>::extract(arma::Mat<double>&, arma::subview<double> const&) [8]
-----------------------------------------------
                0.34    0.03 20423886/20423886     fun(double, arma::Mat<double>, solver_data) [4]
[9]      5.7    0.34    0.03 20423886         void arma::subview<double>::inplace_op<arma::op_internal_equ, arma::Op<arma::subview<double>, arma::op_htrans> >(arma::Base<double, arma::Op<arma::subview<double>, arma::op_htrans> > const&, char const*) [9]
                0.03    0.00 20423886/20446861     frame_dummy [18]
                0.00    0.00 20423886/40847931     void arma::arrayops::copy_small<double>(double*, double const*, unsigned long long) [43]
-----------------------------------------------
                0.00    0.00       2/45718286     Line::initLine() [28]
                0.00    0.00       2/45718286     Line::SEM_coefficients() [23]
                0.00    0.00       5/45718286     Line::SEM_getBaseFunctions() [19]
                0.00    0.00      16/45718286     void arma::subview<double>::inplace_op<arma::op_internal_equ, arma::eGlue<arma::subview<double>, arma::Mat<double>, arma::eglue_plus> >(arma::Base<double, arma::eGlue<arma::subview<double>, arma::Mat<double>, arma::eglue_plus> > const&, char const*) [24]
                0.00    0.00    7659/45718286     bool arma::glue_solve_gen::apply<double, arma::Mat<double>, arma::Mat<double> >(arma::Mat<double>&, arma::Base<double, arma::Mat<double> > const&, arma::Base<double, arma::Mat<double> > const&, unsigned long long) [15]
                0.00    0.00  972566/45718286     fun(double, arma::Mat<double>, solver_data) [4]
                0.18    0.00 44738036/45718286     Line::SEM_computeF() [5]
[10]     2.8    0.18    0.00 45718286         FairleadBCP::getValues(double) [10]
                0.00    0.00 2917701/2917701     void arma::op_strans::apply_proxy<arma::eGlue<arma::subview_row<double>, arma::eOp<arma::eOp<arma::eGlue<arma::subview_row<double>, arma::subview_row<double>, arma::eglue_minus>, arma::eop_scalar_times>, arma::eop_scalar_div_post>, arma::eglue_plus> >(arma::Mat<arma::eGlue<arma::subview_row<double>, arma::eOp<arma::eOp<arma::eGlue<arma::subview_row<double>, arma::subview_row<double>, arma::eglue_minus>, arma::eop_scalar_times>, arma::eop_scalar_div_post>, arma::eglue_plus>::elem_type>&, arma::eGlue<arma::subview_row<double>, arma::eOp<arma::eOp<arma::eGlue<arma::subview_row<double>, arma::subview_row<double>, arma::eglue_minus>, arma::eop_scalar_times>, arma::eop_scalar_div_post>, arma::eglue_plus> const&) [46]
-----------------------------------------------
                0.00    0.00       1/42823560     bool arma::auxlib::solve_approx_svd<arma::Mat<double> >(arma::Mat<arma::Mat<double>::pod_type>&, arma::Mat<arma::Mat<double>::pod_type>&, arma::Base<arma::Mat<double>::pod_type, arma::Mat<double> > const&) [32]
                0.00    0.00       1/42823560     Line::SEM_get_D_local() [36]
                0.00    0.00       2/42823560     Line::SEM_coefficients() [23]
                0.00    0.00       3/42823560     Line::SEM_getBaseFunctions() [19]
                0.00    0.00      16/42823560     void arma::subview<double>::inplace_op<arma::op_internal_equ, arma::eGlue<arma::subview<double>, arma::Mat<double>, arma::eglue_plus> >(arma::Base<double, arma::eGlue<arma::subview<double>, arma::Mat<double>, arma::eglue_plus> > const&, char const*) [24]
                0.00    0.00    7659/42823560     bool arma::glue_solve_gen::apply<double, arma::Mat<double>, arma::Mat<double> >(arma::Mat<double>&, arma::Base<double, arma::Mat<double> > const&, arma::Base<double, arma::Mat<double> > const&, unsigned long long) [15]
                0.00    0.00   22974/42823560     jac(double, arma::Mat<double>, arma::Mat<double>&, arma::Mat<double>&, solver_data) [3]
                0.00    0.00  972566/42823560     fun(double, arma::Mat<double>, solver_data) [4]
                0.00    0.00  972566/42823560     bool arma::glue_solve_gen::apply<double, arma::eOp<arma::Mat<double>, arma::eop_scalar_times>, arma::Mat<double> >(arma::Mat<double>&, arma::Base<double, arma::eOp<arma::Mat<double>, arma::eop_scalar_times> > const&, arma::Base<double, arma::Mat<double> > const&, unsigned long long) [12]
                0.11    0.02 40847772/42823560     Line::SEM_computeF() [5]
[11]     2.2    0.12    0.03 42823560         arma::Mat<double>::init_cold() [11]
                0.03    0.00 1975788/5866098     double* arma::memory::acquire<double>(unsigned long long) [14]
-----------------------------------------------
                0.10    0.04  972566/972566      fun(double, arma::Mat<double>, solver_data) [4]
[12]     2.1    0.10    0.04  972566         bool arma::glue_solve_gen::apply<double, arma::eOp<arma::Mat<double>, arma::eop_scalar_times>, arma::Mat<double> >(arma::Mat<double>&, arma::Base<double, arma::eOp<arma::Mat<double>, arma::eop_scalar_times> > const&, arma::Base<double, arma::Mat<double> > const&, unsigned long long) [12]
                0.03    0.01  972566/980224      bool arma::auxlib::solve_square_fast<arma::Mat<double> >(arma::Mat<arma::Mat<double>::elem_type>&, arma::Mat<arma::Mat<double>::elem_type>&, arma::Base<arma::Mat<double>::elem_type, arma::Mat<double> > const&) [17]
                0.00    0.00  972566/42823560     arma::Mat<double>::init_cold() [11]
                0.00    0.00  972566/972566      void arma::eop_core<arma::eop_scalar_times>::apply<arma::Mat<double>, arma::Mat<double> >(arma::Mat<double>&, arma::eOp<arma::Mat<double>, arma::eop_scalar_times> const&) [55]
-----------------------------------------------
                                                 <spontaneous>
[13]     1.2    0.08    0.00                 void arma::gemv<true, false, false>::apply_blas_type<double, arma::Row<double> >(double*, arma::Row<double> const&, double const*, double, double) [13]
-----------------------------------------------
                0.00    0.00       1/5866098     bool arma::auxlib::solve_approx_svd<arma::Mat<double> >(arma::Mat<arma::Mat<double>::pod_type>&, arma::Mat<arma::Mat<double>::pod_type>&, arma::Base<arma::Mat<double>::pod_type, arma::Mat<double> > const&) [32]
                0.00    0.00       2/5866098     arma::Mat<double>::Mat(arma::Mat<double> const&) [29]
                0.00    0.00       2/5866098     arma::Mat<double>::Mat<arma::Mat<double>, arma::gen_zeros>(arma::Gen<arma::Mat<double>, arma::gen_zeros> const&) [30]
                0.00    0.00       3/5866098     Line::SEM_getBaseFunctions() [19]
                0.00    0.00       5/5866098     arma::SpMat<double>::mem_resize(unsigned long long) [26]
                0.03    0.00 1975788/5866098     arma::Mat<double>::init_cold() [11]
                0.05    0.00 3890297/5866098     arma::Mat<double>::init_warm(unsigned long long, unsigned long long) [7]
[14]     1.2    0.08    0.00 5866098         double* arma::memory::acquire<double>(unsigned long long) [14]
-----------------------------------------------
                0.00    0.00       1/7659        Line::SEM_coefficients() [23]
                0.07    0.00    7658/7659        BDF::step() <cycle 1> [1]
[15]     1.1    0.07    0.00    7659         bool arma::glue_solve_gen::apply<double, arma::Mat<double>, arma::Mat<double> >(arma::Mat<double>&, arma::Base<double, arma::Mat<double> > const&, arma::Base<double, arma::Mat<double> > const&, unsigned long long) [15]
                0.00    0.00    7658/980224      bool arma::auxlib::solve_square_fast<arma::Mat<double> >(arma::Mat<arma::Mat<double>::elem_type>&, arma::Mat<arma::Mat<double>::elem_type>&, arma::Base<arma::Mat<double>::elem_type, arma::Mat<double> > const&) [17]
                0.00    0.00    7659/45718286     FairleadBCP::getValues(double) [10]
                0.00    0.00    7659/42823560     arma::Mat<double>::init_cold() [11]
                0.00    0.00       1/1           bool arma::auxlib::solve_approx_svd<arma::Mat<double> >(arma::Mat<arma::Mat<double>::pod_type>&, arma::Mat<arma::Mat<double>::pod_type>&, arma::Base<arma::Mat<double>::pod_type, arma::Mat<double> > const&) [32]
-----------------------------------------------
                                                 <spontaneous>
[16]     0.8    0.05    0.00                 bool arma::auxlib::svd_dc<double, arma::Mat<double> >(arma::Col<double>&, arma::Base<double, arma::Mat<double> > const&, unsigned long long&, unsigned long long&) [16]
-----------------------------------------------
                0.00    0.00    7658/980224      bool arma::glue_solve_gen::apply<double, arma::Mat<double>, arma::Mat<double> >(arma::Mat<double>&, arma::Base<double, arma::Mat<double> > const&, arma::Base<double, arma::Mat<double> > const&, unsigned long long) [15]
                0.03    0.01  972566/980224      bool arma::glue_solve_gen::apply<double, arma::eOp<arma::Mat<double>, arma::eop_scalar_times>, arma::Mat<double> >(arma::Mat<double>&, arma::Base<double, arma::eOp<arma::Mat<double>, arma::eop_scalar_times> > const&, arma::Base<double, arma::Mat<double> > const&, unsigned long long) [12]
[17]     0.6    0.03    0.01  980224         bool arma::auxlib::solve_square_fast<arma::Mat<double> >(arma::Mat<arma::Mat<double>::elem_type>&, arma::Mat<arma::Mat<double>::elem_type>&, arma::Base<arma::Mat<double>::elem_type, arma::Mat<double> > const&) [17]
                0.01    0.00  980224/89492843     arma::Mat<double>::init_warm(unsigned long long, unsigned long long) [7]
-----------------------------------------------
                0.00    0.00       1/20446861     bool arma::auxlib::solve_approx_svd<arma::Mat<double> >(arma::Mat<arma::Mat<double>::pod_type>&, arma::Mat<arma::Mat<double>::pod_type>&, arma::Base<arma::Mat<double>::pod_type, arma::Mat<double> > const&) [32]
                0.00    0.00   22974/20446861     jac(double, arma::Mat<double>, arma::Mat<double>&, arma::Mat<double>&, solver_data) [3]
                0.03    0.00 20423886/20446861     void arma::subview<double>::inplace_op<arma::op_internal_equ, arma::Op<arma::subview<double>, arma::op_htrans> >(arma::Base<double, arma::Op<arma::subview<double>, arma::op_htrans> > const&, char const*) [9]
[18]     0.5    0.03    0.00 20446861         frame_dummy [18]
-----------------------------------------------
                                                 <spontaneous>
[19]     0.2    0.01    0.00                 Line::SEM_getBaseFunctions() [19]
                0.00    0.00       1/1           Line::SEM_coefficients() [23]
                0.00    0.00      16/16          void arma::subview<double>::inplace_op<arma::op_internal_equ, arma::eGlue<arma::subview<double>, arma::Mat<double>, arma::eglue_plus> >(arma::Base<double, arma::eGlue<arma::subview<double>, arma::Mat<double>, arma::eglue_plus> > const&, char const*) [24]
                0.00    0.00       5/5           arma::SpMat<double>::SpMat<arma::Mat<double> >(arma::Base<double, arma::Mat<double> > const&) [27]
                0.00    0.00       3/5866098     double* arma::memory::acquire<double>(unsigned long long) [14]
                0.00    0.00     870/906         Line::SEM_poly_first_derivative(double, int) [31]
                0.00    0.00       5/45718286     FairleadBCP::getValues(double) [10]
                0.00    0.00       3/42823560     arma::Mat<double>::init_cold() [11]
                0.00    0.00       1/7661        arma::Mat<double>::steal_mem(arma::Mat<double>&) [22]
                0.00    0.00       1/3           arma::Mat<double>& arma::Mat<double>::operator=<arma::Mat<double>, arma::eop_scalar_times>(arma::eOp<arma::Mat<double>, arma::eop_scalar_times> const&) [33]
                0.00    0.00       1/89492843     arma::Mat<double>::init_warm(unsigned long long, unsigned long long) [7]
                0.00    0.00       1/1           Line::SEM_get_D_local() [36]
                0.00    0.00     864/864         Line::SEM_poly(double, int) [57]
                0.00    0.00       5/5           arma::SpMat<double>::~SpMat() [62]
                0.00    0.00       5/5           arma::SpMat<double>::steal_mem(arma::SpMat<double>&) [61]
                0.00    0.00       1/2           void arma::op_strans::apply_mat_noalias<double, arma::Mat<double> >(arma::Mat<double>&, arma::Mat<double> const&) [67]
                0.00    0.00       1/2           lobatto_set(int, double*, double*) [63]
-----------------------------------------------
                0.01    0.00  972566/972566      fun(double, arma::Mat<double>, solver_data) [4]
[20]     0.2    0.01    0.00  972566         AnchorBCP::getValues(double) [20]
                0.00    0.00 1945132/1945135     void arma::arrayops::inplace_set_small<double>(double*, double, unsigned long long) [47]
-----------------------------------------------
                                                 <spontaneous>
[21]     0.2    0.01    0.00                 arma::Mat<double>::operator=(arma::subview<double> const&) [21]
-----------------------------------------------
                0.00    0.00       1/7661        bool arma::auxlib::solve_approx_svd<arma::Mat<double> >(arma::Mat<arma::Mat<double>::pod_type>&, arma::Mat<arma::Mat<double>::pod_type>&, arma::Base<arma::Mat<double>::pod_type, arma::Mat<double> > const&) [32]
                0.00    0.00       1/7661        Line::SEM_coefficients() [23]
                0.00    0.00       1/7661        Line::SEM_getBaseFunctions() [19]
                0.00    0.00    7658/7661        jac(double, arma::Mat<double>, arma::Mat<double>&, arma::Mat<double>&, solver_data) [3]
[22]     0.0    0.00    0.00    7661         arma::Mat<double>::steal_mem(arma::Mat<double>&) [22]
                0.00    0.00    7661/89492843     arma::Mat<double>::init_warm(unsigned long long, unsigned long long) [7]
-----------------------------------------------
                0.00    0.00       1/1           Line::SEM_getBaseFunctions() [19]
[23]     0.0    0.00    0.00       1         Line::SEM_coefficients() [23]
                0.00    0.00       1/7659        bool arma::glue_solve_gen::apply<double, arma::Mat<double>, arma::Mat<double> >(arma::Mat<double>&, arma::Base<double, arma::Mat<double> > const&, arma::Base<double, arma::Mat<double> > const&, unsigned long long) [15]
                0.00    0.00       7/89492843     arma::Mat<double>::init_warm(unsigned long long, unsigned long long) [7]
                0.00    0.00       2/45718286     FairleadBCP::getValues(double) [10]
                0.00    0.00       2/42823560     arma::Mat<double>::init_cold() [11]
                0.00    0.00       1/7661        arma::Mat<double>::steal_mem(arma::Mat<double>&) [22]
                0.00    0.00      57/40847931     void arma::arrayops::copy_small<double>(double*, double const*, unsigned long long) [43]
                0.00    0.00       1/2           void arma::op_strans::apply_mat_noalias<double, arma::Mat<double> >(arma::Mat<double>&, arma::Mat<double> const&) [67]
-----------------------------------------------
                0.00    0.00      16/16          Line::SEM_getBaseFunctions() [19]
[24]     0.0    0.00    0.00      16         void arma::subview<double>::inplace_op<arma::op_internal_equ, arma::eGlue<arma::subview<double>, arma::Mat<double>, arma::eglue_plus> >(arma::Base<double, arma::eGlue<arma::subview<double>, arma::Mat<double>, arma::eglue_plus> > const&, char const*) [24]
                0.00    0.00      16/45718286     FairleadBCP::getValues(double) [10]
                0.00    0.00      16/42823560     arma::Mat<double>::init_cold() [11]
                0.00    0.00      96/40847931     void arma::arrayops::copy_small<double>(double*, double const*, unsigned long long) [43]
-----------------------------------------------
                                                 <spontaneous>
[25]     0.0    0.00    0.00                 Line::leer_datosLines() [25]
                0.00    0.00      16/89492843     arma::Mat<double>::init_warm(unsigned long long, unsigned long long) [7]
                0.00    0.00       3/1945135     void arma::arrayops::inplace_set_small<double>(double*, double, unsigned long long) [47]
                0.00    0.00       1/2           lobatto_set(int, double*, double*) [63]
-----------------------------------------------
                0.00    0.00       5/5           arma::SpMat<double>::SpMat<arma::Mat<double> >(arma::Base<double, arma::Mat<double> > const&) [27]
[26]     0.0    0.00    0.00       5         arma::SpMat<double>::mem_resize(unsigned long long) [26]
                0.00    0.00       5/5866098     double* arma::memory::acquire<double>(unsigned long long) [14]
                0.00    0.00       5/30          std::_Rb_tree<unsigned long long, std::pair<unsigned long long const, double>, std::_Select1st<std::pair<unsigned long long const, double> >, std::less<unsigned long long>, std::allocator<std::pair<unsigned long long const, double> > >::_M_erase(std::_Rb_tree_node<std::pair<unsigned long long const, double> >*) [58]
-----------------------------------------------
                0.00    0.00       5/5           Line::SEM_getBaseFunctions() [19]
[27]     0.0    0.00    0.00       5         arma::SpMat<double>::SpMat<arma::Mat<double> >(arma::Base<double, arma::Mat<double> > const&) [27]
                0.00    0.00       5/5           arma::SpMat<double>::mem_resize(unsigned long long) [26]
                0.00    0.00       5/5           arma::SpMat<double>::init(unsigned long long, unsigned long long) [60]
-----------------------------------------------
                                                 <spontaneous>
[28]     0.0    0.00    0.00                 Line::initLine() [28]
                0.00    0.00       2/40847774     arma::enable_if2<arma::is_arma_type<arma::Mat<double> >::value, arma::Mat<double>::pod_type>::result arma::norm<arma::Mat<double> >(arma::Mat<double> const&, unsigned long long, arma::arma_real_or_cx_only<arma::Mat<double>::elem_type>::result const*) [6]
                0.00    0.00       2/3           arma::Mat<double>& arma::Mat<double>::operator=<arma::Mat<double>, arma::eop_scalar_times>(arma::eOp<arma::Mat<double>, arma::eop_scalar_times> const&) [33]
                0.00    0.00       2/45718286     FairleadBCP::getValues(double) [10]
                0.00    0.00       2/2           Line::qs_GetTen() [65]
                0.00    0.00       2/2           Line::qs_Solution() [64]
                0.00    0.00       2/2           arma::Mat<double>::Mat<arma::subview<double>, arma::subview<double>, arma::eglue_minus>(arma::eGlue<arma::subview<double>, arma::subview<double>, arma::eglue_minus> const&) [66]
-----------------------------------------------
                                                 <spontaneous>
[29]     0.0    0.00    0.00                 arma::Mat<double>::Mat(arma::Mat<double> const&) [29]
                0.00    0.00       2/5866098     double* arma::memory::acquire<double>(unsigned long long) [14]
-----------------------------------------------
                                                 <spontaneous>
[30]     0.0    0.00    0.00                 arma::Mat<double>::Mat<arma::Mat<double>, arma::gen_zeros>(arma::Gen<arma::Mat<double>, arma::gen_zeros> const&) [30]
                0.00    0.00       2/5866098     double* arma::memory::acquire<double>(unsigned long long) [14]
-----------------------------------------------
                0.00    0.00      36/906         Line::SEM_get_D_local() [36]
                0.00    0.00     870/906         Line::SEM_getBaseFunctions() [19]
[31]     0.0    0.00    0.00     906         Line::SEM_poly_first_derivative(double, int) [31]
                0.00    0.00       4/89492843     arma::Mat<double>::init_warm(unsigned long long, unsigned long long) [7]
-----------------------------------------------
                0.00    0.00       1/1           bool arma::glue_solve_gen::apply<double, arma::Mat<double>, arma::Mat<double> >(arma::Mat<double>&, arma::Base<double, arma::Mat<double> > const&, arma::Base<double, arma::Mat<double> > const&, unsigned long long) [15]
[32]     0.0    0.00    0.00       1         bool arma::auxlib::solve_approx_svd<arma::Mat<double> >(arma::Mat<arma::Mat<double>::pod_type>&, arma::Mat<arma::Mat<double>::pod_type>&, arma::Base<arma::Mat<double>::pod_type, arma::Mat<double> > const&) [32]
                0.00    0.00       1/5866098     double* arma::memory::acquire<double>(unsigned long long) [14]
                0.00    0.00       1/7661        arma::Mat<double>::steal_mem(arma::Mat<double>&) [22]
                0.00    0.00       1/42823560     arma::Mat<double>::init_cold() [11]
                0.00    0.00       1/20446861     frame_dummy [18]
                0.00    0.00       1/1           void arma::subview<double>::inplace_op<arma::op_internal_equ, arma::Mat<double> >(arma::Base<double, arma::Mat<double> > const&, char const*) [73]
-----------------------------------------------
                0.00    0.00       1/3           Line::SEM_getBaseFunctions() [19]
                0.00    0.00       2/3           Line::initLine() [28]
[33]     0.0    0.00    0.00       3         arma::Mat<double>& arma::Mat<double>::operator=<arma::Mat<double>, arma::eop_scalar_times>(arma::eOp<arma::Mat<double>, arma::eop_scalar_times> const&) [33]
                0.00    0.00       3/89492843     arma::Mat<double>::init_warm(unsigned long long, unsigned long long) [7]
-----------------------------------------------
                                                 <spontaneous>
[34]     0.0    0.00    0.00                 arma::Mat<double>::operator=(arma::Mat<double> const&) [34]
                0.00    0.00       2/89492843     arma::Mat<double>::init_warm(unsigned long long, unsigned long long) [7]
-----------------------------------------------
                                1418             BDF::step() <cycle 1> [1]
[35]     0.0    0.00    0.00    1418         BDF::get_next_dt() <cycle 1> [35]
                0.00    0.00       1/89492843     arma::Mat<double>::init_warm(unsigned long long, unsigned long long) [7]
                                   1             BDF::step() <cycle 1> [1]
-----------------------------------------------
                0.00    0.00       1/1           Line::SEM_getBaseFunctions() [19]
[36]     0.0    0.00    0.00       1         Line::SEM_get_D_local() [36]
                0.00    0.00       1/42823560     arma::Mat<double>::init_cold() [11]
                0.00    0.00      36/906         Line::SEM_poly_first_derivative(double, int) [31]
-----------------------------------------------
                0.00    0.00       6/40847931     void arma::subview<double>::inplace_op<arma::op_internal_equ, arma::Mat<double> >(arma::Base<double, arma::Mat<double> > const&, char const*) [73]
                0.00    0.00      57/40847931     Line::SEM_coefficients() [23]
                0.00    0.00      96/40847931     void arma::subview<double>::inplace_op<arma::op_internal_equ, arma::eGlue<arma::subview<double>, arma::Mat<double>, arma::eglue_plus> >(arma::Base<double, arma::eGlue<arma::subview<double>, arma::Mat<double>, arma::eglue_plus> > const&, char const*) [24]
                0.00    0.00 20423886/40847931     fun(double, arma::Mat<double>, solver_data) [4]
                0.00    0.00 20423886/40847931     void arma::subview<double>::inplace_op<arma::op_internal_equ, arma::Op<arma::subview<double>, arma::op_htrans> >(arma::Base<double, arma::Op<arma::subview<double>, arma::op_htrans> > const&, char const*) [9]
[43]     0.0    0.00    0.00 40847931         void arma::arrayops::copy_small<double>(double*, double const*, unsigned long long) [43]
-----------------------------------------------
                0.00    0.00 20423886/20423886     Line::SEM_computeF() [5]
[44]     0.0    0.00    0.00 20423886         void arma::glue_times::apply<double, false, true, false, false, arma::Mat<double>, arma::Row<double>, arma::Row<double> >(arma::Mat<double>&, arma::Mat<double> const&, arma::Row<double> const&, arma::Row<double> const&, double) [44]
-----------------------------------------------
                0.00    0.00 3890264/3890264     Line::SEM_computeF() [5]
[45]     0.0    0.00    0.00 3890264         void arma::glue_times_redirect2_helper<false>::apply<arma::Mat<double>, arma::Mat<double> >(arma::Mat<arma::Mat<double>::elem_type>&, arma::Glue<arma::Mat<double>, arma::Mat<double>, arma::glue_times> const&) [45]
-----------------------------------------------
                0.00    0.00 2917701/2917701     FairleadBCP::getValues(double) [10]
[46]     0.0    0.00    0.00 2917701         void arma::op_strans::apply_proxy<arma::eGlue<arma::subview_row<double>, arma::eOp<arma::eOp<arma::eGlue<arma::subview_row<double>, arma::subview_row<double>, arma::eglue_minus>, arma::eop_scalar_times>, arma::eop_scalar_div_post>, arma::eglue_plus> >(arma::Mat<arma::eGlue<arma::subview_row<double>, arma::eOp<arma::eOp<arma::eGlue<arma::subview_row<double>, arma::subview_row<double>, arma::eglue_minus>, arma::eop_scalar_times>, arma::eop_scalar_div_post>, arma::eglue_plus>::elem_type>&, arma::eGlue<arma::subview_row<double>, arma::eOp<arma::eOp<arma::eGlue<arma::subview_row<double>, arma::subview_row<double>, arma::eglue_minus>, arma::eop_scalar_times>, arma::eop_scalar_div_post>, arma::eglue_plus> const&) [46]
-----------------------------------------------
                0.00    0.00       3/1945135     Line::leer_datosLines() [25]
                0.00    0.00 1945132/1945135     AnchorBCP::getValues(double) [20]
[47]     0.0    0.00    0.00 1945135         void arma::arrayops::inplace_set_small<double>(double*, double, unsigned long long) [47]
-----------------------------------------------
                0.00    0.00 1945132/1945132     Line::SEM_computeF() [5]
[48]     0.0    0.00    0.00 1945132         void arma::eop_core<arma::eop_scalar_times>::apply<arma::Mat<double>, arma::Glue<arma::Mat<double>, arma::Mat<double>, arma::glue_times> >(arma::Mat<double>&, arma::eOp<arma::Glue<arma::Mat<double>, arma::Mat<double>, arma::glue_times>, arma::eop_scalar_times> const&) [48]
-----------------------------------------------
                0.00    0.00 1945132/1945132     Line::SEM_computeF() [5]
[49]     0.0    0.00    0.00 1945132         void arma::op_strans::apply_proxy<arma::subview_row<double> >(arma::Mat<arma::subview_row<double>::elem_type>&, arma::subview_row<double> const&) [49]
-----------------------------------------------
                0.00    0.00       1/972567      __libc_csu_init [233]
                0.00    0.00  972566/972567      fun(double, arma::Mat<double>, solver_data) [4]
[50]     0.0    0.00    0.00  972567         _GLOBAL__sub_I__ZN3BDF4stepEv [50]
-----------------------------------------------
                0.00    0.00  972566/972566      Line::SEM_computeF() [5]
[51]     0.0    0.00    0.00  972566         void arma::eglue_core<arma::eglue_plus>::apply<arma::Mat<double>, arma::eGlue<arma::eGlue<arma::subview_col<double>, arma::subview_col<double>, arma::eglue_schur>, arma::eGlue<arma::subview_col<double>, arma::subview_col<double>, arma::eglue_schur>, arma::eglue_plus>, arma::eGlue<arma::subview_col<double>, arma::subview_col<double>, arma::eglue_schur> >(arma::Mat<double>&, arma::eGlue<arma::eGlue<arma::eGlue<arma::subview_col<double>, arma::subview_col<double>, arma::eglue_schur>, arma::eGlue<arma::subview_col<double>, arma::subview_col<double>, arma::eglue_schur>, arma::eglue_plus>, arma::eGlue<arma::subview_col<double>, arma::subview_col<double>, arma::eglue_schur>, arma::eglue_plus> const&) [51]
-----------------------------------------------
                0.00    0.00  972566/972566      Line::SEM_computeF() [5]
[52]     0.0    0.00    0.00  972566         void arma::eglue_core<arma::eglue_minus>::apply<arma::Mat<double>, arma::eOp<arma::Glue<arma::Mat<double>, arma::Mat<double>, arma::glue_times>, arma::eop_scalar_times>, arma::Glue<arma::Mat<double>, arma::Mat<double>, arma::glue_times> >(arma::Mat<double>&, arma::eGlue<arma::eOp<arma::Glue<arma::Mat<double>, arma::Mat<double>, arma::glue_times>, arma::eop_scalar_times>, arma::Glue<arma::Mat<double>, arma::Mat<double>, arma::glue_times>, arma::eglue_minus> const&) [52]
-----------------------------------------------
                0.00    0.00  972566/972566      Line::SEM_computeF() [5]
[53]     0.0    0.00    0.00  972566         void arma::eop_core<arma::eop_scalar_times>::apply<arma::Mat<double>, arma::eGlue<arma::eOp<arma::Mat<double>, arma::eop_scalar_minus_post>, arma::eOp<arma::Mat<double>, arma::eop_scalar_times>, arma::eglue_plus> >(arma::Mat<double>&, arma::eOp<arma::eGlue<arma::eOp<arma::Mat<double>, arma::eop_scalar_minus_post>, arma::eOp<arma::Mat<double>, arma::eop_scalar_times>, arma::eglue_plus>, arma::eop_scalar_times> const&) [53]
-----------------------------------------------
                0.00    0.00  972566/972566      Line::SEM_computeF() [5]
[54]     0.0    0.00    0.00  972566         void arma::eop_core<arma::eop_scalar_times>::apply<arma::Mat<double>, arma::eGlue<arma::Mat<double>, arma::eOp<arma::Mat<double>, arma::eop_abs>, arma::eglue_plus> >(arma::Mat<double>&, arma::eOp<arma::eGlue<arma::Mat<double>, arma::eOp<arma::Mat<double>, arma::eop_abs>, arma::eglue_plus>, arma::eop_scalar_times> const&) [54]
-----------------------------------------------
                0.00    0.00  972566/972566      bool arma::glue_solve_gen::apply<double, arma::eOp<arma::Mat<double>, arma::eop_scalar_times>, arma::Mat<double> >(arma::Mat<double>&, arma::Base<double, arma::eOp<arma::Mat<double>, arma::eop_scalar_times> > const&, arma::Base<double, arma::Mat<double> > const&, unsigned long long) [12]
[55]     0.0    0.00    0.00  972566         void arma::eop_core<arma::eop_scalar_times>::apply<arma::Mat<double>, arma::Mat<double> >(arma::Mat<double>&, arma::eOp<arma::Mat<double>, arma::eop_scalar_times> const&) [55]
-----------------------------------------------
                0.00    0.00  972566/972566      Line::SEM_computeF() [5]
[56]     0.0    0.00    0.00  972566         void arma::eop_core<arma::eop_sqrt>::apply<arma::Mat<double>, arma::eGlue<arma::eGlue<arma::eOp<arma::subview<double>, arma::eop_pow>, arma::eOp<arma::subview<double>, arma::eop_pow>, arma::eglue_plus>, arma::eOp<arma::subview<double>, arma::eop_pow>, arma::eglue_plus> >(arma::Mat<double>&, arma::eOp<arma::eGlue<arma::eGlue<arma::eOp<arma::subview<double>, arma::eop_pow>, arma::eOp<arma::subview<double>, arma::eop_pow>, arma::eglue_plus>, arma::eOp<arma::subview<double>, arma::eop_pow>, arma::eglue_plus>, arma::eop_sqrt> const&) [56]
-----------------------------------------------
                0.00    0.00     864/864         Line::SEM_getBaseFunctions() [19]
[57]     0.0    0.00    0.00     864         Line::SEM_poly(double, int) [57]
-----------------------------------------------
                0.00    0.00       5/30          arma::SpMat<double>::mem_resize(unsigned long long) [26]
                0.00    0.00       5/30          arma::SpMat<double>::init(unsigned long long, unsigned long long) [60]
                0.00    0.00      10/30          arma::SpMat<double>::~SpMat() [62]
                0.00    0.00      10/30          arma::SpMat<double>::steal_mem(arma::SpMat<double>&) [61]
[58]     0.0    0.00    0.00      30         std::_Rb_tree<unsigned long long, std::pair<unsigned long long const, double>, std::_Select1st<std::pair<unsigned long long const, double> >, std::less<unsigned long long>, std::allocator<std::pair<unsigned long long const, double> > >::_M_erase(std::_Rb_tree_node<std::pair<unsigned long long const, double> >*) [58]
-----------------------------------------------
                0.00    0.00      10/10          Line::qs_GetTen() [65]
[59]     0.0    0.00    0.00      10         Line::qs_Functions(double&, double&, double&, double&, double&, double&) [59]
-----------------------------------------------
                0.00    0.00       5/5           arma::SpMat<double>::SpMat<arma::Mat<double> >(arma::Base<double, arma::Mat<double> > const&) [27]
[60]     0.0    0.00    0.00       5         arma::SpMat<double>::init(unsigned long long, unsigned long long) [60]
                0.00    0.00       5/30          std::_Rb_tree<unsigned long long, std::pair<unsigned long long const, double>, std::_Select1st<std::pair<unsigned long long const, double> >, std::less<unsigned long long>, std::allocator<std::pair<unsigned long long const, double> > >::_M_erase(std::_Rb_tree_node<std::pair<unsigned long long const, double> >*) [58]
-----------------------------------------------
                0.00    0.00       5/5           Line::SEM_getBaseFunctions() [19]
[61]     0.0    0.00    0.00       5         arma::SpMat<double>::steal_mem(arma::SpMat<double>&) [61]
                0.00    0.00      10/30          std::_Rb_tree<unsigned long long, std::pair<unsigned long long const, double>, std::_Select1st<std::pair<unsigned long long const, double> >, std::less<unsigned long long>, std::allocator<std::pair<unsigned long long const, double> > >::_M_erase(std::_Rb_tree_node<std::pair<unsigned long long const, double> >*) [58]
-----------------------------------------------
                0.00    0.00       5/5           Line::SEM_getBaseFunctions() [19]
[62]     0.0    0.00    0.00       5         arma::SpMat<double>::~SpMat() [62]
                0.00    0.00      10/30          std::_Rb_tree<unsigned long long, std::pair<unsigned long long const, double>, std::_Select1st<std::pair<unsigned long long const, double> >, std::less<unsigned long long>, std::allocator<std::pair<unsigned long long const, double> > >::_M_erase(std::_Rb_tree_node<std::pair<unsigned long long const, double> >*) [58]
-----------------------------------------------
                0.00    0.00       1/2           Line::leer_datosLines() [25]
                0.00    0.00       1/2           Line::SEM_getBaseFunctions() [19]
[63]     0.0    0.00    0.00       2         lobatto_set(int, double*, double*) [63]
-----------------------------------------------
                0.00    0.00       2/2           Line::initLine() [28]
[64]     0.0    0.00    0.00       2         Line::qs_Solution() [64]
-----------------------------------------------
                0.00    0.00       2/2           Line::initLine() [28]
[65]     0.0    0.00    0.00       2         Line::qs_GetTen() [65]
                0.00    0.00      10/10          Line::qs_Functions(double&, double&, double&, double&, double&, double&) [59]
-----------------------------------------------
                0.00    0.00       2/2           Line::initLine() [28]
[66]     0.0    0.00    0.00       2         arma::Mat<double>::Mat<arma::subview<double>, arma::subview<double>, arma::eglue_minus>(arma::eGlue<arma::subview<double>, arma::subview<double>, arma::eglue_minus> const&) [66]
-----------------------------------------------
                0.00    0.00       1/2           Line::SEM_coefficients() [23]
                0.00    0.00       1/2           Line::SEM_getBaseFunctions() [19]
[67]     0.0    0.00    0.00       2         void arma::op_strans::apply_mat_noalias<double, arma::Mat<double> >(arma::Mat<double>&, arma::Mat<double> const&) [67]
-----------------------------------------------
                0.00    0.00       1/1           __libc_csu_init [233]
[68]     0.0    0.00    0.00       1         _GLOBAL__sub_I_PI [68]
-----------------------------------------------
                0.00    0.00       1/1           __libc_csu_init [233]
[69]     0.0    0.00    0.00       1         _GLOBAL__sub_I__Z5cdgqfiiddPdS_ [69]
-----------------------------------------------
                0.00    0.00       1/1           __libc_csu_init [233]
[70]     0.0    0.00    0.00       1         _GLOBAL__sub_I__ZN3BCP14leer_datosBCPsEv [70]
-----------------------------------------------
                0.00    0.00       1/1           __libc_csu_init [233]
[71]     0.0    0.00    0.00       1         _GLOBAL__sub_I__ZN4Line12qs_FunctionsERdS0_S0_S0_S0_S0_ [71]
-----------------------------------------------
                0.00    0.00       1/1           __libc_csu_init [233]
[72]     0.0    0.00    0.00       1         _GLOBAL__sub_I__ZN4Line15leer_datosLinesEv [72]
-----------------------------------------------
                0.00    0.00       1/1           bool arma::auxlib::solve_approx_svd<arma::Mat<double> >(arma::Mat<arma::Mat<double>::pod_type>&, arma::Mat<arma::Mat<double>::pod_type>&, arma::Base<arma::Mat<double>::pod_type, arma::Mat<double> > const&) [32]
[73]     0.0    0.00    0.00       1         void arma::subview<double>::inplace_op<arma::op_internal_equ, arma::Mat<double> >(arma::Base<double, arma::Mat<double> > const&, char const*) [73]
                0.00    0.00       6/40847931     void arma::arrayops::copy_small<double>(double*, double const*, unsigned long long) [43]
-----------------------------------------------

 This table describes the call tree of the program, and was sorted by
 the total amount of time spent in each function and its children.

 Each entry in this table consists of several lines.  The line with the
 index number at the left hand margin lists the current function.
 The lines above it list the functions that called this function,
 and the lines below it list the functions this one called.
 This line lists:
     index	A unique number given to each element of the table.
		Index numbers are sorted numerically.
		The index number is printed next to every function name so
		it is easier to look up where the function is in the table.

     % time	This is the percentage of the `total' time that was spent
		in this function and its children.  Note that due to
		different viewpoints, functions excluded by options, etc,
		these numbers will NOT add up to 100%.

     self	This is the total amount of time spent in this function.

     children	This is the total amount of time propagated into this
		function by its children.

     called	This is the number of times the function was called.
		If the function called itself recursively, the number
		only includes non-recursive calls, and is followed by
		a `+' and the number of recursive calls.

     name	The name of the current function.  The index number is
		printed after it.  If the function is a member of a
		cycle, the cycle number is printed between the
		function's name and the index number.


 For the function's parents, the fields have the following meanings:

     self	This is the amount of time that was propagated directly
		from the function into this parent.

     children	This is the amount of time that was propagated from
		the function's children into this parent.

     called	This is the number of times this parent called the
		function `/' the total number of times the function
		was called.  Recursive calls to the function are not
		included in the number after the `/'.

     name	This is the name of the parent.  The parent's index
		number is printed after it.  If the parent is a
		member of a cycle, the cycle number is printed between
		the name and the index number.

 If the parents of the function cannot be determined, the word
 `<spontaneous>' is printed in the `name' field, and all the other
 fields are blank.

 For the function's children, the fields have the following meanings:

     self	This is the amount of time that was propagated directly
		from the child into the function.

     children	This is the amount of time that was propagated from the
		child's children to the function.

     called	This is the number of times the function called
		this child `/' the total number of times the child
		was called.  Recursive calls by the child are not
		listed in the number after the `/'.

     name	This is the name of the child.  The child's index
		number is printed after it.  If the child is a
		member of a cycle, the cycle number is printed
		between the name and the index number.

 If there are any cycles (circles) in the call graph, there is an
 entry for the cycle-as-a-whole.  This entry shows who called the
 cycle (as parents) and the members of the cycle (as children.)
 The `+' recursive calls entry shows the number of function calls that
 were internal to the cycle, and the calls entry for each member shows,
 for that member, how many times it was called from other members of
 the cycle.

Copyright (C) 2012-2016 Free Software Foundation, Inc.

Copying and distribution of this file, with or without modification,
are permitted in any medium without royalty provided the copyright
notice and this notice are preserved.

Index by function name

  [68] _GLOBAL__sub_I_PI      [51] void arma::eglue_core<arma::eglue_plus>::apply<arma::Mat<double>, arma::eGlue<arma::eGlue<arma::subview_col<double>, arma::subview_col<double>, arma::eglue_schur>, arma::eGlue<arma::subview_col<double>, arma::subview_col<double>, arma::eglue_schur>, arma::eglue_plus>, arma::eGlue<arma::subview_col<double>, arma::subview_col<double>, arma::eglue_schur> >(arma::Mat<double>&, arma::eGlue<arma::eGlue<arma::eGlue<arma::subview_col<double>, arma::subview_col<double>, arma::eglue_schur>, arma::eGlue<arma::subview_col<double>, arma::subview_col<double>, arma::eglue_schur>, arma::eglue_plus>, arma::eGlue<arma::subview_col<double>, arma::subview_col<double>, arma::eglue_schur>, arma::eglue_plus> const&) [16] bool arma::auxlib::svd_dc<double, arma::Mat<double> >(arma::Col<double>&, arma::Base<double, arma::Mat<double> > const&, unsigned long long&, unsigned long long&)
  [69] _GLOBAL__sub_I__Z5cdgqfiiddPdS_ [52] void arma::eglue_core<arma::eglue_minus>::apply<arma::Mat<double>, arma::eOp<arma::Glue<arma::Mat<double>, arma::Mat<double>, arma::glue_times>, arma::eop_scalar_times>, arma::Glue<arma::Mat<double>, arma::Mat<double>, arma::glue_times> >(arma::Mat<double>&, arma::eGlue<arma::eOp<arma::Glue<arma::Mat<double>, arma::Mat<double>, arma::glue_times>, arma::eop_scalar_times>, arma::Glue<arma::Mat<double>, arma::Mat<double>, arma::glue_times>, arma::eglue_minus> const&) [14] double* arma::memory::acquire<double>(unsigned long long)
  [70] _GLOBAL__sub_I__ZN3BCP14leer_datosBCPsEv [44] void arma::glue_times::apply<double, false, true, false, false, arma::Mat<double>, arma::Row<double>, arma::Row<double> >(arma::Mat<double>&, arma::Mat<double> const&, arma::Row<double> const&, arma::Row<double> const&, double) [9] void arma::subview<double>::inplace_op<arma::op_internal_equ, arma::Op<arma::subview<double>, arma::op_htrans> >(arma::Base<double, arma::Op<arma::subview<double>, arma::op_htrans> > const&, char const*)
  [50] _GLOBAL__sub_I__ZN3BDF4stepEv [15] bool arma::glue_solve_gen::apply<double, arma::Mat<double>, arma::Mat<double> >(arma::Mat<double>&, arma::Base<double, arma::Mat<double> > const&, arma::Base<double, arma::Mat<double> > const&, unsigned long long) [73] void arma::subview<double>::inplace_op<arma::op_internal_equ, arma::Mat<double> >(arma::Base<double, arma::Mat<double> > const&, char const*)
  [71] _GLOBAL__sub_I__ZN4Line12qs_FunctionsERdS0_S0_S0_S0_S0_ [12] bool arma::glue_solve_gen::apply<double, arma::eOp<arma::Mat<double>, arma::eop_scalar_times>, arma::Mat<double> >(arma::Mat<double>&, arma::Base<double, arma::eOp<arma::Mat<double>, arma::eop_scalar_times> > const&, arma::Base<double, arma::Mat<double> > const&, unsigned long long) [24] void arma::subview<double>::inplace_op<arma::op_internal_equ, arma::eGlue<arma::subview<double>, arma::Mat<double>, arma::eglue_plus> >(arma::Base<double, arma::eGlue<arma::subview<double>, arma::Mat<double>, arma::eglue_plus> > const&, char const*)
  [72] _GLOBAL__sub_I__ZN4Line15leer_datosLinesEv [45] void arma::glue_times_redirect2_helper<false>::apply<arma::Mat<double>, arma::Mat<double> >(arma::Mat<arma::Mat<double>::elem_type>&, arma::Glue<arma::Mat<double>, arma::Mat<double>, arma::glue_times> const&) [8] arma::subview<double>::extract(arma::Mat<double>&, arma::subview<double> const&)
  [63] lobatto_set(int, double*, double*) [11] arma::Mat<double>::init_cold() [43] void arma::arrayops::copy_small<double>(double*, double const*, unsigned long long)
   [4] fun(double, arma::Mat<double>, solver_data) [7] arma::Mat<double>::init_warm(unsigned long long, unsigned long long) [47] void arma::arrayops::inplace_set_small<double>(double*, double, unsigned long long)
   [3] jac(double, arma::Mat<double>, arma::Mat<double>&, arma::Mat<double>&, solver_data) [22] arma::Mat<double>::steal_mem(arma::Mat<double>&) [48] void arma::eop_core<arma::eop_scalar_times>::apply<arma::Mat<double>, arma::Glue<arma::Mat<double>, arma::Mat<double>, arma::glue_times> >(arma::Mat<double>&, arma::eOp<arma::Glue<arma::Mat<double>, arma::Mat<double>, arma::glue_times>, arma::eop_scalar_times> const&)
  [10] FairleadBCP::getValues(double) [66] arma::Mat<double>::Mat<arma::subview<double>, arma::subview<double>, arma::eglue_minus>(arma::eGlue<arma::subview<double>, arma::subview<double>, arma::eglue_minus> const&) [53] void arma::eop_core<arma::eop_scalar_times>::apply<arma::Mat<double>, arma::eGlue<arma::eOp<arma::Mat<double>, arma::eop_scalar_minus_post>, arma::eOp<arma::Mat<double>, arma::eop_scalar_times>, arma::eglue_plus> >(arma::Mat<double>&, arma::eOp<arma::eGlue<arma::eOp<arma::Mat<double>, arma::eop_scalar_minus_post>, arma::eOp<arma::Mat<double>, arma::eop_scalar_times>, arma::eglue_plus>, arma::eop_scalar_times> const&)
  [35] BDF::get_next_dt()     [21] arma::Mat<double>::operator=(arma::subview<double> const&) [54] void arma::eop_core<arma::eop_scalar_times>::apply<arma::Mat<double>, arma::eGlue<arma::Mat<double>, arma::eOp<arma::Mat<double>, arma::eop_abs>, arma::eglue_plus> >(arma::Mat<double>&, arma::eOp<arma::eGlue<arma::Mat<double>, arma::eOp<arma::Mat<double>, arma::eop_abs>, arma::eglue_plus>, arma::eop_scalar_times> const&)
   [1] BDF::step()            [33] arma::Mat<double>& arma::Mat<double>::operator=<arma::Mat<double>, arma::eop_scalar_times>(arma::eOp<arma::Mat<double>, arma::eop_scalar_times> const&) [55] void arma::eop_core<arma::eop_scalar_times>::apply<arma::Mat<double>, arma::Mat<double> >(arma::Mat<double>&, arma::eOp<arma::Mat<double>, arma::eop_scalar_times> const&)
  [64] Line::qs_Solution()    [13] void arma::gemv<true, false, false>::apply_blas_type<double, arma::Row<double> >(double*, arma::Row<double> const&, double const*, double, double) [56] void arma::eop_core<arma::eop_sqrt>::apply<arma::Mat<double>, arma::eGlue<arma::eGlue<arma::eOp<arma::subview<double>, arma::eop_pow>, arma::eOp<arma::subview<double>, arma::eop_pow>, arma::eglue_plus>, arma::eOp<arma::subview<double>, arma::eop_pow>, arma::eglue_plus> >(arma::Mat<double>&, arma::eOp<arma::eGlue<arma::eGlue<arma::eOp<arma::subview<double>, arma::eop_pow>, arma::eOp<arma::subview<double>, arma::eop_pow>, arma::eglue_plus>, arma::eOp<arma::subview<double>, arma::eop_pow>, arma::eglue_plus>, arma::eop_sqrt> const&)
   [5] Line::SEM_computeF()    [6] arma::enable_if2<arma::is_arma_type<arma::Mat<double> >::value, arma::Mat<double>::pod_type>::result arma::norm<arma::Mat<double> >(arma::Mat<double> const&, unsigned long long, arma::arma_real_or_cx_only<arma::Mat<double>::elem_type>::result const*) [49] void arma::op_strans::apply_proxy<arma::subview_row<double> >(arma::Mat<arma::subview_row<double>::elem_type>&, arma::subview_row<double> const&)
  [59] Line::qs_Functions(double&, double&, double&, double&, double&, double&) [26] arma::SpMat<double>::mem_resize(unsigned long long) [46] void arma::op_strans::apply_proxy<arma::eGlue<arma::subview_row<double>, arma::eOp<arma::eOp<arma::eGlue<arma::subview_row<double>, arma::subview_row<double>, arma::eglue_minus>, arma::eop_scalar_times>, arma::eop_scalar_div_post>, arma::eglue_plus> >(arma::Mat<arma::eGlue<arma::subview_row<double>, arma::eOp<arma::eOp<arma::eGlue<arma::subview_row<double>, arma::subview_row<double>, arma::eglue_minus>, arma::eop_scalar_times>, arma::eop_scalar_div_post>, arma::eglue_plus>::elem_type>&, arma::eGlue<arma::subview_row<double>, arma::eOp<arma::eOp<arma::eGlue<arma::subview_row<double>, arma::subview_row<double>, arma::eglue_minus>, arma::eop_scalar_times>, arma::eop_scalar_div_post>, arma::eglue_plus> const&)
  [36] Line::SEM_get_D_local() [60] arma::SpMat<double>::init(unsigned long long, unsigned long long) [67] void arma::op_strans::apply_mat_noalias<double, arma::Mat<double> >(arma::Mat<double>&, arma::Mat<double> const&)
  [23] Line::SEM_coefficients() [61] arma::SpMat<double>::steal_mem(arma::SpMat<double>&) [20] AnchorBCP::getValues(double)
  [19] Line::SEM_getBaseFunctions() [27] arma::SpMat<double>::SpMat<arma::Mat<double> >(arma::Base<double, arma::Mat<double> > const&) [58] std::_Rb_tree<unsigned long long, std::pair<unsigned long long const, double>, std::_Select1st<std::pair<unsigned long long const, double> >, std::less<unsigned long long>, std::allocator<std::pair<unsigned long long const, double> > >::_M_erase(std::_Rb_tree_node<std::pair<unsigned long long const, double> >*)
  [31] Line::SEM_poly_first_derivative(double, int) [62] arma::SpMat<double>::~SpMat() [18] frame_dummy
  [57] Line::SEM_poly(double, int) [32] bool arma::auxlib::solve_approx_svd<arma::Mat<double> >(arma::Mat<arma::Mat<double>::pod_type>&, arma::Mat<arma::Mat<double>::pod_type>&, arma::Base<arma::Mat<double>::pod_type, arma::Mat<double> > const&) (2) <cycle 1>
  [65] Line::qs_GetTen()      [17] bool arma::auxlib::solve_square_fast<arma::Mat<double> >(arma::Mat<arma::Mat<double>::elem_type>&, arma::Mat<arma::Mat<double>::elem_type>&, arma::Base<arma::Mat<double>::elem_type, arma::Mat<double> > const&)
