Flat profile:

Each sample counts as 0.01 seconds.
  %   cumulative   self              self     total           
 time   seconds   seconds    calls  ms/call  ms/call  name    
 37.97      8.47     8.47  3970701     0.00     0.00  spline::spl_eval(double)
 19.32     12.78     4.31  1323566     0.00     0.01  Line::SEM_computeF()
  8.20     14.61     1.83  1323566     0.00     0.02  fun(double, arma::Mat<double>, solver_data)
  5.42     15.82     1.21 68825434     0.00     0.00  arma::enable_if2<arma::is_arma_type<arma::Mat<double> >::value, arma::Mat<double>::pod_type>::result arma::norm<arma::Mat<double> >(arma::Mat<double> const&, unsigned long long, arma::arma_real_or_cx_only<arma::Mat<double>::elem_type>::result const*)
  4.57     16.84     1.02 146930622     0.00     0.00  arma::Mat<double>::init_warm(unsigned long long, unsigned long long)
  4.08     17.75     0.91 68825432     0.00     0.00  arma::Mat<double>::operator=(arma::subview<double> const&)
  3.54     18.54     0.79 34412716     0.00     0.00  void arma::subview<double>::inplace_op<arma::op_internal_equ, arma::Op<arma::subview<double>, arma::op_htrans> >(arma::Base<double, arma::Op<arma::subview<double>, arma::op_htrans> > const&, char const*)
  3.47     19.32     0.78  1323566     0.00     0.00  bool arma::glue_solve_gen::apply<double, arma::eOp<arma::Mat<double>, arma::eop_scalar_times>, arma::Mat<double> >(arma::Mat<double>&, arma::Base<double, arma::eOp<arma::Mat<double>, arma::eop_scalar_times> > const&, arma::Base<double, arma::Mat<double> > const&, unsigned long long)
  2.60     19.90     0.58     8377     0.07     2.55  jac(double, arma::Mat<double>, solver_data)
  2.02     20.35     0.45                             BDF::step()
  1.52     20.69     0.34 79441126     0.00     0.00  arma::Mat<double>::init_cold()
  1.26     20.97     0.28  1323566     0.00     0.01  FairleadBCP::getValues(double)
  1.17     21.23     0.26  1331943     0.00     0.00  bool arma::auxlib::solve_square_refine<arma::Mat<double> >(arma::Mat<arma::Mat<double>::pod_type>&, arma::Mat<double>::pod_type&, arma::Mat<arma::Mat<double>::pod_type>&, arma::Base<arma::Mat<double>::pod_type, arma::Mat<double> > const&, bool)
  0.85     21.42     0.19 34412716     0.00     0.00  arma::subview<double>::extract(arma::Mat<double>&, arma::subview<double> const&)
  0.81     21.60     0.18 123092672     0.00     0.00  bool arma::glue_solve_gen::apply<double, arma::Mat<double>, arma::Mat<double> >(arma::Mat<double>&, arma::Base<double, arma::Mat<double> > const&, arma::Base<double, arma::Mat<double> > const&, unsigned long long)
  0.67     21.75     0.15                             void arma::gemv<true, false, false>::apply_blas_type<double, arma::Row<double> >(double*, arma::Row<double> const&, double const*, double, double)
  0.52     21.86     0.12 18605388     0.00     0.00  double* arma::memory::acquire<double>(unsigned long long)
  0.27     21.92     0.06                             Line::SEM_getBaseFunctions()
  0.22     21.97     0.05        6     8.33     8.33  timestamp()
  0.18     22.01     0.04 37110111     0.00     0.00  frame_dummy
  0.18     22.05     0.04  3970704     0.00     0.00  arma::Mat<double>::Mat<arma::Mat<double>, arma::gen_zeros>(arma::Gen<arma::Mat<double>, arma::gen_zeros> const&)
  0.18     22.09     0.04  1323566     0.00     0.00  AnchorBCP::getValues(double)
  0.18     22.13     0.04                             void arma::subview<double>::inplace_op<arma::op_internal_equ>(arma::subview<double> const&, char const*)
  0.13     22.16     0.03        1    30.00    36.67  bool arma::auxlib::solve_approx_svd<arma::Mat<double> >(arma::Mat<arma::Mat<double>::pod_type>&, arma::Mat<arma::Mat<double>::pod_type>&, arma::Base<arma::Mat<double>::pod_type, arma::Mat<double> > const&)
  0.13     22.19     0.03  3970701     0.00     0.00  arma::Mat<unsigned long long>::init_warm(unsigned long long, unsigned long long)
  0.13     22.22     0.03                             bool arma::auxlib::svd_dc<double, arma::Mat<double> >(arma::Col<double>&, arma::Base<double, arma::Mat<double> > const&, unsigned long long&, unsigned long long&)
  0.09     22.24     0.02        3     6.67     6.67  arma::Mat<double>::steal_mem(arma::Mat<double>&)
  0.09     22.26     0.02                             BCP::leer_datosBCPs()
  0.09     22.28     0.02                             void arma::band_helper::compress<double>(arma::Mat<double>&, arma::Mat<double> const&, unsigned long long, unsigned long long, bool)
  0.07     22.30     0.02                             BDF::~BDF()
  0.04     22.31     0.01                             bool arma::auxlib::solve_sympd_refine<arma::Mat<double> >(arma::Mat<arma::Mat<double>::pod_type>&, arma::Mat<double>::pod_type&, arma::Mat<arma::Mat<double>::pod_type>&, arma::Base<arma::Mat<double>::pod_type, arma::Mat<double> > const&, bool)
  0.02     22.31     0.01                             bool arma::auxlib::solve_square_fast<arma::Mat<double> >(arma::Mat<arma::Mat<double>::elem_type>&, arma::Mat<arma::Mat<double>::elem_type>&, arma::Base<arma::Mat<double>::elem_type, arma::Mat<double> > const&)
  0.00     22.31     0.00 68825615     0.00     0.00  void arma::arrayops::copy_small<double>(double*, double const*, unsigned long long)
  0.00     22.31     0.00 34412716     0.00     0.00  void arma::glue_times::apply<double, false, true, false, false, arma::Mat<double>, arma::Row<double>, arma::Row<double> >(arma::Mat<double>&, arma::Mat<double> const&, arma::Row<double> const&, arma::Row<double> const&, double)
  0.00     22.31     0.00  6617835     0.00     0.00  void arma::arrayops::inplace_set_small<double>(double*, double, unsigned long long)
  0.00     22.31     0.00  5294264     0.00     0.00  void arma::glue_times_redirect2_helper<false>::apply<arma::Mat<double>, arma::Mat<double> >(arma::Mat<arma::Mat<double>::elem_type>&, arma::Glue<arma::Mat<double>, arma::Mat<double>, arma::glue_times> const&)
  0.00     22.31     0.00  3970701     0.00     0.00  void arma::eglue_core<arma::eglue_plus>::apply<arma::Mat<double>, arma::subview_row<double>, arma::eOp<arma::eOp<arma::eGlue<arma::subview_row<double>, arma::subview_row<double>, arma::eglue_minus>, arma::eop_scalar_times>, arma::eop_scalar_div_post> >(arma::Mat<double>&, arma::eGlue<arma::subview_row<double>, arma::eOp<arma::eOp<arma::eGlue<arma::subview_row<double>, arma::subview_row<double>, arma::eglue_minus>, arma::eop_scalar_times>, arma::eop_scalar_div_post>, arma::eglue_plus> const&)
  0.00     22.31     0.00  2647132     0.00     0.00  void arma::op_strans::apply_proxy<arma::subview_row<double> >(arma::Mat<arma::subview_row<double>::elem_type>&, arma::subview_row<double> const&)
  0.00     22.31     0.00  1323566     0.00     0.00  void arma::eglue_core<arma::eglue_plus>::apply<arma::Mat<double>, arma::eGlue<arma::eGlue<arma::subview_col<double>, arma::subview_col<double>, arma::eglue_schur>, arma::eGlue<arma::subview_col<double>, arma::subview_col<double>, arma::eglue_schur>, arma::eglue_plus>, arma::eGlue<arma::subview_col<double>, arma::subview_col<double>, arma::eglue_schur> >(arma::Mat<double>&, arma::eGlue<arma::eGlue<arma::eGlue<arma::subview_col<double>, arma::subview_col<double>, arma::eglue_schur>, arma::eGlue<arma::subview_col<double>, arma::subview_col<double>, arma::eglue_schur>, arma::eglue_plus>, arma::eGlue<arma::subview_col<double>, arma::subview_col<double>, arma::eglue_schur>, arma::eglue_plus> const&)
  0.00     22.31     0.00  1323566     0.00     0.00  void arma::eglue_core<arma::eglue_minus>::apply<arma::Mat<double>, arma::eOp<arma::Glue<arma::Mat<double>, arma::Mat<double>, arma::glue_times>, arma::eop_scalar_times>, arma::Glue<arma::Mat<double>, arma::Mat<double>, arma::glue_times> >(arma::Mat<double>&, arma::eGlue<arma::eOp<arma::Glue<arma::Mat<double>, arma::Mat<double>, arma::glue_times>, arma::eop_scalar_times>, arma::Glue<arma::Mat<double>, arma::Mat<double>, arma::glue_times>, arma::eglue_minus> const&)
  0.00     22.31     0.00  1323566     0.00     0.00  void arma::eop_core<arma::eop_scalar_times>::apply<arma::Mat<double>, arma::eGlue<arma::eOp<arma::Mat<double>, arma::eop_scalar_minus_post>, arma::eOp<arma::Mat<double>, arma::eop_scalar_times>, arma::eglue_plus> >(arma::Mat<double>&, arma::eOp<arma::eGlue<arma::eOp<arma::Mat<double>, arma::eop_scalar_minus_post>, arma::eOp<arma::Mat<double>, arma::eop_scalar_times>, arma::eglue_plus>, arma::eop_scalar_times> const&)
  0.00     22.31     0.00  1323566     0.00     0.00  void arma::eop_core<arma::eop_scalar_times>::apply<arma::Mat<double>, arma::eGlue<arma::Mat<double>, arma::eOp<arma::Mat<double>, arma::eop_abs>, arma::eglue_plus> >(arma::Mat<double>&, arma::eOp<arma::eGlue<arma::Mat<double>, arma::eOp<arma::Mat<double>, arma::eop_abs>, arma::eglue_plus>, arma::eop_scalar_times> const&)
  0.00     22.31     0.00  1323566     0.00     0.00  void arma::eop_core<arma::eop_sqrt>::apply<arma::Mat<double>, arma::eGlue<arma::eGlue<arma::eOp<arma::subview<double>, arma::eop_pow>, arma::eOp<arma::subview<double>, arma::eop_pow>, arma::eglue_plus>, arma::eOp<arma::subview<double>, arma::eop_pow>, arma::eglue_plus> >(arma::Mat<double>&, arma::eOp<arma::eGlue<arma::eGlue<arma::eOp<arma::subview<double>, arma::eop_pow>, arma::eOp<arma::subview<double>, arma::eop_pow>, arma::eglue_plus>, arma::eOp<arma::subview<double>, arma::eop_pow>, arma::eglue_plus>, arma::eop_sqrt> const&)
  0.00     22.31     0.00    17067     0.00     0.00  void arma::arrayops::copy_small<unsigned long long>(unsigned long long*, unsigned long long const*, unsigned long long)
  0.00     22.31     0.00     8377     0.00     0.00  void arma::eglue_core<arma::eglue_minus>::apply<arma::Mat<double>, arma::eGlue<arma::Mat<double>, arma::Mat<double>, arma::eglue_minus>, arma::eOp<arma::Mat<double>, arma::eop_scalar_times> >(arma::Mat<double>&, arma::eGlue<arma::eGlue<arma::Mat<double>, arma::Mat<double>, arma::eglue_minus>, arma::eOp<arma::Mat<double>, arma::eop_scalar_times>, arma::eglue_minus> const&)
  0.00     22.31     0.00     8040     0.00     0.00  spline::~spline()
  0.00     22.31     0.00     3015     0.00     0.00  arma::Mat<double>::Mat(arma::Mat<double> const&)
  0.00     22.31     0.00     1008     0.00     0.00  arma::Mat<double>::operator=(arma::Mat<double> const&)
  0.00     22.31     0.00     1005     0.00     0.00  BDF::get_next_dt()
  0.00     22.31     0.00     1005     0.00     0.00  void arma::eglue_core<arma::eglue_minus>::apply<arma::Mat<double>, arma::Gen<arma::Mat<double>, arma::gen_eye>, arma::eOp<arma::Mat<double>, arma::eop_scalar_times> >(arma::Mat<double>&, arma::eGlue<arma::Gen<arma::Mat<double>, arma::gen_eye>, arma::eOp<arma::Mat<double>, arma::eop_scalar_times>, arma::eglue_minus> const&)
  0.00     22.31     0.00      905     0.00     0.00  Line::SEM_poly_first_derivative(double, int)
  0.00     22.31     0.00      864     0.00     0.00  Line::SEM_poly(double, int)
  0.00     22.31     0.00       30     0.00     0.00  std::_Rb_tree<unsigned long long, std::pair<unsigned long long const, double>, std::_Select1st<std::pair<unsigned long long const, double> >, std::less<unsigned long long>, std::allocator<std::pair<unsigned long long const, double> > >::_M_erase(std::_Rb_tree_node<std::pair<unsigned long long const, double> >*)
  0.00     22.31     0.00       20     0.00     0.00  void arma::subview<double>::inplace_op<arma::op_internal_equ, arma::eGlue<arma::subview<double>, arma::Mat<double>, arma::eglue_plus> >(arma::Base<double, arma::eGlue<arma::subview<double>, arma::Mat<double>, arma::eglue_plus> > const&, char const*)
  0.00     22.31     0.00       10     0.00     0.00  Line::qs_Functions(double&, double&, double&, double&, double&, double&)
  0.00     22.31     0.00       10     0.00     0.00  void arma::subview<double>::inplace_op<arma::op_internal_equ, arma::Mat<double> >(arma::Base<double, arma::Mat<double> > const&, char const*)
  0.00     22.31     0.00        5     0.00     0.00  arma::SpMat<double>::mem_resize(unsigned long long)
  0.00     22.31     0.00        5     0.00     0.00  arma::SpMat<double>::init(unsigned long long, unsigned long long)
  0.00     22.31     0.00        5     0.00     0.00  arma::SpMat<double>::steal_mem(arma::SpMat<double>&)
  0.00     22.31     0.00        5     0.00     0.00  arma::SpMat<double>::SpMat<arma::Mat<double> >(arma::Base<double, arma::Mat<double> > const&)
  0.00     22.31     0.00        5     0.00     0.00  arma::SpMat<double>::~SpMat()
  0.00     22.31     0.00        3     0.00     0.00  arma::Mat<double>& arma::Mat<double>::operator=<arma::Mat<double>, arma::eop_scalar_times>(arma::eOp<arma::Mat<double>, arma::eop_scalar_times> const&)
  0.00     22.31     0.00        3     0.00    16.67  spline::spline(arma::Mat<double>, arma::Mat<double>, int)
  0.00     22.31     0.00        2     0.00     0.00  lobatto_set(int, double*, double*)
  0.00     22.31     0.00        2     0.00     0.00  Line::qs_Solution()
  0.00     22.31     0.00        2     0.00     0.00  Line::qs_GetTen()
  0.00     22.31     0.00        2     0.00     0.00  arma::Mat<double>::Mat<arma::subview<double>, arma::subview<double>, arma::eglue_minus>(arma::eGlue<arma::subview<double>, arma::subview<double>, arma::eglue_minus> const&)
  0.00     22.31     0.00        2     0.00     0.00  void arma::op_strans::apply_mat_noalias<double, arma::Mat<double> >(arma::Mat<double>&, arma::Mat<double> const&)
  0.00     22.31     0.00        1     0.00     0.00  _GLOBAL__sub_I_PI
  0.00     22.31     0.00        1     0.00     0.00  _GLOBAL__sub_I__Z5cdgqfiiddPdS_
  0.00     22.31     0.00        1     0.00     0.00  _GLOBAL__sub_I__ZN3BCP14leer_datosBCPsEv
  0.00     22.31     0.00        1     0.00     0.00  _GLOBAL__sub_I__ZN3BDF4stepEv
  0.00     22.31     0.00        1     0.00     0.00  _GLOBAL__sub_I__ZN4Line12qs_FunctionsERdS0_S0_S0_S0_S0_
  0.00     22.31     0.00        1     0.00     0.00  _GLOBAL__sub_I__ZN4Line15leer_datosLinesEv
  0.00     22.31     0.00        1     0.00     0.00  _GLOBAL__sub_I__ZN6splineC2EN4arma3MatIdEES2_i
  0.00     22.31     0.00        1     0.00     0.00  Line::SEM_get_D_local()
  0.00     22.31     0.00        1     0.00     6.67  Line::SEM_coefficients()

 %         the percentage of the total running time of the
time       program used by this function.

cumulative a running sum of the number of seconds accounted
 seconds   for by this function and those listed above it.

 self      the number of seconds accounted for by this
seconds    function alone.  This is the major sort for this
           listing.

calls      the number of times this function was invoked, if
           this function is profiled, else blank.

 self      the average number of milliseconds spent in this
ms/call    function per call, if this function is profiled,
	   else blank.

 total     the average number of milliseconds spent in this
ms/call    function and its descendents per call, if this
	   function is profiled, else blank.

name       the name of the function.  This is the minor sort
           for this listing. The index shows the location of
	   the function in the gprof listing. If the index is
	   in parenthesis it shows where it would appear in
	   the gprof listing if it were to be printed.

Copyright (C) 2012-2016 Free Software Foundation, Inc.

Copying and distribution of this file, with or without modification,
are permitted in any medium without royalty provided the copyright
notice and this notice are preserved.

		     Call graph (explanation follows)


granularity: each sample hit covers 2 byte(s) for 0.04% of 22.31 seconds

index % time    self  children    called     name
                                                 <spontaneous>
[1]     98.4    0.45   21.50                 BDF::step() [1]
                0.58   20.78    8377/8377        jac(double, arma::Mat<double>, solver_data) [2]
                0.01    0.12    8377/1323566     fun(double, arma::Mat<double>, solver_data) [3]
                0.00    0.00    7372/1331943     bool arma::auxlib::solve_square_refine<arma::Mat<double> >(arma::Mat<arma::Mat<double>::pod_type>&, arma::Mat<double>::pod_type&, arma::Mat<arma::Mat<double>::pod_type>&, arma::Base<arma::Mat<double>::pod_type, arma::Mat<double> > const&, bool) [13]
                0.00    0.00   22116/146930622     arma::Mat<double>::init_warm(unsigned long long, unsigned long long) [10]
                0.00    0.00   22116/18605388     double* arma::memory::acquire<double>(unsigned long long) [17]
                0.00    0.00    2010/79441126     arma::Mat<double>::init_cold() [12]
                0.00    0.00    1005/1008        arma::Mat<double>::operator=(arma::Mat<double> const&) [35]
                0.00    0.00    1005/123092672     bool arma::glue_solve_gen::apply<double, arma::Mat<double>, arma::Mat<double> >(arma::Mat<double>&, arma::Base<double, arma::Mat<double> > const&, arma::Base<double, arma::Mat<double> > const&, unsigned long long) [14]
                0.00    0.00    8377/8377        void arma::eglue_core<arma::eglue_minus>::apply<arma::Mat<double>, arma::eGlue<arma::Mat<double>, arma::Mat<double>, arma::eglue_minus>, arma::eOp<arma::Mat<double>, arma::eop_scalar_times> >(arma::Mat<double>&, arma::eGlue<arma::eGlue<arma::Mat<double>, arma::Mat<double>, arma::eglue_minus>, arma::eOp<arma::Mat<double>, arma::eop_scalar_times>, arma::eglue_minus> const&) [62]
                0.00    0.00    8040/8040        spline::~spline() [63]
                0.00    0.00    3015/3015        arma::Mat<double>::Mat(arma::Mat<double> const&) [64]
                0.00    0.00    1005/1005        void arma::eglue_core<arma::eglue_minus>::apply<arma::Mat<double>, arma::Gen<arma::Mat<double>, arma::gen_eye>, arma::eOp<arma::Mat<double>, arma::eop_scalar_times> >(arma::Mat<double>&, arma::eGlue<arma::Gen<arma::Mat<double>, arma::gen_eye>, arma::eOp<arma::Mat<double>, arma::eop_scalar_times>, arma::eglue_minus> const&) [66]
                0.00    0.00    1005/1005        BDF::get_next_dt() [65]
-----------------------------------------------
                0.58   20.78    8377/8377        BDF::step() [1]
[2]     95.8    0.58   20.78    8377         jac(double, arma::Mat<double>, solver_data) [2]
                1.82   18.96 1315189/1323566     fun(double, arma::Mat<double>, solver_data) [3]
                0.01    0.00 1306812/146930622     arma::Mat<double>::init_warm(unsigned long long, unsigned long long) [10]
                0.00    0.00   16754/79441126     arma::Mat<double>::init_cold() [12]
                0.00    0.00   33508/37110111     frame_dummy [22]
-----------------------------------------------
                0.01    0.12    8377/1323566     BDF::step() [1]
                1.82   18.96 1315189/1323566     jac(double, arma::Mat<double>, solver_data) [2]
[3]     93.7    1.83   19.08 1323566         fun(double, arma::Mat<double>, solver_data) [3]
                0.28    8.58 1323566/1323566     FairleadBCP::getValues(double) [4]
                4.31    3.95 1323566/1323566     Line::SEM_computeF() [6]
                0.78    0.31 1323566/1323566     bool arma::glue_solve_gen::apply<double, arma::eOp<arma::Mat<double>, arma::eop_scalar_times>, arma::Mat<double> >(arma::Mat<double>&, arma::Base<double, arma::eOp<arma::Mat<double>, arma::eop_scalar_times> > const&, arma::Base<double, arma::Mat<double> > const&, unsigned long long) [9]
                0.79    0.04 34412716/34412716     void arma::subview<double>::inplace_op<arma::op_internal_equ, arma::Op<arma::subview<double>, arma::op_htrans> >(arma::Base<double, arma::Op<arma::subview<double>, arma::op_htrans> > const&, char const*) [11]
                0.04    0.00 1323566/1323566     AnchorBCP::getValues(double) [23]
                0.01    0.00 1323566/79441126     arma::Mat<double>::init_cold() [12]
                0.00    0.00 34412716/68825615     void arma::arrayops::copy_small<double>(double*, double const*, unsigned long long) [50]
-----------------------------------------------
                0.28    8.58 1323566/1323566     fun(double, arma::Mat<double>, solver_data) [3]
[4]     39.7    0.28    8.58 1323566         FairleadBCP::getValues(double) [4]
                8.47    0.06 3970701/3970701     spline::spl_eval(double) [5]
                0.00    0.05       3/3           spline::spline(arma::Mat<double>, arma::Mat<double>, int) [20]
                0.00    0.00       6/146930622     arma::Mat<double>::init_warm(unsigned long long, unsigned long long) [10]
-----------------------------------------------
                8.47    0.06 3970701/3970701     FairleadBCP::getValues(double) [4]
[5]     38.2    8.47    0.06 3970701         spline::spl_eval(double) [5]
                0.03    0.00 3970701/3970701     arma::Mat<unsigned long long>::init_warm(unsigned long long, unsigned long long) [26]
                0.03    0.00 3970701/146930622     arma::Mat<double>::init_warm(unsigned long long, unsigned long long) [10]
                0.00    0.00 3970701/6617835     void arma::arrayops::inplace_set_small<double>(double*, double, unsigned long long) [52]
                0.00    0.00 3970701/3970701     void arma::eglue_core<arma::eglue_plus>::apply<arma::Mat<double>, arma::subview_row<double>, arma::eOp<arma::eOp<arma::eGlue<arma::subview_row<double>, arma::subview_row<double>, arma::eglue_minus>, arma::eop_scalar_times>, arma::eop_scalar_div_post> >(arma::Mat<double>&, arma::eGlue<arma::subview_row<double>, arma::eOp<arma::eOp<arma::eGlue<arma::subview_row<double>, arma::subview_row<double>, arma::eglue_minus>, arma::eop_scalar_times>, arma::eop_scalar_div_post>, arma::eglue_plus> const&) [54]
                0.00    0.00   17067/17067       void arma::arrayops::copy_small<unsigned long long>(unsigned long long*, unsigned long long const*, unsigned long long) [61]
-----------------------------------------------
                4.31    3.95 1323566/1323566     fun(double, arma::Mat<double>, solver_data) [3]
[6]     37.0    4.31    3.95 1323566         Line::SEM_computeF() [6]
                0.91    0.48 68825432/68825432     arma::Mat<double>::operator=(arma::subview<double> const&) [7]
                1.21    0.00 68825432/68825434     arma::enable_if2<arma::is_arma_type<arma::Mat<double> >::value, arma::Mat<double>::pod_type>::result arma::norm<arma::Mat<double> >(arma::Mat<double> const&, unsigned long long, arma::arma_real_or_cx_only<arma::Mat<double>::elem_type>::result const*) [8]
                0.50    0.00 71472564/146930622     arma::Mat<double>::init_warm(unsigned long long, unsigned long long) [10]
                0.32    0.06 75443262/79441126     arma::Mat<double>::init_cold() [12]
                0.18    0.04 123091638/123092672     bool arma::glue_solve_gen::apply<double, arma::Mat<double>, arma::Mat<double> >(arma::Mat<double>&, arma::Base<double, arma::Mat<double> > const&, arma::Base<double, arma::Mat<double> > const&, unsigned long long) [14]
                0.19    0.00 34412716/34412716     arma::subview<double>::extract(arma::Mat<double>&, arma::subview<double> const&) [15]
                0.04    0.02 3970698/3970704     arma::Mat<double>::Mat<arma::Mat<double>, arma::gen_zeros>(arma::Gen<arma::Mat<double>, arma::gen_zeros> const&) [19]
                0.00    0.00 34412716/34412716     void arma::glue_times::apply<double, false, true, false, false, arma::Mat<double>, arma::Row<double>, arma::Row<double> >(arma::Mat<double>&, arma::Mat<double> const&, arma::Row<double> const&, arma::Row<double> const&, double) [51]
                0.00    0.00 5294264/5294264     void arma::glue_times_redirect2_helper<false>::apply<arma::Mat<double>, arma::Mat<double> >(arma::Mat<arma::Mat<double>::elem_type>&, arma::Glue<arma::Mat<double>, arma::Mat<double>, arma::glue_times> const&) [53]
                0.00    0.00 2647132/2647132     void arma::op_strans::apply_proxy<arma::subview_row<double> >(arma::Mat<arma::subview_row<double>::elem_type>&, arma::subview_row<double> const&) [55]
                0.00    0.00 1323566/1323566     void arma::eop_core<arma::eop_sqrt>::apply<arma::Mat<double>, arma::eGlue<arma::eGlue<arma::eOp<arma::subview<double>, arma::eop_pow>, arma::eOp<arma::subview<double>, arma::eop_pow>, arma::eglue_plus>, arma::eOp<arma::subview<double>, arma::eop_pow>, arma::eglue_plus> >(arma::Mat<double>&, arma::eOp<arma::eGlue<arma::eGlue<arma::eOp<arma::subview<double>, arma::eop_pow>, arma::eOp<arma::subview<double>, arma::eop_pow>, arma::eglue_plus>, arma::eOp<arma::subview<double>, arma::eop_pow>, arma::eglue_plus>, arma::eop_sqrt> const&) [60]
                0.00    0.00 1323566/1323566     void arma::eglue_core<arma::eglue_plus>::apply<arma::Mat<double>, arma::eGlue<arma::eGlue<arma::subview_col<double>, arma::subview_col<double>, arma::eglue_schur>, arma::eGlue<arma::subview_col<double>, arma::subview_col<double>, arma::eglue_schur>, arma::eglue_plus>, arma::eGlue<arma::subview_col<double>, arma::subview_col<double>, arma::eglue_schur> >(arma::Mat<double>&, arma::eGlue<arma::eGlue<arma::eGlue<arma::subview_col<double>, arma::subview_col<double>, arma::eglue_schur>, arma::eGlue<arma::subview_col<double>, arma::subview_col<double>, arma::eglue_schur>, arma::eglue_plus>, arma::eGlue<arma::subview_col<double>, arma::subview_col<double>, arma::eglue_schur>, arma::eglue_plus> const&) [56]
                0.00    0.00 1323566/1323566     void arma::eop_core<arma::eop_scalar_times>::apply<arma::Mat<double>, arma::eGlue<arma::eOp<arma::Mat<double>, arma::eop_scalar_minus_post>, arma::eOp<arma::Mat<double>, arma::eop_scalar_times>, arma::eglue_plus> >(arma::Mat<double>&, arma::eOp<arma::eGlue<arma::eOp<arma::Mat<double>, arma::eop_scalar_minus_post>, arma::eOp<arma::Mat<double>, arma::eop_scalar_times>, arma::eglue_plus>, arma::eop_scalar_times> const&) [58]
                0.00    0.00 1323566/1323566     void arma::eop_core<arma::eop_scalar_times>::apply<arma::Mat<double>, arma::eGlue<arma::Mat<double>, arma::eOp<arma::Mat<double>, arma::eop_abs>, arma::eglue_plus> >(arma::Mat<double>&, arma::eOp<arma::eGlue<arma::Mat<double>, arma::eOp<arma::Mat<double>, arma::eop_abs>, arma::eglue_plus>, arma::eop_scalar_times> const&) [59]
                0.00    0.00 1323566/1323566     void arma::eglue_core<arma::eglue_minus>::apply<arma::Mat<double>, arma::eOp<arma::Glue<arma::Mat<double>, arma::Mat<double>, arma::glue_times>, arma::eop_scalar_times>, arma::Glue<arma::Mat<double>, arma::Mat<double>, arma::glue_times> >(arma::Mat<double>&, arma::eGlue<arma::eOp<arma::Glue<arma::Mat<double>, arma::Mat<double>, arma::glue_times>, arma::eop_scalar_times>, arma::Glue<arma::Mat<double>, arma::Mat<double>, arma::glue_times>, arma::eglue_minus> const&) [57]
-----------------------------------------------
                0.91    0.48 68825432/68825432     Line::SEM_computeF() [6]
[7]      6.2    0.91    0.48 68825432         arma::Mat<double>::operator=(arma::subview<double> const&) [7]
                0.48    0.00 68825432/146930622     arma::Mat<double>::init_warm(unsigned long long, unsigned long long) [10]
-----------------------------------------------
                0.00    0.00       2/68825434     Line::initLine() [38]
                1.21    0.00 68825432/68825434     Line::SEM_computeF() [6]
[8]      5.4    1.21    0.00 68825434         arma::enable_if2<arma::is_arma_type<arma::Mat<double> >::value, arma::Mat<double>::pod_type>::result arma::norm<arma::Mat<double> >(arma::Mat<double> const&, unsigned long long, arma::arma_real_or_cx_only<arma::Mat<double>::elem_type>::result const*) [8]
-----------------------------------------------
                0.78    0.31 1323566/1323566     fun(double, arma::Mat<double>, solver_data) [3]
[9]      4.9    0.78    0.31 1323566         bool arma::glue_solve_gen::apply<double, arma::eOp<arma::Mat<double>, arma::eop_scalar_times>, arma::Mat<double> >(arma::Mat<double>&, arma::Base<double, arma::eOp<arma::Mat<double>, arma::eop_scalar_times> > const&, arma::Base<double, arma::Mat<double> > const&, unsigned long long) [9]
                0.26    0.04 1323566/1331943     bool arma::auxlib::solve_square_refine<arma::Mat<double> >(arma::Mat<arma::Mat<double>::pod_type>&, arma::Mat<double>::pod_type&, arma::Mat<arma::Mat<double>::pod_type>&, arma::Base<arma::Mat<double>::pod_type, arma::Mat<double> > const&, bool) [13]
                0.01    0.00 1323566/79441126     arma::Mat<double>::init_cold() [12]
-----------------------------------------------
                0.00    0.00       2/146930622     Line::SEM_getBaseFunctions() [18]
                0.00    0.00       3/146930622     arma::Mat<double>::steal_mem(arma::Mat<double>&) [28]
                0.00    0.00       3/146930622     Line::SEM_poly_first_derivative(double, int) [41]
                0.00    0.00       3/146930622     arma::Mat<double>& arma::Mat<double>::operator=<arma::Mat<double>, arma::eop_scalar_times>(arma::eOp<arma::Mat<double>, arma::eop_scalar_times> const&) [42]
                0.00    0.00       6/146930622     FairleadBCP::getValues(double) [4]
                0.00    0.00       7/146930622     Line::SEM_coefficients() [33]
                0.00    0.00       9/146930622     spline::spline(arma::Mat<double>, arma::Mat<double>, int) [20]
                0.00    0.00      12/146930622     Line::leer_datosLines() [37]
                0.00    0.00    1009/146930622     arma::Mat<double>::operator=(arma::Mat<double> const&) [35]
                0.00    0.00   22116/146930622     BDF::step() [1]
                0.01    0.00 1306812/146930622     jac(double, arma::Mat<double>, solver_data) [2]
                0.01    0.00 1331943/146930622     bool arma::auxlib::solve_square_refine<arma::Mat<double> >(arma::Mat<arma::Mat<double>::pod_type>&, arma::Mat<double>::pod_type&, arma::Mat<arma::Mat<double>::pod_type>&, arma::Base<arma::Mat<double>::pod_type, arma::Mat<double> > const&, bool) [13]
                0.03    0.00 3970701/146930622     spline::spl_eval(double) [5]
                0.48    0.00 68825432/146930622     arma::Mat<double>::operator=(arma::subview<double> const&) [7]
                0.50    0.00 71472564/146930622     Line::SEM_computeF() [6]
[10]     4.6    1.02    0.00 146930622         arma::Mat<double>::init_warm(unsigned long long, unsigned long long) [10]
                0.00    0.00    1031/18605388     double* arma::memory::acquire<double>(unsigned long long) [17]
-----------------------------------------------
                0.79    0.04 34412716/34412716     fun(double, arma::Mat<double>, solver_data) [3]
[11]     3.7    0.79    0.04 34412716         void arma::subview<double>::inplace_op<arma::op_internal_equ, arma::Op<arma::subview<double>, arma::op_htrans> >(arma::Base<double, arma::Op<arma::subview<double>, arma::op_htrans> > const&, char const*) [11]
                0.04    0.00 34412716/37110111     frame_dummy [22]
                0.00    0.00 34412716/68825615     void arma::arrayops::copy_small<double>(double*, double const*, unsigned long long) [50]
-----------------------------------------------
                0.00    0.00       1/79441126     bool arma::auxlib::solve_approx_svd<arma::Mat<double> >(arma::Mat<arma::Mat<double>::pod_type>&, arma::Mat<arma::Mat<double>::pod_type>&, arma::Base<arma::Mat<double>::pod_type, arma::Mat<double> > const&) [25]
                0.00    0.00       1/79441126     Line::SEM_get_D_local() [43]
                0.00    0.00       3/79441126     Line::SEM_getBaseFunctions() [18]
                0.00    0.00      20/79441126     void arma::subview<double>::inplace_op<arma::op_internal_equ, arma::eGlue<arma::subview<double>, arma::Mat<double>, arma::eglue_plus> >(arma::Base<double, arma::eGlue<arma::subview<double>, arma::Mat<double>, arma::eglue_plus> > const&, char const*) [36]
                0.00    0.00    2010/79441126     BDF::step() [1]
                0.00    0.00   16754/79441126     jac(double, arma::Mat<double>, solver_data) [2]
                0.01    0.00 1323566/79441126     fun(double, arma::Mat<double>, solver_data) [3]
                0.01    0.00 1323566/79441126     bool arma::glue_solve_gen::apply<double, arma::eOp<arma::Mat<double>, arma::eop_scalar_times>, arma::Mat<double> >(arma::Mat<double>&, arma::Base<double, arma::eOp<arma::Mat<double>, arma::eop_scalar_times> > const&, arma::Base<double, arma::Mat<double> > const&, unsigned long long) [9]
                0.01    0.00 1331943/79441126     bool arma::auxlib::solve_square_refine<arma::Mat<double> >(arma::Mat<arma::Mat<double>::pod_type>&, arma::Mat<double>::pod_type&, arma::Mat<arma::Mat<double>::pod_type>&, arma::Base<arma::Mat<double>::pod_type, arma::Mat<double> > const&, bool) [13]
                0.32    0.06 75443262/79441126     Line::SEM_computeF() [6]
[12]     1.8    0.34    0.07 79441126         arma::Mat<double>::init_cold() [12]
                0.07    0.00 10615694/18605388     double* arma::memory::acquire<double>(unsigned long long) [17]
-----------------------------------------------
                0.00    0.00    1005/1331943     bool arma::glue_solve_gen::apply<double, arma::Mat<double>, arma::Mat<double> >(arma::Mat<double>&, arma::Base<double, arma::Mat<double> > const&, arma::Base<double, arma::Mat<double> > const&, unsigned long long) [14]
                0.00    0.00    7372/1331943     BDF::step() [1]
                0.26    0.04 1323566/1331943     bool arma::glue_solve_gen::apply<double, arma::eOp<arma::Mat<double>, arma::eop_scalar_times>, arma::Mat<double> >(arma::Mat<double>&, arma::Base<double, arma::eOp<arma::Mat<double>, arma::eop_scalar_times> > const&, arma::Base<double, arma::Mat<double> > const&, unsigned long long) [9]
[13]     1.4    0.26    0.04 1331943         bool arma::auxlib::solve_square_refine<arma::Mat<double> >(arma::Mat<arma::Mat<double>::pod_type>&, arma::Mat<double>::pod_type&, arma::Mat<arma::Mat<double>::pod_type>&, arma::Base<arma::Mat<double>::pod_type, arma::Mat<double> > const&, bool) [13]
                0.02    0.00 3995829/18605388     double* arma::memory::acquire<double>(unsigned long long) [17]
                0.01    0.00 1331943/146930622     arma::Mat<double>::init_warm(unsigned long long, unsigned long long) [10]
                0.01    0.00 1331943/79441126     arma::Mat<double>::init_cold() [12]
                0.00    0.00 2663886/37110111     frame_dummy [22]
-----------------------------------------------
                0.00    0.00       2/123092672     Line::initLine() [38]
                0.00    0.00       2/123092672     Line::SEM_coefficients() [33]
                0.00    0.00       5/123092672     Line::SEM_getBaseFunctions() [18]
                0.00    0.00      20/123092672     void arma::subview<double>::inplace_op<arma::op_internal_equ, arma::eGlue<arma::subview<double>, arma::Mat<double>, arma::eglue_plus> >(arma::Base<double, arma::eGlue<arma::subview<double>, arma::Mat<double>, arma::eglue_plus> > const&, char const*) [36]
                0.00    0.00    1005/123092672     BDF::step() [1]
                0.18    0.04 123091638/123092672     Line::SEM_computeF() [6]
[14]     1.0    0.18    0.04 123092672         bool arma::glue_solve_gen::apply<double, arma::Mat<double>, arma::Mat<double> >(arma::Mat<double>&, arma::Base<double, arma::Mat<double> > const&, arma::Base<double, arma::Mat<double> > const&, unsigned long long) [14]
                0.03    0.01       1/1           bool arma::auxlib::solve_approx_svd<arma::Mat<double> >(arma::Mat<arma::Mat<double>::pod_type>&, arma::Mat<arma::Mat<double>::pod_type>&, arma::Base<arma::Mat<double>::pod_type, arma::Mat<double> > const&) [25]
                0.00    0.00    1005/1331943     bool arma::auxlib::solve_square_refine<arma::Mat<double> >(arma::Mat<arma::Mat<double>::pod_type>&, arma::Mat<double>::pod_type&, arma::Mat<arma::Mat<double>::pod_type>&, arma::Base<arma::Mat<double>::pod_type, arma::Mat<double> > const&, bool) [13]
-----------------------------------------------
                0.19    0.00 34412716/34412716     Line::SEM_computeF() [6]
[15]     0.9    0.19    0.00 34412716         arma::subview<double>::extract(arma::Mat<double>&, arma::subview<double> const&) [15]
-----------------------------------------------
                                                 <spontaneous>
[16]     0.7    0.15    0.00                 void arma::gemv<true, false, false>::apply_blas_type<double, arma::Row<double> >(double*, arma::Row<double> const&, double const*, double, double) [16]
-----------------------------------------------
                0.00    0.00       1/18605388     bool arma::auxlib::solve_approx_svd<arma::Mat<double> >(arma::Mat<arma::Mat<double>::pod_type>&, arma::Mat<arma::Mat<double>::pod_type>&, arma::Base<arma::Mat<double>::pod_type, arma::Mat<double> > const&) [25]
                0.00    0.00       2/18605388     Line::SEM_coefficients() [33]
                0.00    0.00       4/18605388     Line::SEM_getBaseFunctions() [18]
                0.00    0.00       5/18605388     arma::SpMat<double>::mem_resize(unsigned long long) [39]
                0.00    0.00    1031/18605388     arma::Mat<double>::init_warm(unsigned long long, unsigned long long) [10]
                0.00    0.00   22116/18605388     BDF::step() [1]
                0.02    0.00 3970706/18605388     arma::Mat<double>::Mat<arma::Mat<double>, arma::gen_zeros>(arma::Gen<arma::Mat<double>, arma::gen_zeros> const&) [19]
                0.02    0.00 3995829/18605388     bool arma::auxlib::solve_square_refine<arma::Mat<double> >(arma::Mat<arma::Mat<double>::pod_type>&, arma::Mat<double>::pod_type&, arma::Mat<arma::Mat<double>::pod_type>&, arma::Base<arma::Mat<double>::pod_type, arma::Mat<double> > const&, bool) [13]
                0.07    0.00 10615694/18605388     arma::Mat<double>::init_cold() [12]
[17]     0.5    0.12    0.00 18605388         double* arma::memory::acquire<double>(unsigned long long) [17]
-----------------------------------------------
                                                 <spontaneous>
[18]     0.3    0.06    0.01                 Line::SEM_getBaseFunctions() [18]
                0.00    0.01       1/1           Line::SEM_coefficients() [33]
                0.01    0.00       1/3           arma::Mat<double>::steal_mem(arma::Mat<double>&) [28]
                0.00    0.00      20/20          void arma::subview<double>::inplace_op<arma::op_internal_equ, arma::eGlue<arma::subview<double>, arma::Mat<double>, arma::eglue_plus> >(arma::Base<double, arma::eGlue<arma::subview<double>, arma::Mat<double>, arma::eglue_plus> > const&, char const*) [36]
                0.00    0.00       5/5           arma::SpMat<double>::SpMat<arma::Mat<double> >(arma::Base<double, arma::Mat<double> > const&) [40]
                0.00    0.00       4/18605388     double* arma::memory::acquire<double>(unsigned long long) [17]
                0.00    0.00     869/905         Line::SEM_poly_first_derivative(double, int) [41]
                0.00    0.00       3/79441126     arma::Mat<double>::init_cold() [12]
                0.00    0.00       2/146930622     arma::Mat<double>::init_warm(unsigned long long, unsigned long long) [10]
                0.00    0.00       5/123092672     bool arma::glue_solve_gen::apply<double, arma::Mat<double>, arma::Mat<double> >(arma::Mat<double>&, arma::Base<double, arma::Mat<double> > const&, arma::Base<double, arma::Mat<double> > const&, unsigned long long) [14]
                0.00    0.00       1/3           arma::Mat<double>& arma::Mat<double>::operator=<arma::Mat<double>, arma::eop_scalar_times>(arma::eOp<arma::Mat<double>, arma::eop_scalar_times> const&) [42]
                0.00    0.00       1/1           Line::SEM_get_D_local() [43]
                0.00    0.00     864/864         Line::SEM_poly(double, int) [67]
                0.00    0.00       5/5           arma::SpMat<double>::steal_mem(arma::SpMat<double>&) [72]
                0.00    0.00       5/5           arma::SpMat<double>::~SpMat() [73]
                0.00    0.00       1/2           void arma::op_strans::apply_mat_noalias<double, arma::Mat<double> >(arma::Mat<double>&, arma::Mat<double> const&) [78]
                0.00    0.00       1/2           lobatto_set(int, double*, double*) [74]
-----------------------------------------------
                0.00    0.00       6/3970704     spline::spline(arma::Mat<double>, arma::Mat<double>, int) [20]
                0.04    0.02 3970698/3970704     Line::SEM_computeF() [6]
[19]     0.3    0.04    0.02 3970704         arma::Mat<double>::Mat<arma::Mat<double>, arma::gen_zeros>(arma::Gen<arma::Mat<double>, arma::gen_zeros> const&) [19]
                0.02    0.00 3970706/18605388     double* arma::memory::acquire<double>(unsigned long long) [17]
-----------------------------------------------
                0.00    0.05       3/3           FairleadBCP::getValues(double) [4]
[20]     0.2    0.00    0.05       3         spline::spline(arma::Mat<double>, arma::Mat<double>, int) [20]
                0.05    0.00       6/6           timestamp() [21]
                0.00    0.00       6/3970704     arma::Mat<double>::Mat<arma::Mat<double>, arma::gen_zeros>(arma::Gen<arma::Mat<double>, arma::gen_zeros> const&) [19]
                0.00    0.00       9/146930622     arma::Mat<double>::init_warm(unsigned long long, unsigned long long) [10]
                0.00    0.00       3/1008        arma::Mat<double>::operator=(arma::Mat<double> const&) [35]
                0.00    0.00       9/10          void arma::subview<double>::inplace_op<arma::op_internal_equ, arma::Mat<double> >(arma::Base<double, arma::Mat<double> > const&, char const*) [70]
-----------------------------------------------
                0.05    0.00       6/6           spline::spline(arma::Mat<double>, arma::Mat<double>, int) [20]
[21]     0.2    0.05    0.00       6         timestamp() [21]
-----------------------------------------------
                0.00    0.00       1/37110111     bool arma::auxlib::solve_approx_svd<arma::Mat<double> >(arma::Mat<arma::Mat<double>::pod_type>&, arma::Mat<arma::Mat<double>::pod_type>&, arma::Base<arma::Mat<double>::pod_type, arma::Mat<double> > const&) [25]
                0.00    0.00   33508/37110111     jac(double, arma::Mat<double>, solver_data) [2]
                0.00    0.00 2663886/37110111     bool arma::auxlib::solve_square_refine<arma::Mat<double> >(arma::Mat<arma::Mat<double>::pod_type>&, arma::Mat<double>::pod_type&, arma::Mat<arma::Mat<double>::pod_type>&, arma::Base<arma::Mat<double>::pod_type, arma::Mat<double> > const&, bool) [13]
                0.04    0.00 34412716/37110111     void arma::subview<double>::inplace_op<arma::op_internal_equ, arma::Op<arma::subview<double>, arma::op_htrans> >(arma::Base<double, arma::Op<arma::subview<double>, arma::op_htrans> > const&, char const*) [11]
[22]     0.2    0.04    0.00 37110111         frame_dummy [22]
-----------------------------------------------
                0.04    0.00 1323566/1323566     fun(double, arma::Mat<double>, solver_data) [3]
[23]     0.2    0.04    0.00 1323566         AnchorBCP::getValues(double) [23]
                0.00    0.00 2647132/6617835     void arma::arrayops::inplace_set_small<double>(double*, double, unsigned long long) [52]
-----------------------------------------------
                                                 <spontaneous>
[24]     0.2    0.04    0.00                 void arma::subview<double>::inplace_op<arma::op_internal_equ>(arma::subview<double> const&, char const*) [24]
-----------------------------------------------
                0.03    0.01       1/1           bool arma::glue_solve_gen::apply<double, arma::Mat<double>, arma::Mat<double> >(arma::Mat<double>&, arma::Base<double, arma::Mat<double> > const&, arma::Base<double, arma::Mat<double> > const&, unsigned long long) [14]
[25]     0.2    0.03    0.01       1         bool arma::auxlib::solve_approx_svd<arma::Mat<double> >(arma::Mat<arma::Mat<double>::pod_type>&, arma::Mat<arma::Mat<double>::pod_type>&, arma::Base<arma::Mat<double>::pod_type, arma::Mat<double> > const&) [25]
                0.01    0.00       1/3           arma::Mat<double>::steal_mem(arma::Mat<double>&) [28]
                0.00    0.00       1/18605388     double* arma::memory::acquire<double>(unsigned long long) [17]
                0.00    0.00       1/79441126     arma::Mat<double>::init_cold() [12]
                0.00    0.00       1/37110111     frame_dummy [22]
                0.00    0.00       1/10          void arma::subview<double>::inplace_op<arma::op_internal_equ, arma::Mat<double> >(arma::Base<double, arma::Mat<double> > const&, char const*) [70]
-----------------------------------------------
                0.03    0.00 3970701/3970701     spline::spl_eval(double) [5]
[26]     0.1    0.03    0.00 3970701         arma::Mat<unsigned long long>::init_warm(unsigned long long, unsigned long long) [26]
-----------------------------------------------
                                                 <spontaneous>
[27]     0.1    0.03    0.00                 bool arma::auxlib::svd_dc<double, arma::Mat<double> >(arma::Col<double>&, arma::Base<double, arma::Mat<double> > const&, unsigned long long&, unsigned long long&) [27]
-----------------------------------------------
                0.01    0.00       1/3           bool arma::auxlib::solve_approx_svd<arma::Mat<double> >(arma::Mat<arma::Mat<double>::pod_type>&, arma::Mat<arma::Mat<double>::pod_type>&, arma::Base<arma::Mat<double>::pod_type, arma::Mat<double> > const&) [25]
                0.01    0.00       1/3           Line::SEM_coefficients() [33]
                0.01    0.00       1/3           Line::SEM_getBaseFunctions() [18]
[28]     0.1    0.02    0.00       3         arma::Mat<double>::steal_mem(arma::Mat<double>&) [28]
                0.00    0.00       3/146930622     arma::Mat<double>::init_warm(unsigned long long, unsigned long long) [10]
-----------------------------------------------
                                                 <spontaneous>
[29]     0.1    0.02    0.00                 BCP::leer_datosBCPs() [29]
-----------------------------------------------
                                                 <spontaneous>
[30]     0.1    0.02    0.00                 void arma::band_helper::compress<double>(arma::Mat<double>&, arma::Mat<double> const&, unsigned long long, unsigned long long, bool) [30]
-----------------------------------------------
                                                 <spontaneous>
[31]     0.1    0.02    0.00                 BDF::~BDF() [31]
-----------------------------------------------
                                                 <spontaneous>
[32]     0.0    0.01    0.00                 bool arma::auxlib::solve_sympd_refine<arma::Mat<double> >(arma::Mat<arma::Mat<double>::pod_type>&, arma::Mat<double>::pod_type&, arma::Mat<arma::Mat<double>::pod_type>&, arma::Base<arma::Mat<double>::pod_type, arma::Mat<double> > const&, bool) [32]
-----------------------------------------------
                0.00    0.01       1/1           Line::SEM_getBaseFunctions() [18]
[33]     0.0    0.00    0.01       1         Line::SEM_coefficients() [33]
                0.01    0.00       1/3           arma::Mat<double>::steal_mem(arma::Mat<double>&) [28]
                0.00    0.00       7/146930622     arma::Mat<double>::init_warm(unsigned long long, unsigned long long) [10]
                0.00    0.00       2/18605388     double* arma::memory::acquire<double>(unsigned long long) [17]
                0.00    0.00       2/123092672     bool arma::glue_solve_gen::apply<double, arma::Mat<double>, arma::Mat<double> >(arma::Mat<double>&, arma::Base<double, arma::Mat<double> > const&, arma::Base<double, arma::Mat<double> > const&, unsigned long long) [14]
                0.00    0.00      57/68825615     void arma::arrayops::copy_small<double>(double*, double const*, unsigned long long) [50]
                0.00    0.00       1/2           void arma::op_strans::apply_mat_noalias<double, arma::Mat<double> >(arma::Mat<double>&, arma::Mat<double> const&) [78]
-----------------------------------------------
                                                 <spontaneous>
[34]     0.0    0.01    0.00                 bool arma::auxlib::solve_square_fast<arma::Mat<double> >(arma::Mat<arma::Mat<double>::elem_type>&, arma::Mat<arma::Mat<double>::elem_type>&, arma::Base<arma::Mat<double>::elem_type, arma::Mat<double> > const&) [34]
-----------------------------------------------
                0.00    0.00       3/1008        spline::spline(arma::Mat<double>, arma::Mat<double>, int) [20]
                0.00    0.00    1005/1008        BDF::step() [1]
[35]     0.0    0.00    0.00    1008         arma::Mat<double>::operator=(arma::Mat<double> const&) [35]
                0.00    0.00    1009/146930622     arma::Mat<double>::init_warm(unsigned long long, unsigned long long) [10]
-----------------------------------------------
                0.00    0.00      20/20          Line::SEM_getBaseFunctions() [18]
[36]     0.0    0.00    0.00      20         void arma::subview<double>::inplace_op<arma::op_internal_equ, arma::eGlue<arma::subview<double>, arma::Mat<double>, arma::eglue_plus> >(arma::Base<double, arma::eGlue<arma::subview<double>, arma::Mat<double>, arma::eglue_plus> > const&, char const*) [36]
                0.00    0.00      20/79441126     arma::Mat<double>::init_cold() [12]
                0.00    0.00      20/123092672     bool arma::glue_solve_gen::apply<double, arma::Mat<double>, arma::Mat<double> >(arma::Mat<double>&, arma::Base<double, arma::Mat<double> > const&, arma::Base<double, arma::Mat<double> > const&, unsigned long long) [14]
                0.00    0.00     120/68825615     void arma::arrayops::copy_small<double>(double*, double const*, unsigned long long) [50]
-----------------------------------------------
                                                 <spontaneous>
[37]     0.0    0.00    0.00                 Line::leer_datosLines() [37]
                0.00    0.00      12/146930622     arma::Mat<double>::init_warm(unsigned long long, unsigned long long) [10]
                0.00    0.00       2/6617835     void arma::arrayops::inplace_set_small<double>(double*, double, unsigned long long) [52]
                0.00    0.00       1/2           lobatto_set(int, double*, double*) [74]
-----------------------------------------------
                                                 <spontaneous>
[38]     0.0    0.00    0.00                 Line::initLine() [38]
                0.00    0.00       2/68825434     arma::enable_if2<arma::is_arma_type<arma::Mat<double> >::value, arma::Mat<double>::pod_type>::result arma::norm<arma::Mat<double> >(arma::Mat<double> const&, unsigned long long, arma::arma_real_or_cx_only<arma::Mat<double>::elem_type>::result const*) [8]
                0.00    0.00       2/3           arma::Mat<double>& arma::Mat<double>::operator=<arma::Mat<double>, arma::eop_scalar_times>(arma::eOp<arma::Mat<double>, arma::eop_scalar_times> const&) [42]
                0.00    0.00       2/123092672     bool arma::glue_solve_gen::apply<double, arma::Mat<double>, arma::Mat<double> >(arma::Mat<double>&, arma::Base<double, arma::Mat<double> > const&, arma::Base<double, arma::Mat<double> > const&, unsigned long long) [14]
                0.00    0.00       2/2           Line::qs_GetTen() [76]
                0.00    0.00       2/2           Line::qs_Solution() [75]
                0.00    0.00       2/2           arma::Mat<double>::Mat<arma::subview<double>, arma::subview<double>, arma::eglue_minus>(arma::eGlue<arma::subview<double>, arma::subview<double>, arma::eglue_minus> const&) [77]
-----------------------------------------------
                0.00    0.00       5/5           arma::SpMat<double>::SpMat<arma::Mat<double> >(arma::Base<double, arma::Mat<double> > const&) [40]
[39]     0.0    0.00    0.00       5         arma::SpMat<double>::mem_resize(unsigned long long) [39]
                0.00    0.00       5/18605388     double* arma::memory::acquire<double>(unsigned long long) [17]
                0.00    0.00       5/30          std::_Rb_tree<unsigned long long, std::pair<unsigned long long const, double>, std::_Select1st<std::pair<unsigned long long const, double> >, std::less<unsigned long long>, std::allocator<std::pair<unsigned long long const, double> > >::_M_erase(std::_Rb_tree_node<std::pair<unsigned long long const, double> >*) [68]
-----------------------------------------------
                0.00    0.00       5/5           Line::SEM_getBaseFunctions() [18]
[40]     0.0    0.00    0.00       5         arma::SpMat<double>::SpMat<arma::Mat<double> >(arma::Base<double, arma::Mat<double> > const&) [40]
                0.00    0.00       5/5           arma::SpMat<double>::mem_resize(unsigned long long) [39]
                0.00    0.00       5/5           arma::SpMat<double>::init(unsigned long long, unsigned long long) [71]
-----------------------------------------------
                0.00    0.00      36/905         Line::SEM_get_D_local() [43]
                0.00    0.00     869/905         Line::SEM_getBaseFunctions() [18]
[41]     0.0    0.00    0.00     905         Line::SEM_poly_first_derivative(double, int) [41]
                0.00    0.00       3/146930622     arma::Mat<double>::init_warm(unsigned long long, unsigned long long) [10]
-----------------------------------------------
                0.00    0.00       1/3           Line::SEM_getBaseFunctions() [18]
                0.00    0.00       2/3           Line::initLine() [38]
[42]     0.0    0.00    0.00       3         arma::Mat<double>& arma::Mat<double>::operator=<arma::Mat<double>, arma::eop_scalar_times>(arma::eOp<arma::Mat<double>, arma::eop_scalar_times> const&) [42]
                0.00    0.00       3/146930622     arma::Mat<double>::init_warm(unsigned long long, unsigned long long) [10]
-----------------------------------------------
                0.00    0.00       1/1           Line::SEM_getBaseFunctions() [18]
[43]     0.0    0.00    0.00       1         Line::SEM_get_D_local() [43]
                0.00    0.00       1/79441126     arma::Mat<double>::init_cold() [12]
                0.00    0.00      36/905         Line::SEM_poly_first_derivative(double, int) [41]
-----------------------------------------------
                0.00    0.00       6/68825615     void arma::subview<double>::inplace_op<arma::op_internal_equ, arma::Mat<double> >(arma::Base<double, arma::Mat<double> > const&, char const*) [70]
                0.00    0.00      57/68825615     Line::SEM_coefficients() [33]
                0.00    0.00     120/68825615     void arma::subview<double>::inplace_op<arma::op_internal_equ, arma::eGlue<arma::subview<double>, arma::Mat<double>, arma::eglue_plus> >(arma::Base<double, arma::eGlue<arma::subview<double>, arma::Mat<double>, arma::eglue_plus> > const&, char const*) [36]
                0.00    0.00 34412716/68825615     fun(double, arma::Mat<double>, solver_data) [3]
                0.00    0.00 34412716/68825615     void arma::subview<double>::inplace_op<arma::op_internal_equ, arma::Op<arma::subview<double>, arma::op_htrans> >(arma::Base<double, arma::Op<arma::subview<double>, arma::op_htrans> > const&, char const*) [11]
[50]     0.0    0.00    0.00 68825615         void arma::arrayops::copy_small<double>(double*, double const*, unsigned long long) [50]
-----------------------------------------------
                0.00    0.00 34412716/34412716     Line::SEM_computeF() [6]
[51]     0.0    0.00    0.00 34412716         void arma::glue_times::apply<double, false, true, false, false, arma::Mat<double>, arma::Row<double>, arma::Row<double> >(arma::Mat<double>&, arma::Mat<double> const&, arma::Row<double> const&, arma::Row<double> const&, double) [51]
-----------------------------------------------
                0.00    0.00       2/6617835     Line::leer_datosLines() [37]
                0.00    0.00 2647132/6617835     AnchorBCP::getValues(double) [23]
                0.00    0.00 3970701/6617835     spline::spl_eval(double) [5]
[52]     0.0    0.00    0.00 6617835         void arma::arrayops::inplace_set_small<double>(double*, double, unsigned long long) [52]
-----------------------------------------------
                0.00    0.00 5294264/5294264     Line::SEM_computeF() [6]
[53]     0.0    0.00    0.00 5294264         void arma::glue_times_redirect2_helper<false>::apply<arma::Mat<double>, arma::Mat<double> >(arma::Mat<arma::Mat<double>::elem_type>&, arma::Glue<arma::Mat<double>, arma::Mat<double>, arma::glue_times> const&) [53]
-----------------------------------------------
                0.00    0.00 3970701/3970701     spline::spl_eval(double) [5]
[54]     0.0    0.00    0.00 3970701         void arma::eglue_core<arma::eglue_plus>::apply<arma::Mat<double>, arma::subview_row<double>, arma::eOp<arma::eOp<arma::eGlue<arma::subview_row<double>, arma::subview_row<double>, arma::eglue_minus>, arma::eop_scalar_times>, arma::eop_scalar_div_post> >(arma::Mat<double>&, arma::eGlue<arma::subview_row<double>, arma::eOp<arma::eOp<arma::eGlue<arma::subview_row<double>, arma::subview_row<double>, arma::eglue_minus>, arma::eop_scalar_times>, arma::eop_scalar_div_post>, arma::eglue_plus> const&) [54]
-----------------------------------------------
                0.00    0.00 2647132/2647132     Line::SEM_computeF() [6]
[55]     0.0    0.00    0.00 2647132         void arma::op_strans::apply_proxy<arma::subview_row<double> >(arma::Mat<arma::subview_row<double>::elem_type>&, arma::subview_row<double> const&) [55]
-----------------------------------------------
                0.00    0.00 1323566/1323566     Line::SEM_computeF() [6]
[56]     0.0    0.00    0.00 1323566         void arma::eglue_core<arma::eglue_plus>::apply<arma::Mat<double>, arma::eGlue<arma::eGlue<arma::subview_col<double>, arma::subview_col<double>, arma::eglue_schur>, arma::eGlue<arma::subview_col<double>, arma::subview_col<double>, arma::eglue_schur>, arma::eglue_plus>, arma::eGlue<arma::subview_col<double>, arma::subview_col<double>, arma::eglue_schur> >(arma::Mat<double>&, arma::eGlue<arma::eGlue<arma::eGlue<arma::subview_col<double>, arma::subview_col<double>, arma::eglue_schur>, arma::eGlue<arma::subview_col<double>, arma::subview_col<double>, arma::eglue_schur>, arma::eglue_plus>, arma::eGlue<arma::subview_col<double>, arma::subview_col<double>, arma::eglue_schur>, arma::eglue_plus> const&) [56]
-----------------------------------------------
                0.00    0.00 1323566/1323566     Line::SEM_computeF() [6]
[57]     0.0    0.00    0.00 1323566         void arma::eglue_core<arma::eglue_minus>::apply<arma::Mat<double>, arma::eOp<arma::Glue<arma::Mat<double>, arma::Mat<double>, arma::glue_times>, arma::eop_scalar_times>, arma::Glue<arma::Mat<double>, arma::Mat<double>, arma::glue_times> >(arma::Mat<double>&, arma::eGlue<arma::eOp<arma::Glue<arma::Mat<double>, arma::Mat<double>, arma::glue_times>, arma::eop_scalar_times>, arma::Glue<arma::Mat<double>, arma::Mat<double>, arma::glue_times>, arma::eglue_minus> const&) [57]
-----------------------------------------------
                0.00    0.00 1323566/1323566     Line::SEM_computeF() [6]
[58]     0.0    0.00    0.00 1323566         void arma::eop_core<arma::eop_scalar_times>::apply<arma::Mat<double>, arma::eGlue<arma::eOp<arma::Mat<double>, arma::eop_scalar_minus_post>, arma::eOp<arma::Mat<double>, arma::eop_scalar_times>, arma::eglue_plus> >(arma::Mat<double>&, arma::eOp<arma::eGlue<arma::eOp<arma::Mat<double>, arma::eop_scalar_minus_post>, arma::eOp<arma::Mat<double>, arma::eop_scalar_times>, arma::eglue_plus>, arma::eop_scalar_times> const&) [58]
-----------------------------------------------
                0.00    0.00 1323566/1323566     Line::SEM_computeF() [6]
[59]     0.0    0.00    0.00 1323566         void arma::eop_core<arma::eop_scalar_times>::apply<arma::Mat<double>, arma::eGlue<arma::Mat<double>, arma::eOp<arma::Mat<double>, arma::eop_abs>, arma::eglue_plus> >(arma::Mat<double>&, arma::eOp<arma::eGlue<arma::Mat<double>, arma::eOp<arma::Mat<double>, arma::eop_abs>, arma::eglue_plus>, arma::eop_scalar_times> const&) [59]
-----------------------------------------------
                0.00    0.00 1323566/1323566     Line::SEM_computeF() [6]
[60]     0.0    0.00    0.00 1323566         void arma::eop_core<arma::eop_sqrt>::apply<arma::Mat<double>, arma::eGlue<arma::eGlue<arma::eOp<arma::subview<double>, arma::eop_pow>, arma::eOp<arma::subview<double>, arma::eop_pow>, arma::eglue_plus>, arma::eOp<arma::subview<double>, arma::eop_pow>, arma::eglue_plus> >(arma::Mat<double>&, arma::eOp<arma::eGlue<arma::eGlue<arma::eOp<arma::subview<double>, arma::eop_pow>, arma::eOp<arma::subview<double>, arma::eop_pow>, arma::eglue_plus>, arma::eOp<arma::subview<double>, arma::eop_pow>, arma::eglue_plus>, arma::eop_sqrt> const&) [60]
-----------------------------------------------
                0.00    0.00   17067/17067       spline::spl_eval(double) [5]
[61]     0.0    0.00    0.00   17067         void arma::arrayops::copy_small<unsigned long long>(unsigned long long*, unsigned long long const*, unsigned long long) [61]
-----------------------------------------------
                0.00    0.00    8377/8377        BDF::step() [1]
[62]     0.0    0.00    0.00    8377         void arma::eglue_core<arma::eglue_minus>::apply<arma::Mat<double>, arma::eGlue<arma::Mat<double>, arma::Mat<double>, arma::eglue_minus>, arma::eOp<arma::Mat<double>, arma::eop_scalar_times> >(arma::Mat<double>&, arma::eGlue<arma::eGlue<arma::Mat<double>, arma::Mat<double>, arma::eglue_minus>, arma::eOp<arma::Mat<double>, arma::eop_scalar_times>, arma::eglue_minus> const&) [62]
-----------------------------------------------
                0.00    0.00    8040/8040        BDF::step() [1]
[63]     0.0    0.00    0.00    8040         spline::~spline() [63]
-----------------------------------------------
                0.00    0.00    3015/3015        BDF::step() [1]
[64]     0.0    0.00    0.00    3015         arma::Mat<double>::Mat(arma::Mat<double> const&) [64]
-----------------------------------------------
                0.00    0.00    1005/1005        BDF::step() [1]
[65]     0.0    0.00    0.00    1005         BDF::get_next_dt() [65]
-----------------------------------------------
                0.00    0.00    1005/1005        BDF::step() [1]
[66]     0.0    0.00    0.00    1005         void arma::eglue_core<arma::eglue_minus>::apply<arma::Mat<double>, arma::Gen<arma::Mat<double>, arma::gen_eye>, arma::eOp<arma::Mat<double>, arma::eop_scalar_times> >(arma::Mat<double>&, arma::eGlue<arma::Gen<arma::Mat<double>, arma::gen_eye>, arma::eOp<arma::Mat<double>, arma::eop_scalar_times>, arma::eglue_minus> const&) [66]
-----------------------------------------------
                0.00    0.00     864/864         Line::SEM_getBaseFunctions() [18]
[67]     0.0    0.00    0.00     864         Line::SEM_poly(double, int) [67]
-----------------------------------------------
                0.00    0.00       5/30          arma::SpMat<double>::mem_resize(unsigned long long) [39]
                0.00    0.00       5/30          arma::SpMat<double>::init(unsigned long long, unsigned long long) [71]
                0.00    0.00      10/30          arma::SpMat<double>::~SpMat() [73]
                0.00    0.00      10/30          arma::SpMat<double>::steal_mem(arma::SpMat<double>&) [72]
[68]     0.0    0.00    0.00      30         std::_Rb_tree<unsigned long long, std::pair<unsigned long long const, double>, std::_Select1st<std::pair<unsigned long long const, double> >, std::less<unsigned long long>, std::allocator<std::pair<unsigned long long const, double> > >::_M_erase(std::_Rb_tree_node<std::pair<unsigned long long const, double> >*) [68]
-----------------------------------------------
                0.00    0.00      10/10          Line::qs_GetTen() [76]
[69]     0.0    0.00    0.00      10         Line::qs_Functions(double&, double&, double&, double&, double&, double&) [69]
-----------------------------------------------
                0.00    0.00       1/10          bool arma::auxlib::solve_approx_svd<arma::Mat<double> >(arma::Mat<arma::Mat<double>::pod_type>&, arma::Mat<arma::Mat<double>::pod_type>&, arma::Base<arma::Mat<double>::pod_type, arma::Mat<double> > const&) [25]
                0.00    0.00       9/10          spline::spline(arma::Mat<double>, arma::Mat<double>, int) [20]
[70]     0.0    0.00    0.00      10         void arma::subview<double>::inplace_op<arma::op_internal_equ, arma::Mat<double> >(arma::Base<double, arma::Mat<double> > const&, char const*) [70]
                0.00    0.00       6/68825615     void arma::arrayops::copy_small<double>(double*, double const*, unsigned long long) [50]
-----------------------------------------------
                0.00    0.00       5/5           arma::SpMat<double>::SpMat<arma::Mat<double> >(arma::Base<double, arma::Mat<double> > const&) [40]
[71]     0.0    0.00    0.00       5         arma::SpMat<double>::init(unsigned long long, unsigned long long) [71]
                0.00    0.00       5/30          std::_Rb_tree<unsigned long long, std::pair<unsigned long long const, double>, std::_Select1st<std::pair<unsigned long long const, double> >, std::less<unsigned long long>, std::allocator<std::pair<unsigned long long const, double> > >::_M_erase(std::_Rb_tree_node<std::pair<unsigned long long const, double> >*) [68]
-----------------------------------------------
                0.00    0.00       5/5           Line::SEM_getBaseFunctions() [18]
[72]     0.0    0.00    0.00       5         arma::SpMat<double>::steal_mem(arma::SpMat<double>&) [72]
                0.00    0.00      10/30          std::_Rb_tree<unsigned long long, std::pair<unsigned long long const, double>, std::_Select1st<std::pair<unsigned long long const, double> >, std::less<unsigned long long>, std::allocator<std::pair<unsigned long long const, double> > >::_M_erase(std::_Rb_tree_node<std::pair<unsigned long long const, double> >*) [68]
-----------------------------------------------
                0.00    0.00       5/5           Line::SEM_getBaseFunctions() [18]
[73]     0.0    0.00    0.00       5         arma::SpMat<double>::~SpMat() [73]
                0.00    0.00      10/30          std::_Rb_tree<unsigned long long, std::pair<unsigned long long const, double>, std::_Select1st<std::pair<unsigned long long const, double> >, std::less<unsigned long long>, std::allocator<std::pair<unsigned long long const, double> > >::_M_erase(std::_Rb_tree_node<std::pair<unsigned long long const, double> >*) [68]
-----------------------------------------------
                0.00    0.00       1/2           Line::leer_datosLines() [37]
                0.00    0.00       1/2           Line::SEM_getBaseFunctions() [18]
[74]     0.0    0.00    0.00       2         lobatto_set(int, double*, double*) [74]
-----------------------------------------------
                0.00    0.00       2/2           Line::initLine() [38]
[75]     0.0    0.00    0.00       2         Line::qs_Solution() [75]
-----------------------------------------------
                0.00    0.00       2/2           Line::initLine() [38]
[76]     0.0    0.00    0.00       2         Line::qs_GetTen() [76]
                0.00    0.00      10/10          Line::qs_Functions(double&, double&, double&, double&, double&, double&) [69]
-----------------------------------------------
                0.00    0.00       2/2           Line::initLine() [38]
[77]     0.0    0.00    0.00       2         arma::Mat<double>::Mat<arma::subview<double>, arma::subview<double>, arma::eglue_minus>(arma::eGlue<arma::subview<double>, arma::subview<double>, arma::eglue_minus> const&) [77]
-----------------------------------------------
                0.00    0.00       1/2           Line::SEM_coefficients() [33]
                0.00    0.00       1/2           Line::SEM_getBaseFunctions() [18]
[78]     0.0    0.00    0.00       2         void arma::op_strans::apply_mat_noalias<double, arma::Mat<double> >(arma::Mat<double>&, arma::Mat<double> const&) [78]
-----------------------------------------------
                0.00    0.00       1/1           __libc_csu_init [248]
[79]     0.0    0.00    0.00       1         _GLOBAL__sub_I_PI [79]
-----------------------------------------------
                0.00    0.00       1/1           __libc_csu_init [248]
[80]     0.0    0.00    0.00       1         _GLOBAL__sub_I__Z5cdgqfiiddPdS_ [80]
-----------------------------------------------
                0.00    0.00       1/1           __libc_csu_init [248]
[81]     0.0    0.00    0.00       1         _GLOBAL__sub_I__ZN3BCP14leer_datosBCPsEv [81]
-----------------------------------------------
                0.00    0.00       1/1           __libc_csu_init [248]
[82]     0.0    0.00    0.00       1         _GLOBAL__sub_I__ZN3BDF4stepEv [82]
-----------------------------------------------
                0.00    0.00       1/1           __libc_csu_init [248]
[83]     0.0    0.00    0.00       1         _GLOBAL__sub_I__ZN4Line12qs_FunctionsERdS0_S0_S0_S0_S0_ [83]
-----------------------------------------------
                0.00    0.00       1/1           __libc_csu_init [248]
[84]     0.0    0.00    0.00       1         _GLOBAL__sub_I__ZN4Line15leer_datosLinesEv [84]
-----------------------------------------------
                0.00    0.00       1/1           __libc_csu_init [248]
[85]     0.0    0.00    0.00       1         _GLOBAL__sub_I__ZN6splineC2EN4arma3MatIdEES2_i [85]
-----------------------------------------------

 This table describes the call tree of the program, and was sorted by
 the total amount of time spent in each function and its children.

 Each entry in this table consists of several lines.  The line with the
 index number at the left hand margin lists the current function.
 The lines above it list the functions that called this function,
 and the lines below it list the functions this one called.
 This line lists:
     index	A unique number given to each element of the table.
		Index numbers are sorted numerically.
		The index number is printed next to every function name so
		it is easier to look up where the function is in the table.

     % time	This is the percentage of the `total' time that was spent
		in this function and its children.  Note that due to
		different viewpoints, functions excluded by options, etc,
		these numbers will NOT add up to 100%.

     self	This is the total amount of time spent in this function.

     children	This is the total amount of time propagated into this
		function by its children.

     called	This is the number of times the function was called.
		If the function called itself recursively, the number
		only includes non-recursive calls, and is followed by
		a `+' and the number of recursive calls.

     name	The name of the current function.  The index number is
		printed after it.  If the function is a member of a
		cycle, the cycle number is printed between the
		function's name and the index number.


 For the function's parents, the fields have the following meanings:

     self	This is the amount of time that was propagated directly
		from the function into this parent.

     children	This is the amount of time that was propagated from
		the function's children into this parent.

     called	This is the number of times this parent called the
		function `/' the total number of times the function
		was called.  Recursive calls to the function are not
		included in the number after the `/'.

     name	This is the name of the parent.  The parent's index
		number is printed after it.  If the parent is a
		member of a cycle, the cycle number is printed between
		the name and the index number.

 If the parents of the function cannot be determined, the word
 `<spontaneous>' is printed in the `name' field, and all the other
 fields are blank.

 For the function's children, the fields have the following meanings:

     self	This is the amount of time that was propagated directly
		from the child into the function.

     children	This is the amount of time that was propagated from the
		child's children to the function.

     called	This is the number of times the function called
		this child `/' the total number of times the child
		was called.  Recursive calls by the child are not
		listed in the number after the `/'.

     name	This is the name of the child.  The child's index
		number is printed after it.  If the child is a
		member of a cycle, the cycle number is printed
		between the name and the index number.

 If there are any cycles (circles) in the call graph, there is an
 entry for the cycle-as-a-whole.  This entry shows who called the
 cycle (as parents) and the members of the cycle (as children.)
 The `+' recursive calls entry shows the number of function calls that
 were internal to the cycle, and the calls entry for each member shows,
 for that member, how many times it was called from other members of
 the cycle.

Copyright (C) 2012-2016 Free Software Foundation, Inc.

Copying and distribution of this file, with or without modification,
are permitted in any medium without royalty provided the copyright
notice and this notice are preserved.

Index by function name

  [79] _GLOBAL__sub_I_PI      [56] void arma::eglue_core<arma::eglue_plus>::apply<arma::Mat<double>, arma::eGlue<arma::eGlue<arma::subview_col<double>, arma::subview_col<double>, arma::eglue_schur>, arma::eGlue<arma::subview_col<double>, arma::subview_col<double>, arma::eglue_schur>, arma::eglue_plus>, arma::eGlue<arma::subview_col<double>, arma::subview_col<double>, arma::eglue_schur> >(arma::Mat<double>&, arma::eGlue<arma::eGlue<arma::eGlue<arma::subview_col<double>, arma::subview_col<double>, arma::eglue_schur>, arma::eGlue<arma::subview_col<double>, arma::subview_col<double>, arma::eglue_schur>, arma::eglue_plus>, arma::eGlue<arma::subview_col<double>, arma::subview_col<double>, arma::eglue_schur>, arma::eglue_plus> const&) [25] bool arma::auxlib::solve_approx_svd<arma::Mat<double> >(arma::Mat<arma::Mat<double>::pod_type>&, arma::Mat<arma::Mat<double>::pod_type>&, arma::Base<arma::Mat<double>::pod_type, arma::Mat<double> > const&)
  [80] _GLOBAL__sub_I__Z5cdgqfiiddPdS_ [66] void arma::eglue_core<arma::eglue_minus>::apply<arma::Mat<double>, arma::Gen<arma::Mat<double>, arma::gen_eye>, arma::eOp<arma::Mat<double>, arma::eop_scalar_times> >(arma::Mat<double>&, arma::eGlue<arma::Gen<arma::Mat<double>, arma::gen_eye>, arma::eOp<arma::Mat<double>, arma::eop_scalar_times>, arma::eglue_minus> const&) [34] bool arma::auxlib::solve_square_fast<arma::Mat<double> >(arma::Mat<arma::Mat<double>::elem_type>&, arma::Mat<arma::Mat<double>::elem_type>&, arma::Base<arma::Mat<double>::elem_type, arma::Mat<double> > const&)
  [81] _GLOBAL__sub_I__ZN3BCP14leer_datosBCPsEv [57] void arma::eglue_core<arma::eglue_minus>::apply<arma::Mat<double>, arma::eOp<arma::Glue<arma::Mat<double>, arma::Mat<double>, arma::glue_times>, arma::eop_scalar_times>, arma::Glue<arma::Mat<double>, arma::Mat<double>, arma::glue_times> >(arma::Mat<double>&, arma::eGlue<arma::eOp<arma::Glue<arma::Mat<double>, arma::Mat<double>, arma::glue_times>, arma::eop_scalar_times>, arma::Glue<arma::Mat<double>, arma::Mat<double>, arma::glue_times>, arma::eglue_minus> const&) [32] bool arma::auxlib::solve_sympd_refine<arma::Mat<double> >(arma::Mat<arma::Mat<double>::pod_type>&, arma::Mat<double>::pod_type&, arma::Mat<arma::Mat<double>::pod_type>&, arma::Base<arma::Mat<double>::pod_type, arma::Mat<double> > const&, bool)
  [82] _GLOBAL__sub_I__ZN3BDF4stepEv [62] void arma::eglue_core<arma::eglue_minus>::apply<arma::Mat<double>, arma::eGlue<arma::Mat<double>, arma::Mat<double>, arma::eglue_minus>, arma::eOp<arma::Mat<double>, arma::eop_scalar_times> >(arma::Mat<double>&, arma::eGlue<arma::eGlue<arma::Mat<double>, arma::Mat<double>, arma::eglue_minus>, arma::eOp<arma::Mat<double>, arma::eop_scalar_times>, arma::eglue_minus> const&) [13] bool arma::auxlib::solve_square_refine<arma::Mat<double> >(arma::Mat<arma::Mat<double>::pod_type>&, arma::Mat<double>::pod_type&, arma::Mat<arma::Mat<double>::pod_type>&, arma::Base<arma::Mat<double>::pod_type, arma::Mat<double> > const&, bool)
  [83] _GLOBAL__sub_I__ZN4Line12qs_FunctionsERdS0_S0_S0_S0_S0_ [51] void arma::glue_times::apply<double, false, true, false, false, arma::Mat<double>, arma::Row<double>, arma::Row<double> >(arma::Mat<double>&, arma::Mat<double> const&, arma::Row<double> const&, arma::Row<double> const&, double) [27] bool arma::auxlib::svd_dc<double, arma::Mat<double> >(arma::Col<double>&, arma::Base<double, arma::Mat<double> > const&, unsigned long long&, unsigned long long&)
  [84] _GLOBAL__sub_I__ZN4Line15leer_datosLinesEv [30] void arma::band_helper::compress<double>(arma::Mat<double>&, arma::Mat<double> const&, unsigned long long, unsigned long long, bool) [17] double* arma::memory::acquire<double>(unsigned long long)
  [85] _GLOBAL__sub_I__ZN6splineC2EN4arma3MatIdEES2_i [14] bool arma::glue_solve_gen::apply<double, arma::Mat<double>, arma::Mat<double> >(arma::Mat<double>&, arma::Base<double, arma::Mat<double> > const&, arma::Base<double, arma::Mat<double> > const&, unsigned long long) [24] void arma::subview<double>::inplace_op<arma::op_internal_equ>(arma::subview<double> const&, char const*)
  [74] lobatto_set(int, double*, double*) [9] bool arma::glue_solve_gen::apply<double, arma::eOp<arma::Mat<double>, arma::eop_scalar_times>, arma::Mat<double> >(arma::Mat<double>&, arma::Base<double, arma::eOp<arma::Mat<double>, arma::eop_scalar_times> > const&, arma::Base<double, arma::Mat<double> > const&, unsigned long long) [11] void arma::subview<double>::inplace_op<arma::op_internal_equ, arma::Op<arma::subview<double>, arma::op_htrans> >(arma::Base<double, arma::Op<arma::subview<double>, arma::op_htrans> > const&, char const*)
   [3] fun(double, arma::Mat<double>, solver_data) [53] void arma::glue_times_redirect2_helper<false>::apply<arma::Mat<double>, arma::Mat<double> >(arma::Mat<arma::Mat<double>::elem_type>&, arma::Glue<arma::Mat<double>, arma::Mat<double>, arma::glue_times> const&) [70] void arma::subview<double>::inplace_op<arma::op_internal_equ, arma::Mat<double> >(arma::Base<double, arma::Mat<double> > const&, char const*)
   [2] jac(double, arma::Mat<double>, solver_data) [12] arma::Mat<double>::init_cold() [36] void arma::subview<double>::inplace_op<arma::op_internal_equ, arma::eGlue<arma::subview<double>, arma::Mat<double>, arma::eglue_plus> >(arma::Base<double, arma::eGlue<arma::subview<double>, arma::Mat<double>, arma::eglue_plus> > const&, char const*)
  [21] timestamp()            [10] arma::Mat<double>::init_warm(unsigned long long, unsigned long long) [15] arma::subview<double>::extract(arma::Mat<double>&, arma::subview<double> const&)
   [4] FairleadBCP::getValues(double) [28] arma::Mat<double>::steal_mem(arma::Mat<double>&) [50] void arma::arrayops::copy_small<double>(double*, double const*, unsigned long long)
  [29] BCP::leer_datosBCPs()  [64] arma::Mat<double>::Mat(arma::Mat<double> const&) [61] void arma::arrayops::copy_small<unsigned long long>(unsigned long long*, unsigned long long const*, unsigned long long)
  [65] BDF::get_next_dt()     [77] arma::Mat<double>::Mat<arma::subview<double>, arma::subview<double>, arma::eglue_minus>(arma::eGlue<arma::subview<double>, arma::subview<double>, arma::eglue_minus> const&) [52] void arma::arrayops::inplace_set_small<double>(double*, double, unsigned long long)
   [1] BDF::step()            [19] arma::Mat<double>::Mat<arma::Mat<double>, arma::gen_zeros>(arma::Gen<arma::Mat<double>, arma::gen_zeros> const&) [58] void arma::eop_core<arma::eop_scalar_times>::apply<arma::Mat<double>, arma::eGlue<arma::eOp<arma::Mat<double>, arma::eop_scalar_minus_post>, arma::eOp<arma::Mat<double>, arma::eop_scalar_times>, arma::eglue_plus> >(arma::Mat<double>&, arma::eOp<arma::eGlue<arma::eOp<arma::Mat<double>, arma::eop_scalar_minus_post>, arma::eOp<arma::Mat<double>, arma::eop_scalar_times>, arma::eglue_plus>, arma::eop_scalar_times> const&)
  [31] BDF::~BDF()             [7] arma::Mat<double>::operator=(arma::subview<double> const&) [59] void arma::eop_core<arma::eop_scalar_times>::apply<arma::Mat<double>, arma::eGlue<arma::Mat<double>, arma::eOp<arma::Mat<double>, arma::eop_abs>, arma::eglue_plus> >(arma::Mat<double>&, arma::eOp<arma::eGlue<arma::Mat<double>, arma::eOp<arma::Mat<double>, arma::eop_abs>, arma::eglue_plus>, arma::eop_scalar_times> const&)
  [75] Line::qs_Solution()    [35] arma::Mat<double>::operator=(arma::Mat<double> const&) [60] void arma::eop_core<arma::eop_sqrt>::apply<arma::Mat<double>, arma::eGlue<arma::eGlue<arma::eOp<arma::subview<double>, arma::eop_pow>, arma::eOp<arma::subview<double>, arma::eop_pow>, arma::eglue_plus>, arma::eOp<arma::subview<double>, arma::eop_pow>, arma::eglue_plus> >(arma::Mat<double>&, arma::eOp<arma::eGlue<arma::eGlue<arma::eOp<arma::subview<double>, arma::eop_pow>, arma::eOp<arma::subview<double>, arma::eop_pow>, arma::eglue_plus>, arma::eOp<arma::subview<double>, arma::eop_pow>, arma::eglue_plus>, arma::eop_sqrt> const&)
   [6] Line::SEM_computeF()   [42] arma::Mat<double>& arma::Mat<double>::operator=<arma::Mat<double>, arma::eop_scalar_times>(arma::eOp<arma::Mat<double>, arma::eop_scalar_times> const&) [55] void arma::op_strans::apply_proxy<arma::subview_row<double> >(arma::Mat<arma::subview_row<double>::elem_type>&, arma::subview_row<double> const&)
  [69] Line::qs_Functions(double&, double&, double&, double&, double&, double&) [26] arma::Mat<unsigned long long>::init_warm(unsigned long long, unsigned long long) [78] void arma::op_strans::apply_mat_noalias<double, arma::Mat<double> >(arma::Mat<double>&, arma::Mat<double> const&)
  [43] Line::SEM_get_D_local() [16] void arma::gemv<true, false, false>::apply_blas_type<double, arma::Row<double> >(double*, arma::Row<double> const&, double const*, double, double) [5] spline::spl_eval(double)
  [33] Line::SEM_coefficients() [8] arma::enable_if2<arma::is_arma_type<arma::Mat<double> >::value, arma::Mat<double>::pod_type>::result arma::norm<arma::Mat<double> >(arma::Mat<double> const&, unsigned long long, arma::arma_real_or_cx_only<arma::Mat<double>::elem_type>::result const*) [20] spline::spline(arma::Mat<double>, arma::Mat<double>, int)
  [18] Line::SEM_getBaseFunctions() [39] arma::SpMat<double>::mem_resize(unsigned long long) [63] spline::~spline()
  [41] Line::SEM_poly_first_derivative(double, int) [71] arma::SpMat<double>::init(unsigned long long, unsigned long long) [23] AnchorBCP::getValues(double)
  [67] Line::SEM_poly(double, int) [72] arma::SpMat<double>::steal_mem(arma::SpMat<double>&) [68] std::_Rb_tree<unsigned long long, std::pair<unsigned long long const, double>, std::_Select1st<std::pair<unsigned long long const, double> >, std::less<unsigned long long>, std::allocator<std::pair<unsigned long long const, double> > >::_M_erase(std::_Rb_tree_node<std::pair<unsigned long long const, double> >*)
  [76] Line::qs_GetTen()      [40] arma::SpMat<double>::SpMat<arma::Mat<double> >(arma::Base<double, arma::Mat<double> > const&) [22] frame_dummy
  [54] void arma::eglue_core<arma::eglue_plus>::apply<arma::Mat<double>, arma::subview_row<double>, arma::eOp<arma::eOp<arma::eGlue<arma::subview_row<double>, arma::subview_row<double>, arma::eglue_minus>, arma::eop_scalar_times>, arma::eop_scalar_div_post> >(arma::Mat<double>&, arma::eGlue<arma::subview_row<double>, arma::eOp<arma::eOp<arma::eGlue<arma::subview_row<double>, arma::subview_row<double>, arma::eglue_minus>, arma::eop_scalar_times>, arma::eop_scalar_div_post>, arma::eglue_plus> const&) [73] arma::SpMat<double>::~SpMat()
