Tension at anchor for line: 1 ; is: (19.0332 , 0 , 0 ) N
Tension at fairlead for line: 1 ; is: (-19.0488 , 0 , -9.77907 ) N

The temporal integration begins.

    t = 0
    t = 0.01
    t = 0.02
    t = 0.03
    t = 0.04
    t = 0.05
    t = 0.06
    t = 0.07
    t = 0.08
    t = 0.09
    t = 0.1
    t = 0.11
    t = 0.12
    t = 0.13
    t = 0.14
    t = 0.15
    t = 0.16
    t = 0.17
    t = 0.18
    t = 0.19
    t = 0.2
    t = 0.21
    t = 0.22
    t = 0.23
    t = 0.24
    t = 0.25
    t = 0.26
    t = 0.27
    t = 0.28
    t = 0.29
    t = 0.3
    t = 0.31
    t = 0.32
    t = 0.33
    t = 0.34
    t = 0.35
    t = 0.36
    t = 0.37
    t = 0.38
    t = 0.39
    t = 0.4
    t = 0.41
    t = 0.42
    t = 0.43
    t = 0.44
    t = 0.45
    t = 0.46
    t = 0.47
    t = 0.48
    t = 0.49
    t = 0.5
    t = 0.51
    t = 0.52
    t = 0.53
    t = 0.54
    t = 0.55
    t = 0.56
    t = 0.57
    t = 0.58
    t = 0.59
    t = 0.6
    t = 0.61
    t = 0.62
    t = 0.63
    t = 0.64
    t = 0.65
    t = 0.66
    t = 0.67
    t = 0.68
    t = 0.69
    t = 0.7
    t = 0.71
    t = 0.72
    t = 0.73
    t = 0.74
    t = 0.75
    t = 0.76
    t = 0.77
    t = 0.78
    t = 0.79
    t = 0.8
    t = 0.81
    t = 0.82
    t = 0.83
    t = 0.84
    t = 0.85
    t = 0.86
    t = 0.87
    t = 0.88
    t = 0.89
    t = 0.9
    t = 0.91
    t = 0.92
    t = 0.93
    t = 0.94
    t = 0.95
    t = 0.96
    t = 0.97
    t = 0.98
    t = 0.99
    t = 1
    t = 1.01
    t = 1.02
    t = 1.03
    t = 1.04
    t = 1.05
    t = 1.06
    t = 1.07
    t = 1.08
    t = 1.09
    t = 1.1
    t = 1.11
    t = 1.12
    t = 1.13
    t = 1.14
    t = 1.15
    t = 1.16
    t = 1.17
    t = 1.18
    t = 1.19
    t = 1.2
    t = 1.21
    t = 1.22
    t = 1.23
    t = 1.24
    t = 1.25
    t = 1.26
    t = 1.27
    t = 1.28
    t = 1.29
    t = 1.3
    t = 1.31
    t = 1.32
    t = 1.33
    t = 1.34
    t = 1.35
    t = 1.36
    t = 1.37
    t = 1.38
    t = 1.39
    t = 1.4
    t = 1.41
    t = 1.42
    t = 1.43
    t = 1.44
    t = 1.45
    t = 1.46
    t = 1.47
    t = 1.48
    t = 1.49
    t = 1.5
    t = 1.51
    t = 1.52
    t = 1.53
    t = 1.54
    t = 1.55
    t = 1.56
    t = 1.57
    t = 1.58
    t = 1.59
    t = 1.6
    t = 1.61
    t = 1.62
    t = 1.63
    t = 1.64
    t = 1.65
    t = 1.66
    t = 1.67
    t = 1.68
    t = 1.69
    t = 1.7
    t = 1.71
    t = 1.72
    t = 1.73
    t = 1.74
    t = 1.75
    t = 1.76
    t = 1.77
    t = 1.78
    t = 1.79
    t = 1.8
    t = 1.81
    t = 1.82
    t = 1.83
    t = 1.84
    t = 1.85
    t = 1.86
    t = 1.87
    t = 1.88
    t = 1.89
    t = 1.9
    t = 1.91
    t = 1.92
    t = 1.93
    t = 1.94
    t = 1.95
    t = 1.96
    t = 1.97
    t = 1.98
    t = 1.99
    t = 2
    t = 2.01
    t = 2.02
    t = 2.03
    t = 2.04
    t = 2.05
    t = 2.06
    t = 2.07
    t = 2.08
    t = 2.09
    t = 2.1
    t = 2.11
    t = 2.12
    t = 2.13
    t = 2.14
    t = 2.15
    t = 2.16
    t = 2.17
    t = 2.18
    t = 2.19
    t = 2.2
    t = 2.21
    t = 2.22
    t = 2.23
    t = 2.24
    t = 2.25
    t = 2.26
    t = 2.27
    t = 2.28
    t = 2.29
    t = 2.3
    t = 2.31
    t = 2.32
    t = 2.33
    t = 2.34
    t = 2.35
    t = 2.36
    t = 2.37
    t = 2.38
    t = 2.39
    t = 2.4
    t = 2.41
    t = 2.42
    t = 2.43
    t = 2.44
    t = 2.45
    t = 2.46
    t = 2.47
    t = 2.48
    t = 2.49
    t = 2.5
    t = 2.51
    t = 2.52
    t = 2.53
    t = 2.54
    t = 2.55
    t = 2.56
    t = 2.57
    t = 2.58
    t = 2.59
    t = 2.6
    t = 2.61
    t = 2.62
    t = 2.63
    t = 2.64
    t = 2.65
    t = 2.66
    t = 2.67
    t = 2.68
    t = 2.69
    t = 2.7
    t = 2.71
    t = 2.72
    t = 2.73
    t = 2.74
    t = 2.75
    t = 2.76
    t = 2.77
    t = 2.78
    t = 2.79
    t = 2.8
    t = 2.81
    t = 2.82
    t = 2.83
    t = 2.84
    t = 2.85
    t = 2.86
    t = 2.87
    t = 2.88
    t = 2.89
    t = 2.9
    t = 2.91
    t = 2.92
    t = 2.93
    t = 2.94
    t = 2.95
    t = 2.96
    t = 2.97
    t = 2.98
    t = 2.99
    t = 3
    t = 3.01
    t = 3.02
    t = 3.03
    t = 3.04
    t = 3.05
    t = 3.06
    t = 3.07
    t = 3.08
    t = 3.09
    t = 3.1
    t = 3.11
    t = 3.12
    t = 3.13
    t = 3.14
    t = 3.15
    t = 3.16
    t = 3.17
    t = 3.18
    t = 3.19
    t = 3.2
    t = 3.21
    t = 3.22
    t = 3.23
    t = 3.24
    t = 3.25
    t = 3.26
    t = 3.27
    t = 3.28
    t = 3.29
    t = 3.3
    t = 3.31
    t = 3.32
    t = 3.33
    t = 3.34
    t = 3.35
    t = 3.36
    t = 3.37
    t = 3.38
    t = 3.39
    t = 3.4
    t = 3.41
    t = 3.42
    t = 3.43
    t = 3.44
    t = 3.45
    t = 3.46
    t = 3.47
    t = 3.48
    t = 3.49
    t = 3.5
    t = 3.51
    t = 3.52
    t = 3.53
    t = 3.54
    t = 3.55
    t = 3.56
    t = 3.57
    t = 3.58
    t = 3.59
    t = 3.6
    t = 3.61
    t = 3.62
    t = 3.63
    t = 3.64
    t = 3.65
    t = 3.66
    t = 3.67
    t = 3.68
    t = 3.69
    t = 3.7
    t = 3.71
    t = 3.72
    t = 3.73
    t = 3.74
    t = 3.75
    t = 3.76
    t = 3.77
    t = 3.78
    t = 3.79
    t = 3.8
    t = 3.81
    t = 3.82
    t = 3.83
    t = 3.84
    t = 3.85
    t = 3.86
    t = 3.87
    t = 3.88
    t = 3.89
    t = 3.9
    t = 3.91
    t = 3.92
    t = 3.93
    t = 3.94
    t = 3.95
    t = 3.96
    t = 3.97
    t = 3.98
    t = 3.99
    t = 4
    t = 4.01
    t = 4.02
    t = 4.03
    t = 4.04
    t = 4.05
    t = 4.06
    t = 4.07
    t = 4.08
    t = 4.09
    t = 4.1
    t = 4.11
    t = 4.12
    t = 4.13
    t = 4.14
    t = 4.15
    t = 4.16
    t = 4.17
    t = 4.18
    t = 4.19
    t = 4.2
    t = 4.21
    t = 4.22
    t = 4.23
    t = 4.24
    t = 4.25
    t = 4.26
    t = 4.27
    t = 4.28
    t = 4.29
    t = 4.3
    t = 4.31
    t = 4.32
    t = 4.33
    t = 4.34
    t = 4.35
    t = 4.36
    t = 4.37
    t = 4.38
    t = 4.39
    t = 4.4
    t = 4.41
    t = 4.42
    t = 4.43
    t = 4.44
    t = 4.45
    t = 4.46
    t = 4.47
    t = 4.48
    t = 4.49
    t = 4.5
    t = 4.51
    t = 4.52
    t = 4.53
    t = 4.54
    t = 4.55
    t = 4.56
    t = 4.57
    t = 4.58
    t = 4.59
    t = 4.6
    t = 4.61
    t = 4.62
    t = 4.63
    t = 4.64
    t = 4.65
    t = 4.66
    t = 4.67
    t = 4.68
    t = 4.69
    t = 4.7
    t = 4.71
    t = 4.72
    t = 4.73
    t = 4.74
    t = 4.75
    t = 4.76
    t = 4.77
    t = 4.78
    t = 4.79
    t = 4.8
    t = 4.81
    t = 4.82
    t = 4.83
    t = 4.84
    t = 4.85
    t = 4.86
    t = 4.87
    t = 4.88
    t = 4.89
    t = 4.9
    t = 4.91
    t = 4.92
    t = 4.93
    t = 4.94
    t = 4.95
    t = 4.96
    t = 4.97
    t = 4.98
    t = 4.99
    t = 5
    t = 5.01
    t = 5.02
    t = 5.03
    t = 5.04
    t = 5.05
    t = 5.06
    t = 5.07
    t = 5.08
    t = 5.09
    t = 5.1
    t = 5.11
    t = 5.12
    t = 5.13
    t = 5.14
    t = 5.15
    t = 5.16
    t = 5.17
    t = 5.18
    t = 5.19
    t = 5.2
    t = 5.21
    t = 5.22
    t = 5.23
    t = 5.24
    t = 5.25
    t = 5.26
    t = 5.27
    t = 5.28
    t = 5.29
    t = 5.3
    t = 5.31
    t = 5.32
    t = 5.33
    t = 5.34
    t = 5.35
    t = 5.36
    t = 5.37
    t = 5.38
    t = 5.39
    t = 5.4
    t = 5.41
    t = 5.42
    t = 5.43
    t = 5.44
    t = 5.45
    t = 5.46
    t = 5.47
    t = 5.48
    t = 5.49
    t = 5.5
    t = 5.51
    t = 5.52
    t = 5.53
    t = 5.54
    t = 5.55
    t = 5.56
    t = 5.57
    t = 5.58
    t = 5.59
    t = 5.6
    t = 5.61
    t = 5.62
    t = 5.63
    t = 5.64
    t = 5.65
    t = 5.66
    t = 5.67
    t = 5.68
    t = 5.69
    t = 5.7
    t = 5.71
    t = 5.72
    t = 5.73
    t = 5.74
    t = 5.75
    t = 5.76
    t = 5.77
    t = 5.78
    t = 5.79
    t = 5.8
    t = 5.81
    t = 5.82
    t = 5.83
    t = 5.84
    t = 5.85
    t = 5.86
    t = 5.87
    t = 5.88
    t = 5.89
    t = 5.9
    t = 5.91
    t = 5.92
    t = 5.93
    t = 5.94
    t = 5.95
    t = 5.96
    t = 5.97
    t = 5.98
    t = 5.99
    t = 6
    t = 6.01
    t = 6.02
    t = 6.03
    t = 6.04
    t = 6.05
    t = 6.06
    t = 6.07
    t = 6.08
    t = 6.09
    t = 6.1
    t = 6.11
    t = 6.12
    t = 6.13
    t = 6.14
    t = 6.15
    t = 6.16
    t = 6.17
    t = 6.18
    t = 6.19
    t = 6.2
    t = 6.21
    t = 6.22
    t = 6.23
    t = 6.24
    t = 6.25
    t = 6.26
    t = 6.27
    t = 6.28
    t = 6.29
    t = 6.3
    t = 6.31
    t = 6.32
    t = 6.33
    t = 6.34
    t = 6.35
    t = 6.36
    t = 6.37
    t = 6.38
    t = 6.39
    t = 6.4
    t = 6.41
    t = 6.42
    t = 6.43
    t = 6.44
    t = 6.45
    t = 6.46
    t = 6.47
    t = 6.48
    t = 6.49
    t = 6.5
    t = 6.51
    t = 6.52
    t = 6.53
    t = 6.54
    t = 6.55
    t = 6.56
    t = 6.57
    t = 6.58
    t = 6.59
    t = 6.6
    t = 6.61
    t = 6.62
    t = 6.63
    t = 6.64
    t = 6.65
    t = 6.66
    t = 6.67
    t = 6.68
    t = 6.69
    t = 6.7
    t = 6.71
    t = 6.72
    t = 6.73
    t = 6.74
    t = 6.75
    t = 6.76
    t = 6.77
    t = 6.78
    t = 6.79
    t = 6.8
    t = 6.81
    t = 6.82
    t = 6.83
    t = 6.84
    t = 6.85
    t = 6.86
    t = 6.87
    t = 6.88
    t = 6.89
    t = 6.9
    t = 6.91
    t = 6.92
    t = 6.93
    t = 6.94
    t = 6.95
    t = 6.96
    t = 6.97
    t = 6.98
    t = 6.99
    t = 7
    t = 7.01
    t = 7.02
    t = 7.03
    t = 7.04
    t = 7.05
    t = 7.06
    t = 7.07
    t = 7.08
    t = 7.09
    t = 7.1
    t = 7.11
    t = 7.12
    t = 7.13
    t = 7.14
    t = 7.15
    t = 7.16
    t = 7.17
    t = 7.18
    t = 7.19
    t = 7.2
    t = 7.21
    t = 7.22
    t = 7.23
    t = 7.24
    t = 7.25
    t = 7.26
    t = 7.27
    t = 7.28
    t = 7.29
    t = 7.3
    t = 7.31
    t = 7.32
    t = 7.33
    t = 7.34
    t = 7.35
    t = 7.36
    t = 7.37
    t = 7.38
    t = 7.39
    t = 7.4
    t = 7.41
    t = 7.42
    t = 7.43
    t = 7.44
    t = 7.45
    t = 7.46
    t = 7.47
    t = 7.48
    t = 7.49
    t = 7.5
    t = 7.51
    t = 7.52
    t = 7.53
    t = 7.54
    t = 7.55
    t = 7.56
    t = 7.57
    t = 7.58
    t = 7.59
    t = 7.6
    t = 7.61
    t = 7.62
    t = 7.63
    t = 7.64
    t = 7.65
    t = 7.66
    t = 7.67
    t = 7.68
    t = 7.69
    t = 7.7
    t = 7.71
    t = 7.72
    t = 7.73
    t = 7.74
    t = 7.75
    t = 7.76
    t = 7.77
    t = 7.78
    t = 7.79
    t = 7.8
    t = 7.81
    t = 7.82
    t = 7.83
    t = 7.84
    t = 7.85
    t = 7.86
    t = 7.87
    t = 7.88
    t = 7.89
    t = 7.9
    t = 7.91
    t = 7.92
    t = 7.93
    t = 7.94
    t = 7.95
    t = 7.96
    t = 7.97
    t = 7.98
    t = 7.99
    t = 8
    t = 8.01
    t = 8.02
    t = 8.03
    t = 8.04
    t = 8.05
    t = 8.06
    t = 8.07
    t = 8.08
    t = 8.09
    t = 8.1
    t = 8.11
    t = 8.12
    t = 8.13
    t = 8.14
    t = 8.15
    t = 8.16
    t = 8.17
    t = 8.18
    t = 8.19
    t = 8.2
    t = 8.21
    t = 8.22
    t = 8.23
    t = 8.24
    t = 8.25
    t = 8.26
    t = 8.27
    t = 8.28
    t = 8.29
    t = 8.3
    t = 8.31
    t = 8.32
    t = 8.33
    t = 8.34
    t = 8.35
    t = 8.36
    t = 8.37
    t = 8.38
    t = 8.39
    t = 8.4
    t = 8.41
    t = 8.42
    t = 8.43
    t = 8.44
    t = 8.45
    t = 8.46
    t = 8.47
    t = 8.48
    t = 8.49
    t = 8.5
    t = 8.51
    t = 8.52
    t = 8.53
    t = 8.54
    t = 8.55
    t = 8.56
    t = 8.57
    t = 8.58
    t = 8.59
    t = 8.6
    t = 8.61
    t = 8.62
    t = 8.63
    t = 8.64
    t = 8.65
    t = 8.66
    t = 8.67
    t = 8.68
    t = 8.69
    t = 8.7
    t = 8.71
    t = 8.72
    t = 8.73
    t = 8.74
    t = 8.75
    t = 8.76
    t = 8.77
    t = 8.78
    t = 8.79
    t = 8.8
    t = 8.81
    t = 8.82
    t = 8.83
    t = 8.84
    t = 8.85
    t = 8.86
    t = 8.87
    t = 8.88
    t = 8.89
    t = 8.9
    t = 8.91
    t = 8.92
    t = 8.93
    t = 8.94
    t = 8.95
    t = 8.96
    t = 8.97
    t = 8.98
    t = 8.99
    t = 9
    t = 9.01
    t = 9.02
    t = 9.03
    t = 9.04
    t = 9.05
    t = 9.06
    t = 9.07
    t = 9.08
    t = 9.09
    t = 9.1
    t = 9.11
    t = 9.12
    t = 9.13
    t = 9.14
    t = 9.15
    t = 9.16
    t = 9.17
    t = 9.18
    t = 9.19
    t = 9.2
    t = 9.21
    t = 9.22
    t = 9.23
    t = 9.24
    t = 9.25
    t = 9.26
    t = 9.27
    t = 9.28
    t = 9.29
    t = 9.3
    t = 9.31
    t = 9.32
    t = 9.33
    t = 9.34
    t = 9.35
    t = 9.36
    t = 9.37
    t = 9.38
    t = 9.39
    t = 9.4
    t = 9.41
    t = 9.42
    t = 9.43
    t = 9.44
    t = 9.45
    t = 9.46
    t = 9.47
    t = 9.48
    t = 9.49
    t = 9.5
    t = 9.51
    t = 9.52
    t = 9.53
    t = 9.54
    t = 9.55
    t = 9.56
    t = 9.57
    t = 9.58
    t = 9.59
    t = 9.6
    t = 9.61
    t = 9.62
    t = 9.63
    t = 9.64
    t = 9.65
    t = 9.66
    t = 9.67
    t = 9.68
    t = 9.69
    t = 9.7
    t = 9.71
    t = 9.72
    t = 9.73
    t = 9.74
    t = 9.75
    t = 9.76
    t = 9.77
    t = 9.78
    t = 9.79
    t = 9.8
    t = 9.81
    t = 9.82
    t = 9.83
    t = 9.84
    t = 9.85
    t = 9.86
    t = 9.87
    t = 9.88
    t = 9.89
    t = 9.9
    t = 9.91
    t = 9.92
    t = 9.93
    t = 9.94
    t = 9.95
    t = 9.96
    t = 9.97
    t = 9.98
    t = 9.99
slurmstepd: error: *** JOB 405198 ON node056 CANCELLED AT 2019-05-22T17:35:45 DUE TO TIME LIMIT ***
