Flat profile:

Each sample counts as 0.01 seconds.
  %   cumulative   self              self     total           
 time   seconds   seconds    calls  ms/call  ms/call  name    
 31.09     10.20    10.20  3141600     0.00     0.01  Line::SEM_computeF()
 12.65     14.35     4.15  3141600     0.00     0.01  fun(double, arma::Mat<double>, solver_data)
 11.06     17.98     3.63 194779202     0.00     0.00  arma::enable_if2<arma::is_arma_type<arma::Mat<double> >::value, arma::Mat<double>::pod_type>::result arma::norm<arma::Mat<double> >(arma::Mat<double> const&, unsigned long long, arma::arma_real_or_cx_only<arma::Mat<double>::elem_type>::result const*)
  8.15     20.66     2.68 292168800     0.00     0.00  arma::subview<double>::extract(arma::Mat<double>&, arma::subview<double> const&)
  8.09     23.31     2.66 414775239     0.00     0.00  arma::Mat<double>::init_warm(unsigned long long, unsigned long long)
  7.68     25.83     2.52  3141600     0.00     0.00  bool arma::glue_solve_gen::apply<double, arma::eOp<arma::Mat<double>, arma::eop_scalar_times>, arma::Mat<double> >(arma::Mat<double>&, arma::Base<double, arma::eOp<arma::Mat<double>, arma::eop_scalar_times> > const&, arma::Base<double, arma::Mat<double> > const&, unsigned long long)
  5.29     27.57     1.74 97389600     0.00     0.00  void arma::subview<double>::inplace_op<arma::op_internal_equ, arma::Op<arma::subview<double>, arma::op_htrans> >(arma::Base<double, arma::Op<arma::subview<double>, arma::op_htrans> > const&, char const*)
  4.54     29.06     1.49    16800     0.09     1.84  jac(double, arma::Mat<double>, arma::Mat<double>&, arma::Mat<double>&, solver_data)
  2.77     29.97     0.91                             BDF::step()
  2.44     30.77     0.80 298504496     0.00     0.00  arma::Mat<double>::init_cold()
  1.71     31.33     0.56                             void arma::gemv<true, false, false>::apply_blas_type<double, arma::Row<double> >(double*, arma::Row<double> const&, double const*, double, double)
  0.85     31.61     0.28 207347699     0.00     0.00  void arma::subview<double>::inplace_op<arma::op_internal_equ, arma::eOp<arma::eGlue<arma::subview_row<double>, arma::subview_row<double>, arma::eglue_minus>, arma::eop_scalar_div_post> >(arma::Base<double, arma::eOp<arma::eGlue<arma::subview_row<double>, arma::subview_row<double>, arma::eglue_minus>, arma::eop_scalar_div_post> > const&, char const*)
  0.85     31.89     0.28  3141600     0.00     0.00  FairleadBCP::getValues(double)
  0.67     32.11     0.22 197971201     0.00     0.00  frame_dummy
  0.55     32.29     0.18  3158400     0.00     0.00  bool arma::auxlib::solve_square_fast<arma::Mat<double> >(arma::Mat<arma::Mat<double>::elem_type>&, arma::Mat<arma::Mat<double>::elem_type>&, arma::Base<arma::Mat<double>::elem_type, arma::Mat<double> > const&)
  0.43     32.43     0.14                             bool arma::auxlib::svd_dc<double, arma::Mat<double> >(arma::Col<double>&, arma::Base<double, arma::Mat<double> > const&, unsigned long long&, unsigned long long&)
  0.34     32.54     0.11 18950485     0.00     0.00  double* arma::memory::acquire<double>(unsigned long long)
  0.26     32.62     0.09                             bool arma::auxlib::solve_square_refine<arma::Mat<double> >(arma::Mat<arma::Mat<double>::pod_type>&, arma::Mat<double>::pod_type&, arma::Mat<arma::Mat<double>::pod_type>&, arma::Base<arma::Mat<double>::pod_type, arma::Mat<double> > const&, bool)
  0.18     32.68     0.06                             Line::SEM_getBaseFunctions()
  0.15     32.73     0.05     2065     0.02     0.04  bool arma::glue_solve_gen::apply<double, arma::Mat<double>, arma::Mat<double> >(arma::Mat<double>&, arma::Base<double, arma::Mat<double> > const&, arma::Base<double, arma::Mat<double> > const&, unsigned long long)
  0.12     32.77     0.04  3141600     0.00     0.00  AnchorBCP::getValues(double)
  0.11     32.81     0.04        1    35.00    35.00  bool arma::auxlib::solve_approx_svd<arma::Mat<double> >(arma::Mat<arma::Mat<double>::pod_type>&, arma::Mat<arma::Mat<double>::pod_type>&, arma::Base<arma::Mat<double>::pod_type, arma::Mat<double> > const&)
  0.02     32.81     0.01                             BDF::~BDF()
  0.00     32.81     0.00 194779407     0.00     0.00  void arma::arrayops::copy_small<double>(double*, double const*, unsigned long long)
  0.00     32.81     0.00 97389600     0.00     0.00  void arma::glue_times::apply<double, false, true, false, false, arma::Mat<double>, arma::Row<double>, arma::Row<double> >(arma::Mat<double>&, arma::Mat<double> const&, arma::Row<double> const&, arma::Row<double> const&, double)
  0.00     32.81     0.00 12566400     0.00     0.00  void arma::glue_times_redirect2_helper<false>::apply<arma::Mat<double>, arma::Mat<double> >(arma::Mat<arma::Mat<double>::elem_type>&, arma::Glue<arma::Mat<double>, arma::Mat<double>, arma::glue_times> const&)
  0.00     32.81     0.00  9424803     0.00     0.00  void arma::op_strans::apply_proxy<arma::eGlue<arma::subview_row<double>, arma::eOp<arma::eOp<arma::eGlue<arma::subview_row<double>, arma::subview_row<double>, arma::eglue_minus>, arma::eop_scalar_times>, arma::eop_scalar_div_post>, arma::eglue_plus> >(arma::Mat<arma::eGlue<arma::subview_row<double>, arma::eOp<arma::eOp<arma::eGlue<arma::subview_row<double>, arma::subview_row<double>, arma::eglue_minus>, arma::eop_scalar_times>, arma::eop_scalar_div_post>, arma::eglue_plus>::elem_type>&, arma::eGlue<arma::subview_row<double>, arma::eOp<arma::eOp<arma::eGlue<arma::subview_row<double>, arma::subview_row<double>, arma::eglue_minus>, arma::eop_scalar_times>, arma::eop_scalar_div_post>, arma::eglue_plus> const&)
  0.00     32.81     0.00  6283203     0.00     0.00  void arma::arrayops::inplace_set_small<double>(double*, double, unsigned long long)
  0.00     32.81     0.00  6283200     0.00     0.00  void arma::eop_core<arma::eop_scalar_times>::apply<arma::Mat<double>, arma::Glue<arma::Mat<double>, arma::Mat<double>, arma::glue_times> >(arma::Mat<double>&, arma::eOp<arma::Glue<arma::Mat<double>, arma::Mat<double>, arma::glue_times>, arma::eop_scalar_times> const&)
  0.00     32.81     0.00  6283200     0.00     0.00  void arma::op_strans::apply_proxy<arma::subview_row<double> >(arma::Mat<arma::subview_row<double>::elem_type>&, arma::subview_row<double> const&)
  0.00     32.81     0.00  3141601     0.00     0.00  _GLOBAL__sub_I__ZN3BDF4stepEv
  0.00     32.81     0.00  3141600     0.00     0.00  void arma::eglue_core<arma::eglue_plus>::apply<arma::Mat<double>, arma::eGlue<arma::eGlue<arma::subview_col<double>, arma::subview_col<double>, arma::eglue_schur>, arma::eGlue<arma::subview_col<double>, arma::subview_col<double>, arma::eglue_schur>, arma::eglue_plus>, arma::eGlue<arma::subview_col<double>, arma::subview_col<double>, arma::eglue_schur> >(arma::Mat<double>&, arma::eGlue<arma::eGlue<arma::eGlue<arma::subview_col<double>, arma::subview_col<double>, arma::eglue_schur>, arma::eGlue<arma::subview_col<double>, arma::subview_col<double>, arma::eglue_schur>, arma::eglue_plus>, arma::eGlue<arma::subview_col<double>, arma::subview_col<double>, arma::eglue_schur>, arma::eglue_plus> const&)
  0.00     32.81     0.00  3141600     0.00     0.00  void arma::eglue_core<arma::eglue_minus>::apply<arma::Mat<double>, arma::eOp<arma::Glue<arma::Mat<double>, arma::Mat<double>, arma::glue_times>, arma::eop_scalar_times>, arma::Glue<arma::Mat<double>, arma::Mat<double>, arma::glue_times> >(arma::Mat<double>&, arma::eGlue<arma::eOp<arma::Glue<arma::Mat<double>, arma::Mat<double>, arma::glue_times>, arma::eop_scalar_times>, arma::Glue<arma::Mat<double>, arma::Mat<double>, arma::glue_times>, arma::eglue_minus> const&)
  0.00     32.81     0.00  3141600     0.00     0.00  void arma::eop_core<arma::eop_scalar_times>::apply<arma::Mat<double>, arma::eGlue<arma::eOp<arma::Mat<double>, arma::eop_scalar_minus_post>, arma::eOp<arma::Mat<double>, arma::eop_scalar_times>, arma::eglue_plus> >(arma::Mat<double>&, arma::eOp<arma::eGlue<arma::eOp<arma::Mat<double>, arma::eop_scalar_minus_post>, arma::eOp<arma::Mat<double>, arma::eop_scalar_times>, arma::eglue_plus>, arma::eop_scalar_times> const&)
  0.00     32.81     0.00  3141600     0.00     0.00  void arma::eop_core<arma::eop_scalar_times>::apply<arma::Mat<double>, arma::eGlue<arma::Mat<double>, arma::eOp<arma::Mat<double>, arma::eop_abs>, arma::eglue_plus> >(arma::Mat<double>&, arma::eOp<arma::eGlue<arma::Mat<double>, arma::eOp<arma::Mat<double>, arma::eop_abs>, arma::eglue_plus>, arma::eop_scalar_times> const&)
  0.00     32.81     0.00  3141600     0.00     0.00  void arma::eop_core<arma::eop_sqrt>::apply<arma::Mat<double>, arma::eGlue<arma::eGlue<arma::eOp<arma::subview<double>, arma::eop_pow>, arma::eOp<arma::subview<double>, arma::eop_pow>, arma::eglue_plus>, arma::eOp<arma::subview<double>, arma::eop_pow>, arma::eglue_plus> >(arma::Mat<double>&, arma::eOp<arma::eGlue<arma::eGlue<arma::eOp<arma::subview<double>, arma::eop_pow>, arma::eOp<arma::subview<double>, arma::eop_pow>, arma::eglue_plus>, arma::eOp<arma::subview<double>, arma::eop_pow>, arma::eglue_plus>, arma::eop_sqrt> const&)
  0.00     32.81     0.00    16803     0.00     0.00  arma::Mat<double>::steal_mem(arma::Mat<double>&)
  0.00     32.81     0.00     6192     0.00     0.00  std::ctype<char>::do_widen(char) const
  0.00     32.81     0.00     4128     0.00     0.00  arma::Mat<double>::Mat(arma::Mat<double> const&)
  0.00     32.81     0.00     2064     0.00     0.00  BDF::get_next_dt()
  0.00     32.81     0.00     2064     0.00     0.00  void arma::eglue_core<arma::eglue_minus>::apply<arma::Mat<double>, arma::eGlue<arma::Mat<double>, arma::Mat<double>, arma::eglue_minus>, arma::eOp<arma::Mat<double>, arma::eop_scalar_times> >(arma::Mat<double>&, arma::eGlue<arma::eGlue<arma::Mat<double>, arma::Mat<double>, arma::eglue_minus>, arma::eOp<arma::Mat<double>, arma::eop_scalar_times>, arma::eglue_minus> const&)
  0.00     32.81     0.00     2064     0.00     0.00  arma::Mat<double>::operator=(arma::Mat<double> const&)
  0.00     32.81     0.00      906     0.00     0.00  Line::SEM_poly_first_derivative(double, int)
  0.00     32.81     0.00      864     0.00     0.00  Line::SEM_poly(double, int)
  0.00     32.81     0.00       30     0.00     0.00  std::_Rb_tree<unsigned long long, std::pair<unsigned long long const, double>, std::_Select1st<std::pair<unsigned long long const, double> >, std::less<unsigned long long>, std::allocator<std::pair<unsigned long long const, double> > >::_M_erase(std::_Rb_tree_node<std::pair<unsigned long long const, double> >*)
  0.00     32.81     0.00       24     0.00     0.00  void arma::subview<double>::inplace_op<arma::op_internal_equ, arma::eGlue<arma::subview<double>, arma::Mat<double>, arma::eglue_plus> >(arma::Base<double, arma::eGlue<arma::subview<double>, arma::Mat<double>, arma::eglue_plus> > const&, char const*)
  0.00     32.81     0.00       10     0.00     0.00  Line::qs_Functions(double&, double&, double&, double&, double&, double&)
  0.00     32.81     0.00        5     0.00     0.00  arma::SpMat<double>::mem_resize(unsigned long long)
  0.00     32.81     0.00        5     0.00     0.00  arma::SpMat<double>::init(unsigned long long, unsigned long long)
  0.00     32.81     0.00        5     0.00     0.00  arma::SpMat<double>::steal_mem(arma::SpMat<double>&)
  0.00     32.81     0.00        5     0.00     0.00  arma::SpMat<double>::SpMat<arma::Mat<double> >(arma::Base<double, arma::Mat<double> > const&)
  0.00     32.81     0.00        5     0.00     0.00  arma::SpMat<double>::~SpMat()
  0.00     32.81     0.00        3     0.00     0.00  arma::Mat<double>& arma::Mat<double>::operator=<arma::Mat<double>, arma::eop_scalar_times>(arma::eOp<arma::Mat<double>, arma::eop_scalar_times> const&)
  0.00     32.81     0.00        2     0.00     0.00  lobatto_set(int, double*, double*)
  0.00     32.81     0.00        2     0.00     0.00  Line::qs_Solution()
  0.00     32.81     0.00        2     0.00     0.00  Line::qs_GetTen()
  0.00     32.81     0.00        2     0.00     0.00  arma::Mat<double>::Mat<arma::subview<double>, arma::subview<double>, arma::eglue_minus>(arma::eGlue<arma::subview<double>, arma::subview<double>, arma::eglue_minus> const&)
  0.00     32.81     0.00        2     0.00     0.00  void arma::op_strans::apply_mat_noalias<double, arma::Mat<double> >(arma::Mat<double>&, arma::Mat<double> const&)
  0.00     32.81     0.00        1     0.00     0.00  _GLOBAL__sub_I_PI
  0.00     32.81     0.00        1     0.00     0.00  _GLOBAL__sub_I__Z5cdgqfiiddPdS_
  0.00     32.81     0.00        1     0.00     0.00  _GLOBAL__sub_I__ZN3BCP14leer_datosBCPsEv
  0.00     32.81     0.00        1     0.00     0.00  _GLOBAL__sub_I__ZN4Line12qs_FunctionsERdS0_S0_S0_S0_S0_
  0.00     32.81     0.00        1     0.00     0.00  _GLOBAL__sub_I__ZN4Line15leer_datosLinesEv
  0.00     32.81     0.00        1     0.00     0.00  Line::SEM_get_D_local()
  0.00     32.81     0.00        1     0.00     0.04  Line::SEM_coefficients()
  0.00     32.81     0.00        1     0.00     0.00  void arma::subview<double>::inplace_op<arma::op_internal_equ, arma::Mat<double> >(arma::Base<double, arma::Mat<double> > const&, char const*)

 %         the percentage of the total running time of the
time       program used by this function.

cumulative a running sum of the number of seconds accounted
 seconds   for by this function and those listed above it.

 self      the number of seconds accounted for by this
seconds    function alone.  This is the major sort for this
           listing.

calls      the number of times this function was invoked, if
           this function is profiled, else blank.

 self      the average number of milliseconds spent in this
ms/call    function per call, if this function is profiled,
	   else blank.

 total     the average number of milliseconds spent in this
ms/call    function and its descendents per call, if this
	   function is profiled, else blank.

name       the name of the function.  This is the minor sort
           for this listing. The index shows the location of
	   the function in the gprof listing. If the index is
	   in parenthesis it shows where it would appear in
	   the gprof listing if it were to be printed.

Copyright (C) 2012-2016 Free Software Foundation, Inc.

Copying and distribution of this file, with or without modification,
are permitted in any medium without royalty provided the copyright
notice and this notice are preserved.

		     Call graph (explanation follows)


granularity: each sample hit covers 2 byte(s) for 0.03% of 32.81 seconds

index % time    self  children    called     name
                                                 <spontaneous>
[1]     97.4    0.91   31.05                 BDF::step() [1]
                1.49   29.47   16800/16800       jac(double, arma::Mat<double>, arma::Mat<double>&, arma::Mat<double>&, solver_data) [2]
                0.05    0.04    2064/2065        bool arma::glue_solve_gen::apply<double, arma::Mat<double>, arma::Mat<double> >(arma::Mat<double>&, arma::Base<double, arma::Mat<double> > const&, arma::Base<double, arma::Mat<double> > const&, unsigned long long) [18]
                0.00    0.00   14736/3158400     bool arma::auxlib::solve_square_fast<arma::Mat<double> >(arma::Mat<arma::Mat<double>::elem_type>&, arma::Mat<arma::Mat<double>::elem_type>&, arma::Base<arma::Mat<double>::elem_type, arma::Mat<double> > const&) [15]
                0.00    0.00   48336/414775239     arma::Mat<double>::init_warm(unsigned long long, unsigned long long) [7]
                0.00    0.00   44208/18950485     double* arma::memory::acquire<double>(unsigned long long) [17]
                0.00    0.00    4128/4128        arma::Mat<double>::Mat(arma::Mat<double> const&) [26]
                0.00    0.00    2064/2064        arma::Mat<double>::operator=(arma::Mat<double> const&) [27]
                0.00    0.00    6192/6192        std::ctype<char>::do_widen(char) const [56]
                0.00    0.00    2064/2064        void arma::eglue_core<arma::eglue_minus>::apply<arma::Mat<double>, arma::eGlue<arma::Mat<double>, arma::Mat<double>, arma::eglue_minus>, arma::eOp<arma::Mat<double>, arma::eop_scalar_times> >(arma::Mat<double>&, arma::eGlue<arma::eGlue<arma::Mat<double>, arma::Mat<double>, arma::eglue_minus>, arma::eOp<arma::Mat<double>, arma::eop_scalar_times>, arma::eglue_minus> const&) [58]
                0.00    0.00    2064/2064        BDF::get_next_dt() [57]
-----------------------------------------------
                1.49   29.47   16800/16800       BDF::step() [1]
[2]     94.4    1.49   29.47   16800         jac(double, arma::Mat<double>, arma::Mat<double>&, arma::Mat<double>&, solver_data) [2]
                4.15   25.32 3141600/3141600     fun(double, arma::Mat<double>, solver_data) [3]
                0.00    0.00   50400/298504496     arma::Mat<double>::init_cold() [10]
                0.00    0.00   16800/16803       arma::Mat<double>::steal_mem(arma::Mat<double>&) [24]
                0.00    0.00   50400/197971201     frame_dummy [14]
-----------------------------------------------
                4.15   25.32 3141600/3141600     jac(double, arma::Mat<double>, arma::Mat<double>&, arma::Mat<double>&, solver_data) [2]
[3]     89.8    4.15   25.32 3141600         fun(double, arma::Mat<double>, solver_data) [3]
               10.20    9.84 3141600/3141600     Line::SEM_computeF() [4]
                2.52    0.21 3141600/3141600     bool arma::glue_solve_gen::apply<double, arma::eOp<arma::Mat<double>, arma::eop_scalar_times>, arma::Mat<double> >(arma::Mat<double>&, arma::Base<double, arma::eOp<arma::Mat<double>, arma::eop_scalar_times> > const&, arma::Base<double, arma::Mat<double> > const&, unsigned long long) [6]
                1.74    0.49 97389600/97389600     void arma::subview<double>::inplace_op<arma::op_internal_equ, arma::Op<arma::subview<double>, arma::op_htrans> >(arma::Base<double, arma::Op<arma::subview<double>, arma::op_htrans> > const&, char const*) [9]
                0.28    0.00 3141600/3141600     FairleadBCP::getValues(double) [12]
                0.04    0.00 3141600/3141600     AnchorBCP::getValues(double) [21]
                0.01    0.00 3141600/298504496     arma::Mat<double>::init_cold() [10]
                0.00    0.00 97389600/194779407     void arma::arrayops::copy_small<double>(double*, double const*, unsigned long long) [43]
                0.00    0.00 3141600/3141601     _GLOBAL__sub_I__ZN3BDF4stepEv [50]
-----------------------------------------------
               10.20    9.84 3141600/3141600     fun(double, arma::Mat<double>, solver_data) [3]
[4]     61.1   10.20    9.84 3141600         Line::SEM_computeF() [4]
                3.63    0.00 194779200/194779202     arma::enable_if2<arma::is_arma_type<arma::Mat<double> >::value, arma::Mat<double>::pod_type>::result arma::norm<arma::Mat<double> >(arma::Mat<double> const&, unsigned long long, arma::arma_real_or_cx_only<arma::Mat<double>::elem_type>::result const*) [5]
                2.63    0.07 411549600/414775239     arma::Mat<double>::init_warm(unsigned long long, unsigned long long) [7]
                2.68    0.00 292168800/292168800     arma::subview<double>::extract(arma::Mat<double>&, arma::subview<double> const&) [8]
                0.52    0.02 194779200/298504496     arma::Mat<double>::init_cold() [10]
                0.28    0.00 207345600/207347699     void arma::subview<double>::inplace_op<arma::op_internal_equ, arma::eOp<arma::eGlue<arma::subview_row<double>, arma::subview_row<double>, arma::eglue_minus>, arma::eop_scalar_div_post> >(arma::Base<double, arma::eOp<arma::eGlue<arma::subview_row<double>, arma::subview_row<double>, arma::eglue_minus>, arma::eop_scalar_div_post> > const&, char const*) [13]
                0.00    0.00 97389600/97389600     void arma::glue_times::apply<double, false, true, false, false, arma::Mat<double>, arma::Row<double>, arma::Row<double> >(arma::Mat<double>&, arma::Mat<double> const&, arma::Row<double> const&, arma::Row<double> const&, double) [44]
                0.00    0.00 12566400/12566400     void arma::glue_times_redirect2_helper<false>::apply<arma::Mat<double>, arma::Mat<double> >(arma::Mat<arma::Mat<double>::elem_type>&, arma::Glue<arma::Mat<double>, arma::Mat<double>, arma::glue_times> const&) [45]
                0.00    0.00 6283200/6283200     void arma::eop_core<arma::eop_scalar_times>::apply<arma::Mat<double>, arma::Glue<arma::Mat<double>, arma::Mat<double>, arma::glue_times> >(arma::Mat<double>&, arma::eOp<arma::Glue<arma::Mat<double>, arma::Mat<double>, arma::glue_times>, arma::eop_scalar_times> const&) [48]
                0.00    0.00 6283200/6283200     void arma::op_strans::apply_proxy<arma::subview_row<double> >(arma::Mat<arma::subview_row<double>::elem_type>&, arma::subview_row<double> const&) [49]
                0.00    0.00 3141600/3141600     void arma::eop_core<arma::eop_sqrt>::apply<arma::Mat<double>, arma::eGlue<arma::eGlue<arma::eOp<arma::subview<double>, arma::eop_pow>, arma::eOp<arma::subview<double>, arma::eop_pow>, arma::eglue_plus>, arma::eOp<arma::subview<double>, arma::eop_pow>, arma::eglue_plus> >(arma::Mat<double>&, arma::eOp<arma::eGlue<arma::eGlue<arma::eOp<arma::subview<double>, arma::eop_pow>, arma::eOp<arma::subview<double>, arma::eop_pow>, arma::eglue_plus>, arma::eOp<arma::subview<double>, arma::eop_pow>, arma::eglue_plus>, arma::eop_sqrt> const&) [55]
                0.00    0.00 3141600/3141600     void arma::eglue_core<arma::eglue_plus>::apply<arma::Mat<double>, arma::eGlue<arma::eGlue<arma::subview_col<double>, arma::subview_col<double>, arma::eglue_schur>, arma::eGlue<arma::subview_col<double>, arma::subview_col<double>, arma::eglue_schur>, arma::eglue_plus>, arma::eGlue<arma::subview_col<double>, arma::subview_col<double>, arma::eglue_schur> >(arma::Mat<double>&, arma::eGlue<arma::eGlue<arma::eGlue<arma::subview_col<double>, arma::subview_col<double>, arma::eglue_schur>, arma::eGlue<arma::subview_col<double>, arma::subview_col<double>, arma::eglue_schur>, arma::eglue_plus>, arma::eGlue<arma::subview_col<double>, arma::subview_col<double>, arma::eglue_schur>, arma::eglue_plus> const&) [51]
                0.00    0.00 3141600/3141600     void arma::eop_core<arma::eop_scalar_times>::apply<arma::Mat<double>, arma::eGlue<arma::eOp<arma::Mat<double>, arma::eop_scalar_minus_post>, arma::eOp<arma::Mat<double>, arma::eop_scalar_times>, arma::eglue_plus> >(arma::Mat<double>&, arma::eOp<arma::eGlue<arma::eOp<arma::Mat<double>, arma::eop_scalar_minus_post>, arma::eOp<arma::Mat<double>, arma::eop_scalar_times>, arma::eglue_plus>, arma::eop_scalar_times> const&) [53]
                0.00    0.00 3141600/3141600     void arma::eop_core<arma::eop_scalar_times>::apply<arma::Mat<double>, arma::eGlue<arma::Mat<double>, arma::eOp<arma::Mat<double>, arma::eop_abs>, arma::eglue_plus> >(arma::Mat<double>&, arma::eOp<arma::eGlue<arma::Mat<double>, arma::eOp<arma::Mat<double>, arma::eop_abs>, arma::eglue_plus>, arma::eop_scalar_times> const&) [54]
                0.00    0.00 3141600/3141600     void arma::eglue_core<arma::eglue_minus>::apply<arma::Mat<double>, arma::eOp<arma::Glue<arma::Mat<double>, arma::Mat<double>, arma::glue_times>, arma::eop_scalar_times>, arma::Glue<arma::Mat<double>, arma::Mat<double>, arma::glue_times> >(arma::Mat<double>&, arma::eGlue<arma::eOp<arma::Glue<arma::Mat<double>, arma::Mat<double>, arma::glue_times>, arma::eop_scalar_times>, arma::Glue<arma::Mat<double>, arma::Mat<double>, arma::glue_times>, arma::eglue_minus> const&) [52]
-----------------------------------------------
                0.00    0.00       2/194779202     Line::initLine() [30]
                3.63    0.00 194779200/194779202     Line::SEM_computeF() [4]
[5]     11.1    3.63    0.00 194779202         arma::enable_if2<arma::is_arma_type<arma::Mat<double> >::value, arma::Mat<double>::pod_type>::result arma::norm<arma::Mat<double> >(arma::Mat<double> const&, unsigned long long, arma::arma_real_or_cx_only<arma::Mat<double>::elem_type>::result const*) [5]
-----------------------------------------------
                2.52    0.21 3141600/3141600     fun(double, arma::Mat<double>, solver_data) [3]
[6]      8.3    2.52    0.21 3141600         bool arma::glue_solve_gen::apply<double, arma::eOp<arma::Mat<double>, arma::eop_scalar_times>, arma::Mat<double> >(arma::Mat<double>&, arma::Base<double, arma::eOp<arma::Mat<double>, arma::eop_scalar_times> > const&, arma::Base<double, arma::Mat<double> > const&, unsigned long long) [6]
                0.18    0.02 3141600/3158400     bool arma::auxlib::solve_square_fast<arma::Mat<double> >(arma::Mat<arma::Mat<double>::elem_type>&, arma::Mat<arma::Mat<double>::elem_type>&, arma::Base<arma::Mat<double>::elem_type, arma::Mat<double> > const&) [15]
                0.01    0.00 3141600/298504496     arma::Mat<double>::init_cold() [10]
                0.00    0.00 3141600/197971201     frame_dummy [14]
-----------------------------------------------
                0.00    0.00       1/414775239     Line::SEM_getBaseFunctions() [20]
                0.00    0.00       3/414775239     FairleadBCP::getValues(double) [12]
                0.00    0.00       3/414775239     arma::Mat<double>& arma::Mat<double>::operator=<arma::Mat<double>, arma::eop_scalar_times>(arma::eOp<arma::Mat<double>, arma::eop_scalar_times> const&) [34]
                0.00    0.00       4/414775239     Line::SEM_poly_first_derivative(double, int) [33]
                0.00    0.00       7/414775239     Line::SEM_coefficients() [25]
                0.00    0.00      16/414775239     Line::leer_datosLines() [28]
                0.00    0.00    2066/414775239     arma::Mat<double>::operator=(arma::Mat<double> const&) [27]
                0.00    0.00   16803/414775239     arma::Mat<double>::steal_mem(arma::Mat<double>&) [24]
                0.00    0.00   48336/414775239     BDF::step() [1]
                0.02    0.00 3158400/414775239     bool arma::auxlib::solve_square_fast<arma::Mat<double> >(arma::Mat<arma::Mat<double>::elem_type>&, arma::Mat<arma::Mat<double>::elem_type>&, arma::Base<arma::Mat<double>::elem_type, arma::Mat<double> > const&) [15]
                2.63    0.07 411549600/414775239     Line::SEM_computeF() [4]
[7]      8.3    2.66    0.07 414775239         arma::Mat<double>::init_warm(unsigned long long, unsigned long long) [7]
                0.07    0.00 12566438/18950485     double* arma::memory::acquire<double>(unsigned long long) [17]
-----------------------------------------------
                2.68    0.00 292168800/292168800     Line::SEM_computeF() [4]
[8]      8.2    2.68    0.00 292168800         arma::subview<double>::extract(arma::Mat<double>&, arma::subview<double> const&) [8]
-----------------------------------------------
                1.74    0.49 97389600/97389600     fun(double, arma::Mat<double>, solver_data) [3]
[9]      6.8    1.74    0.49 97389600         void arma::subview<double>::inplace_op<arma::op_internal_equ, arma::Op<arma::subview<double>, arma::op_htrans> >(arma::Base<double, arma::Op<arma::subview<double>, arma::op_htrans> > const&, char const*) [9]
                0.26    0.01 97389600/298504496     arma::Mat<double>::init_cold() [10]
                0.22    0.00 194779200/197971201     frame_dummy [14]
                0.00    0.00 97389600/194779407     void arma::arrayops::copy_small<double>(double*, double const*, unsigned long long) [43]
-----------------------------------------------
                0.00    0.00       1/298504496     bool arma::auxlib::solve_approx_svd<arma::Mat<double> >(arma::Mat<arma::Mat<double>::pod_type>&, arma::Mat<arma::Mat<double>::pod_type>&, arma::Base<arma::Mat<double>::pod_type, arma::Mat<double> > const&) [22]
                0.00    0.00       1/298504496     Line::SEM_get_D_local() [36]
                0.00    0.00       2/298504496     Line::SEM_coefficients() [25]
                0.00    0.00       3/298504496     Line::SEM_getBaseFunctions() [20]
                0.00    0.00      24/298504496     void arma::subview<double>::inplace_op<arma::op_internal_equ, arma::eGlue<arma::subview<double>, arma::Mat<double>, arma::eglue_plus> >(arma::Base<double, arma::eGlue<arma::subview<double>, arma::Mat<double>, arma::eglue_plus> > const&, char const*) [29]
                0.00    0.00    2065/298504496     bool arma::glue_solve_gen::apply<double, arma::Mat<double>, arma::Mat<double> >(arma::Mat<double>&, arma::Base<double, arma::Mat<double> > const&, arma::Base<double, arma::Mat<double> > const&, unsigned long long) [18]
                0.00    0.00   50400/298504496     jac(double, arma::Mat<double>, arma::Mat<double>&, arma::Mat<double>&, solver_data) [2]
                0.01    0.00 3141600/298504496     fun(double, arma::Mat<double>, solver_data) [3]
                0.01    0.00 3141600/298504496     bool arma::glue_solve_gen::apply<double, arma::eOp<arma::Mat<double>, arma::eop_scalar_times>, arma::Mat<double> >(arma::Mat<double>&, arma::Base<double, arma::eOp<arma::Mat<double>, arma::eop_scalar_times> > const&, arma::Base<double, arma::Mat<double> > const&, unsigned long long) [6]
                0.26    0.01 97389600/298504496     void arma::subview<double>::inplace_op<arma::op_internal_equ, arma::Op<arma::subview<double>, arma::op_htrans> >(arma::Base<double, arma::Op<arma::subview<double>, arma::op_htrans> > const&, char const*) [9]
                0.52    0.02 194779200/298504496     Line::SEM_computeF() [4]
[10]     2.6    0.80    0.04 298504496         arma::Mat<double>::init_cold() [10]
                0.04    0.00 6335696/18950485     double* arma::memory::acquire<double>(unsigned long long) [17]
-----------------------------------------------
                                                 <spontaneous>
[11]     1.7    0.56    0.00                 void arma::gemv<true, false, false>::apply_blas_type<double, arma::Row<double> >(double*, arma::Row<double> const&, double const*, double, double) [11]
-----------------------------------------------
                0.28    0.00 3141600/3141600     fun(double, arma::Mat<double>, solver_data) [3]
[12]     0.9    0.28    0.00 3141600         FairleadBCP::getValues(double) [12]
                0.00    0.00       3/414775239     arma::Mat<double>::init_warm(unsigned long long, unsigned long long) [7]
                0.00    0.00       1/207347699     void arma::subview<double>::inplace_op<arma::op_internal_equ, arma::eOp<arma::eGlue<arma::subview_row<double>, arma::subview_row<double>, arma::eglue_minus>, arma::eop_scalar_div_post> >(arma::Base<double, arma::eOp<arma::eGlue<arma::subview_row<double>, arma::subview_row<double>, arma::eglue_minus>, arma::eop_scalar_div_post> > const&, char const*) [13]
                0.00    0.00 9424803/9424803     void arma::op_strans::apply_proxy<arma::eGlue<arma::subview_row<double>, arma::eOp<arma::eOp<arma::eGlue<arma::subview_row<double>, arma::subview_row<double>, arma::eglue_minus>, arma::eop_scalar_times>, arma::eop_scalar_div_post>, arma::eglue_plus> >(arma::Mat<arma::eGlue<arma::subview_row<double>, arma::eOp<arma::eOp<arma::eGlue<arma::subview_row<double>, arma::subview_row<double>, arma::eglue_minus>, arma::eop_scalar_times>, arma::eop_scalar_div_post>, arma::eglue_plus>::elem_type>&, arma::eGlue<arma::subview_row<double>, arma::eOp<arma::eOp<arma::eGlue<arma::subview_row<double>, arma::subview_row<double>, arma::eglue_minus>, arma::eop_scalar_times>, arma::eop_scalar_div_post>, arma::eglue_plus> const&) [46]
-----------------------------------------------
                0.00    0.00       1/207347699     FairleadBCP::getValues(double) [12]
                0.00    0.00       2/207347699     Line::initLine() [30]
                0.00    0.00       2/207347699     Line::SEM_coefficients() [25]
                0.00    0.00       5/207347699     Line::SEM_getBaseFunctions() [20]
                0.00    0.00      24/207347699     void arma::subview<double>::inplace_op<arma::op_internal_equ, arma::eGlue<arma::subview<double>, arma::Mat<double>, arma::eglue_plus> >(arma::Base<double, arma::eGlue<arma::subview<double>, arma::Mat<double>, arma::eglue_plus> > const&, char const*) [29]
                0.00    0.00    2065/207347699     bool arma::glue_solve_gen::apply<double, arma::Mat<double>, arma::Mat<double> >(arma::Mat<double>&, arma::Base<double, arma::Mat<double> > const&, arma::Base<double, arma::Mat<double> > const&, unsigned long long) [18]
                0.28    0.00 207345600/207347699     Line::SEM_computeF() [4]
[13]     0.9    0.28    0.00 207347699         void arma::subview<double>::inplace_op<arma::op_internal_equ, arma::eOp<arma::eGlue<arma::subview_row<double>, arma::subview_row<double>, arma::eglue_minus>, arma::eop_scalar_div_post> >(arma::Base<double, arma::eOp<arma::eGlue<arma::subview_row<double>, arma::subview_row<double>, arma::eglue_minus>, arma::eop_scalar_div_post> > const&, char const*) [13]
-----------------------------------------------
                0.00    0.00       1/197971201     bool arma::auxlib::solve_approx_svd<arma::Mat<double> >(arma::Mat<arma::Mat<double>::pod_type>&, arma::Mat<arma::Mat<double>::pod_type>&, arma::Base<arma::Mat<double>::pod_type, arma::Mat<double> > const&) [22]
                0.00    0.00   50400/197971201     jac(double, arma::Mat<double>, arma::Mat<double>&, arma::Mat<double>&, solver_data) [2]
                0.00    0.00 3141600/197971201     bool arma::glue_solve_gen::apply<double, arma::eOp<arma::Mat<double>, arma::eop_scalar_times>, arma::Mat<double> >(arma::Mat<double>&, arma::Base<double, arma::eOp<arma::Mat<double>, arma::eop_scalar_times> > const&, arma::Base<double, arma::Mat<double> > const&, unsigned long long) [6]
                0.22    0.00 194779200/197971201     void arma::subview<double>::inplace_op<arma::op_internal_equ, arma::Op<arma::subview<double>, arma::op_htrans> >(arma::Base<double, arma::Op<arma::subview<double>, arma::op_htrans> > const&, char const*) [9]
[14]     0.7    0.22    0.00 197971201         frame_dummy [14]
-----------------------------------------------
                0.00    0.00    2064/3158400     bool arma::glue_solve_gen::apply<double, arma::Mat<double>, arma::Mat<double> >(arma::Mat<double>&, arma::Base<double, arma::Mat<double> > const&, arma::Base<double, arma::Mat<double> > const&, unsigned long long) [18]
                0.00    0.00   14736/3158400     BDF::step() [1]
                0.18    0.02 3141600/3158400     bool arma::glue_solve_gen::apply<double, arma::eOp<arma::Mat<double>, arma::eop_scalar_times>, arma::Mat<double> >(arma::Mat<double>&, arma::Base<double, arma::eOp<arma::Mat<double>, arma::eop_scalar_times> > const&, arma::Base<double, arma::Mat<double> > const&, unsigned long long) [6]
[15]     0.6    0.18    0.02 3158400         bool arma::auxlib::solve_square_fast<arma::Mat<double> >(arma::Mat<arma::Mat<double>::elem_type>&, arma::Mat<arma::Mat<double>::elem_type>&, arma::Base<arma::Mat<double>::elem_type, arma::Mat<double> > const&) [15]
                0.02    0.00 3158400/414775239     arma::Mat<double>::init_warm(unsigned long long, unsigned long long) [7]
-----------------------------------------------
                                                 <spontaneous>
[16]     0.4    0.14    0.00                 bool arma::auxlib::svd_dc<double, arma::Mat<double> >(arma::Col<double>&, arma::Base<double, arma::Mat<double> > const&, unsigned long long&, unsigned long long&) [16]
-----------------------------------------------
                0.00    0.00       1/18950485     bool arma::auxlib::solve_approx_svd<arma::Mat<double> >(arma::Mat<arma::Mat<double>::pod_type>&, arma::Mat<arma::Mat<double>::pod_type>&, arma::Base<arma::Mat<double>::pod_type, arma::Mat<double> > const&) [22]
                0.00    0.00       2/18950485     arma::Mat<double>::Mat<arma::Mat<double>, arma::gen_zeros>(arma::Gen<arma::Mat<double>, arma::gen_zeros> const&) [35]
                0.00    0.00       5/18950485     Line::SEM_getBaseFunctions() [20]
                0.00    0.00       5/18950485     arma::SpMat<double>::mem_resize(unsigned long long) [31]
                0.00    0.00    4130/18950485     arma::Mat<double>::Mat(arma::Mat<double> const&) [26]
                0.00    0.00   44208/18950485     BDF::step() [1]
                0.04    0.00 6335696/18950485     arma::Mat<double>::init_cold() [10]
                0.07    0.00 12566438/18950485     arma::Mat<double>::init_warm(unsigned long long, unsigned long long) [7]
[17]     0.3    0.11    0.00 18950485         double* arma::memory::acquire<double>(unsigned long long) [17]
-----------------------------------------------
                0.00    0.00       1/2065        Line::SEM_coefficients() [25]
                0.05    0.04    2064/2065        BDF::step() [1]
[18]     0.3    0.05    0.04    2065         bool arma::glue_solve_gen::apply<double, arma::Mat<double>, arma::Mat<double> >(arma::Mat<double>&, arma::Base<double, arma::Mat<double> > const&, arma::Base<double, arma::Mat<double> > const&, unsigned long long) [18]
                0.04    0.00       1/1           bool arma::auxlib::solve_approx_svd<arma::Mat<double> >(arma::Mat<arma::Mat<double>::pod_type>&, arma::Mat<arma::Mat<double>::pod_type>&, arma::Base<arma::Mat<double>::pod_type, arma::Mat<double> > const&) [22]
                0.00    0.00    2064/3158400     bool arma::auxlib::solve_square_fast<arma::Mat<double> >(arma::Mat<arma::Mat<double>::elem_type>&, arma::Mat<arma::Mat<double>::elem_type>&, arma::Base<arma::Mat<double>::elem_type, arma::Mat<double> > const&) [15]
                0.00    0.00    2065/298504496     arma::Mat<double>::init_cold() [10]
                0.00    0.00    2065/207347699     void arma::subview<double>::inplace_op<arma::op_internal_equ, arma::eOp<arma::eGlue<arma::subview_row<double>, arma::subview_row<double>, arma::eglue_minus>, arma::eop_scalar_div_post> >(arma::Base<double, arma::eOp<arma::eGlue<arma::subview_row<double>, arma::subview_row<double>, arma::eglue_minus>, arma::eop_scalar_div_post> > const&, char const*) [13]
-----------------------------------------------
                                                 <spontaneous>
[19]     0.3    0.09    0.00                 bool arma::auxlib::solve_square_refine<arma::Mat<double> >(arma::Mat<arma::Mat<double>::pod_type>&, arma::Mat<double>::pod_type&, arma::Mat<arma::Mat<double>::pod_type>&, arma::Base<arma::Mat<double>::pod_type, arma::Mat<double> > const&, bool) [19]
-----------------------------------------------
                                                 <spontaneous>
[20]     0.2    0.06    0.00                 Line::SEM_getBaseFunctions() [20]
                0.00    0.00       1/1           Line::SEM_coefficients() [25]
                0.00    0.00      24/24          void arma::subview<double>::inplace_op<arma::op_internal_equ, arma::eGlue<arma::subview<double>, arma::Mat<double>, arma::eglue_plus> >(arma::Base<double, arma::eGlue<arma::subview<double>, arma::Mat<double>, arma::eglue_plus> > const&, char const*) [29]
                0.00    0.00       5/18950485     double* arma::memory::acquire<double>(unsigned long long) [17]
                0.00    0.00       5/5           arma::SpMat<double>::SpMat<arma::Mat<double> >(arma::Base<double, arma::Mat<double> > const&) [32]
                0.00    0.00     870/906         Line::SEM_poly_first_derivative(double, int) [33]
                0.00    0.00       3/298504496     arma::Mat<double>::init_cold() [10]
                0.00    0.00       5/207347699     void arma::subview<double>::inplace_op<arma::op_internal_equ, arma::eOp<arma::eGlue<arma::subview_row<double>, arma::subview_row<double>, arma::eglue_minus>, arma::eop_scalar_div_post> >(arma::Base<double, arma::eOp<arma::eGlue<arma::subview_row<double>, arma::subview_row<double>, arma::eglue_minus>, arma::eop_scalar_div_post> > const&, char const*) [13]
                0.00    0.00       1/414775239     arma::Mat<double>::init_warm(unsigned long long, unsigned long long) [7]
                0.00    0.00       1/16803       arma::Mat<double>::steal_mem(arma::Mat<double>&) [24]
                0.00    0.00       1/3           arma::Mat<double>& arma::Mat<double>::operator=<arma::Mat<double>, arma::eop_scalar_times>(arma::eOp<arma::Mat<double>, arma::eop_scalar_times> const&) [34]
                0.00    0.00       1/1           Line::SEM_get_D_local() [36]
                0.00    0.00     864/864         Line::SEM_poly(double, int) [59]
                0.00    0.00       5/5           arma::SpMat<double>::~SpMat() [64]
                0.00    0.00       5/5           arma::SpMat<double>::steal_mem(arma::SpMat<double>&) [63]
                0.00    0.00       1/2           void arma::op_strans::apply_mat_noalias<double, arma::Mat<double> >(arma::Mat<double>&, arma::Mat<double> const&) [69]
                0.00    0.00       1/2           lobatto_set(int, double*, double*) [65]
-----------------------------------------------
                0.04    0.00 3141600/3141600     fun(double, arma::Mat<double>, solver_data) [3]
[21]     0.1    0.04    0.00 3141600         AnchorBCP::getValues(double) [21]
                0.00    0.00 6283200/6283203     void arma::arrayops::inplace_set_small<double>(double*, double, unsigned long long) [47]
-----------------------------------------------
                0.04    0.00       1/1           bool arma::glue_solve_gen::apply<double, arma::Mat<double>, arma::Mat<double> >(arma::Mat<double>&, arma::Base<double, arma::Mat<double> > const&, arma::Base<double, arma::Mat<double> > const&, unsigned long long) [18]
[22]     0.1    0.04    0.00       1         bool arma::auxlib::solve_approx_svd<arma::Mat<double> >(arma::Mat<arma::Mat<double>::pod_type>&, arma::Mat<arma::Mat<double>::pod_type>&, arma::Base<arma::Mat<double>::pod_type, arma::Mat<double> > const&) [22]
                0.00    0.00       1/16803       arma::Mat<double>::steal_mem(arma::Mat<double>&) [24]
                0.00    0.00       1/18950485     double* arma::memory::acquire<double>(unsigned long long) [17]
                0.00    0.00       1/298504496     arma::Mat<double>::init_cold() [10]
                0.00    0.00       1/197971201     frame_dummy [14]
                0.00    0.00       1/1           void arma::subview<double>::inplace_op<arma::op_internal_equ, arma::Mat<double> >(arma::Base<double, arma::Mat<double> > const&, char const*) [75]
-----------------------------------------------
                                                 <spontaneous>
[23]     0.0    0.01    0.00                 BDF::~BDF() [23]
-----------------------------------------------
                0.00    0.00       1/16803       bool arma::auxlib::solve_approx_svd<arma::Mat<double> >(arma::Mat<arma::Mat<double>::pod_type>&, arma::Mat<arma::Mat<double>::pod_type>&, arma::Base<arma::Mat<double>::pod_type, arma::Mat<double> > const&) [22]
                0.00    0.00       1/16803       Line::SEM_coefficients() [25]
                0.00    0.00       1/16803       Line::SEM_getBaseFunctions() [20]
                0.00    0.00   16800/16803       jac(double, arma::Mat<double>, arma::Mat<double>&, arma::Mat<double>&, solver_data) [2]
[24]     0.0    0.00    0.00   16803         arma::Mat<double>::steal_mem(arma::Mat<double>&) [24]
                0.00    0.00   16803/414775239     arma::Mat<double>::init_warm(unsigned long long, unsigned long long) [7]
-----------------------------------------------
                0.00    0.00       1/1           Line::SEM_getBaseFunctions() [20]
[25]     0.0    0.00    0.00       1         Line::SEM_coefficients() [25]
                0.00    0.00       1/2065        bool arma::glue_solve_gen::apply<double, arma::Mat<double>, arma::Mat<double> >(arma::Mat<double>&, arma::Base<double, arma::Mat<double> > const&, arma::Base<double, arma::Mat<double> > const&, unsigned long long) [18]
                0.00    0.00       7/414775239     arma::Mat<double>::init_warm(unsigned long long, unsigned long long) [7]
                0.00    0.00       1/16803       arma::Mat<double>::steal_mem(arma::Mat<double>&) [24]
                0.00    0.00       2/298504496     arma::Mat<double>::init_cold() [10]
                0.00    0.00       2/207347699     void arma::subview<double>::inplace_op<arma::op_internal_equ, arma::eOp<arma::eGlue<arma::subview_row<double>, arma::subview_row<double>, arma::eglue_minus>, arma::eop_scalar_div_post> >(arma::Base<double, arma::eOp<arma::eGlue<arma::subview_row<double>, arma::subview_row<double>, arma::eglue_minus>, arma::eop_scalar_div_post> > const&, char const*) [13]
                0.00    0.00      57/194779407     void arma::arrayops::copy_small<double>(double*, double const*, unsigned long long) [43]
                0.00    0.00       1/2           void arma::op_strans::apply_mat_noalias<double, arma::Mat<double> >(arma::Mat<double>&, arma::Mat<double> const&) [69]
-----------------------------------------------
                0.00    0.00    4128/4128        BDF::step() [1]
[26]     0.0    0.00    0.00    4128         arma::Mat<double>::Mat(arma::Mat<double> const&) [26]
                0.00    0.00    4130/18950485     double* arma::memory::acquire<double>(unsigned long long) [17]
-----------------------------------------------
                0.00    0.00    2064/2064        BDF::step() [1]
[27]     0.0    0.00    0.00    2064         arma::Mat<double>::operator=(arma::Mat<double> const&) [27]
                0.00    0.00    2066/414775239     arma::Mat<double>::init_warm(unsigned long long, unsigned long long) [7]
-----------------------------------------------
                                                 <spontaneous>
[28]     0.0    0.00    0.00                 Line::leer_datosLines() [28]
                0.00    0.00      16/414775239     arma::Mat<double>::init_warm(unsigned long long, unsigned long long) [7]
                0.00    0.00       3/6283203     void arma::arrayops::inplace_set_small<double>(double*, double, unsigned long long) [47]
                0.00    0.00       1/2           lobatto_set(int, double*, double*) [65]
-----------------------------------------------
                0.00    0.00      24/24          Line::SEM_getBaseFunctions() [20]
[29]     0.0    0.00    0.00      24         void arma::subview<double>::inplace_op<arma::op_internal_equ, arma::eGlue<arma::subview<double>, arma::Mat<double>, arma::eglue_plus> >(arma::Base<double, arma::eGlue<arma::subview<double>, arma::Mat<double>, arma::eglue_plus> > const&, char const*) [29]
                0.00    0.00      24/298504496     arma::Mat<double>::init_cold() [10]
                0.00    0.00      24/207347699     void arma::subview<double>::inplace_op<arma::op_internal_equ, arma::eOp<arma::eGlue<arma::subview_row<double>, arma::subview_row<double>, arma::eglue_minus>, arma::eop_scalar_div_post> >(arma::Base<double, arma::eOp<arma::eGlue<arma::subview_row<double>, arma::subview_row<double>, arma::eglue_minus>, arma::eop_scalar_div_post> > const&, char const*) [13]
                0.00    0.00     144/194779407     void arma::arrayops::copy_small<double>(double*, double const*, unsigned long long) [43]
-----------------------------------------------
                                                 <spontaneous>
[30]     0.0    0.00    0.00                 Line::initLine() [30]
                0.00    0.00       2/194779202     arma::enable_if2<arma::is_arma_type<arma::Mat<double> >::value, arma::Mat<double>::pod_type>::result arma::norm<arma::Mat<double> >(arma::Mat<double> const&, unsigned long long, arma::arma_real_or_cx_only<arma::Mat<double>::elem_type>::result const*) [5]
                0.00    0.00       2/3           arma::Mat<double>& arma::Mat<double>::operator=<arma::Mat<double>, arma::eop_scalar_times>(arma::eOp<arma::Mat<double>, arma::eop_scalar_times> const&) [34]
                0.00    0.00       2/207347699     void arma::subview<double>::inplace_op<arma::op_internal_equ, arma::eOp<arma::eGlue<arma::subview_row<double>, arma::subview_row<double>, arma::eglue_minus>, arma::eop_scalar_div_post> >(arma::Base<double, arma::eOp<arma::eGlue<arma::subview_row<double>, arma::subview_row<double>, arma::eglue_minus>, arma::eop_scalar_div_post> > const&, char const*) [13]
                0.00    0.00       2/2           Line::qs_GetTen() [67]
                0.00    0.00       2/2           Line::qs_Solution() [66]
                0.00    0.00       2/2           arma::Mat<double>::Mat<arma::subview<double>, arma::subview<double>, arma::eglue_minus>(arma::eGlue<arma::subview<double>, arma::subview<double>, arma::eglue_minus> const&) [68]
-----------------------------------------------
                0.00    0.00       5/5           arma::SpMat<double>::SpMat<arma::Mat<double> >(arma::Base<double, arma::Mat<double> > const&) [32]
[31]     0.0    0.00    0.00       5         arma::SpMat<double>::mem_resize(unsigned long long) [31]
                0.00    0.00       5/18950485     double* arma::memory::acquire<double>(unsigned long long) [17]
                0.00    0.00       5/30          std::_Rb_tree<unsigned long long, std::pair<unsigned long long const, double>, std::_Select1st<std::pair<unsigned long long const, double> >, std::less<unsigned long long>, std::allocator<std::pair<unsigned long long const, double> > >::_M_erase(std::_Rb_tree_node<std::pair<unsigned long long const, double> >*) [60]
-----------------------------------------------
                0.00    0.00       5/5           Line::SEM_getBaseFunctions() [20]
[32]     0.0    0.00    0.00       5         arma::SpMat<double>::SpMat<arma::Mat<double> >(arma::Base<double, arma::Mat<double> > const&) [32]
                0.00    0.00       5/5           arma::SpMat<double>::mem_resize(unsigned long long) [31]
                0.00    0.00       5/5           arma::SpMat<double>::init(unsigned long long, unsigned long long) [62]
-----------------------------------------------
                0.00    0.00      36/906         Line::SEM_get_D_local() [36]
                0.00    0.00     870/906         Line::SEM_getBaseFunctions() [20]
[33]     0.0    0.00    0.00     906         Line::SEM_poly_first_derivative(double, int) [33]
                0.00    0.00       4/414775239     arma::Mat<double>::init_warm(unsigned long long, unsigned long long) [7]
-----------------------------------------------
                0.00    0.00       1/3           Line::SEM_getBaseFunctions() [20]
                0.00    0.00       2/3           Line::initLine() [30]
[34]     0.0    0.00    0.00       3         arma::Mat<double>& arma::Mat<double>::operator=<arma::Mat<double>, arma::eop_scalar_times>(arma::eOp<arma::Mat<double>, arma::eop_scalar_times> const&) [34]
                0.00    0.00       3/414775239     arma::Mat<double>::init_warm(unsigned long long, unsigned long long) [7]
-----------------------------------------------
                                                 <spontaneous>
[35]     0.0    0.00    0.00                 arma::Mat<double>::Mat<arma::Mat<double>, arma::gen_zeros>(arma::Gen<arma::Mat<double>, arma::gen_zeros> const&) [35]
                0.00    0.00       2/18950485     double* arma::memory::acquire<double>(unsigned long long) [17]
-----------------------------------------------
                0.00    0.00       1/1           Line::SEM_getBaseFunctions() [20]
[36]     0.0    0.00    0.00       1         Line::SEM_get_D_local() [36]
                0.00    0.00       1/298504496     arma::Mat<double>::init_cold() [10]
                0.00    0.00      36/906         Line::SEM_poly_first_derivative(double, int) [33]
-----------------------------------------------
                0.00    0.00       6/194779407     void arma::subview<double>::inplace_op<arma::op_internal_equ, arma::Mat<double> >(arma::Base<double, arma::Mat<double> > const&, char const*) [75]
                0.00    0.00      57/194779407     Line::SEM_coefficients() [25]
                0.00    0.00     144/194779407     void arma::subview<double>::inplace_op<arma::op_internal_equ, arma::eGlue<arma::subview<double>, arma::Mat<double>, arma::eglue_plus> >(arma::Base<double, arma::eGlue<arma::subview<double>, arma::Mat<double>, arma::eglue_plus> > const&, char const*) [29]
                0.00    0.00 97389600/194779407     fun(double, arma::Mat<double>, solver_data) [3]
                0.00    0.00 97389600/194779407     void arma::subview<double>::inplace_op<arma::op_internal_equ, arma::Op<arma::subview<double>, arma::op_htrans> >(arma::Base<double, arma::Op<arma::subview<double>, arma::op_htrans> > const&, char const*) [9]
[43]     0.0    0.00    0.00 194779407         void arma::arrayops::copy_small<double>(double*, double const*, unsigned long long) [43]
-----------------------------------------------
                0.00    0.00 97389600/97389600     Line::SEM_computeF() [4]
[44]     0.0    0.00    0.00 97389600         void arma::glue_times::apply<double, false, true, false, false, arma::Mat<double>, arma::Row<double>, arma::Row<double> >(arma::Mat<double>&, arma::Mat<double> const&, arma::Row<double> const&, arma::Row<double> const&, double) [44]
-----------------------------------------------
                0.00    0.00 12566400/12566400     Line::SEM_computeF() [4]
[45]     0.0    0.00    0.00 12566400         void arma::glue_times_redirect2_helper<false>::apply<arma::Mat<double>, arma::Mat<double> >(arma::Mat<arma::Mat<double>::elem_type>&, arma::Glue<arma::Mat<double>, arma::Mat<double>, arma::glue_times> const&) [45]
-----------------------------------------------
                0.00    0.00 9424803/9424803     FairleadBCP::getValues(double) [12]
[46]     0.0    0.00    0.00 9424803         void arma::op_strans::apply_proxy<arma::eGlue<arma::subview_row<double>, arma::eOp<arma::eOp<arma::eGlue<arma::subview_row<double>, arma::subview_row<double>, arma::eglue_minus>, arma::eop_scalar_times>, arma::eop_scalar_div_post>, arma::eglue_plus> >(arma::Mat<arma::eGlue<arma::subview_row<double>, arma::eOp<arma::eOp<arma::eGlue<arma::subview_row<double>, arma::subview_row<double>, arma::eglue_minus>, arma::eop_scalar_times>, arma::eop_scalar_div_post>, arma::eglue_plus>::elem_type>&, arma::eGlue<arma::subview_row<double>, arma::eOp<arma::eOp<arma::eGlue<arma::subview_row<double>, arma::subview_row<double>, arma::eglue_minus>, arma::eop_scalar_times>, arma::eop_scalar_div_post>, arma::eglue_plus> const&) [46]
-----------------------------------------------
                0.00    0.00       3/6283203     Line::leer_datosLines() [28]
                0.00    0.00 6283200/6283203     AnchorBCP::getValues(double) [21]
[47]     0.0    0.00    0.00 6283203         void arma::arrayops::inplace_set_small<double>(double*, double, unsigned long long) [47]
-----------------------------------------------
                0.00    0.00 6283200/6283200     Line::SEM_computeF() [4]
[48]     0.0    0.00    0.00 6283200         void arma::eop_core<arma::eop_scalar_times>::apply<arma::Mat<double>, arma::Glue<arma::Mat<double>, arma::Mat<double>, arma::glue_times> >(arma::Mat<double>&, arma::eOp<arma::Glue<arma::Mat<double>, arma::Mat<double>, arma::glue_times>, arma::eop_scalar_times> const&) [48]
-----------------------------------------------
                0.00    0.00 6283200/6283200     Line::SEM_computeF() [4]
[49]     0.0    0.00    0.00 6283200         void arma::op_strans::apply_proxy<arma::subview_row<double> >(arma::Mat<arma::subview_row<double>::elem_type>&, arma::subview_row<double> const&) [49]
-----------------------------------------------
                0.00    0.00       1/3141601     __libc_csu_init [240]
                0.00    0.00 3141600/3141601     fun(double, arma::Mat<double>, solver_data) [3]
[50]     0.0    0.00    0.00 3141601         _GLOBAL__sub_I__ZN3BDF4stepEv [50]
-----------------------------------------------
                0.00    0.00 3141600/3141600     Line::SEM_computeF() [4]
[51]     0.0    0.00    0.00 3141600         void arma::eglue_core<arma::eglue_plus>::apply<arma::Mat<double>, arma::eGlue<arma::eGlue<arma::subview_col<double>, arma::subview_col<double>, arma::eglue_schur>, arma::eGlue<arma::subview_col<double>, arma::subview_col<double>, arma::eglue_schur>, arma::eglue_plus>, arma::eGlue<arma::subview_col<double>, arma::subview_col<double>, arma::eglue_schur> >(arma::Mat<double>&, arma::eGlue<arma::eGlue<arma::eGlue<arma::subview_col<double>, arma::subview_col<double>, arma::eglue_schur>, arma::eGlue<arma::subview_col<double>, arma::subview_col<double>, arma::eglue_schur>, arma::eglue_plus>, arma::eGlue<arma::subview_col<double>, arma::subview_col<double>, arma::eglue_schur>, arma::eglue_plus> const&) [51]
-----------------------------------------------
                0.00    0.00 3141600/3141600     Line::SEM_computeF() [4]
[52]     0.0    0.00    0.00 3141600         void arma::eglue_core<arma::eglue_minus>::apply<arma::Mat<double>, arma::eOp<arma::Glue<arma::Mat<double>, arma::Mat<double>, arma::glue_times>, arma::eop_scalar_times>, arma::Glue<arma::Mat<double>, arma::Mat<double>, arma::glue_times> >(arma::Mat<double>&, arma::eGlue<arma::eOp<arma::Glue<arma::Mat<double>, arma::Mat<double>, arma::glue_times>, arma::eop_scalar_times>, arma::Glue<arma::Mat<double>, arma::Mat<double>, arma::glue_times>, arma::eglue_minus> const&) [52]
-----------------------------------------------
                0.00    0.00 3141600/3141600     Line::SEM_computeF() [4]
[53]     0.0    0.00    0.00 3141600         void arma::eop_core<arma::eop_scalar_times>::apply<arma::Mat<double>, arma::eGlue<arma::eOp<arma::Mat<double>, arma::eop_scalar_minus_post>, arma::eOp<arma::Mat<double>, arma::eop_scalar_times>, arma::eglue_plus> >(arma::Mat<double>&, arma::eOp<arma::eGlue<arma::eOp<arma::Mat<double>, arma::eop_scalar_minus_post>, arma::eOp<arma::Mat<double>, arma::eop_scalar_times>, arma::eglue_plus>, arma::eop_scalar_times> const&) [53]
-----------------------------------------------
                0.00    0.00 3141600/3141600     Line::SEM_computeF() [4]
[54]     0.0    0.00    0.00 3141600         void arma::eop_core<arma::eop_scalar_times>::apply<arma::Mat<double>, arma::eGlue<arma::Mat<double>, arma::eOp<arma::Mat<double>, arma::eop_abs>, arma::eglue_plus> >(arma::Mat<double>&, arma::eOp<arma::eGlue<arma::Mat<double>, arma::eOp<arma::Mat<double>, arma::eop_abs>, arma::eglue_plus>, arma::eop_scalar_times> const&) [54]
-----------------------------------------------
                0.00    0.00 3141600/3141600     Line::SEM_computeF() [4]
[55]     0.0    0.00    0.00 3141600         void arma::eop_core<arma::eop_sqrt>::apply<arma::Mat<double>, arma::eGlue<arma::eGlue<arma::eOp<arma::subview<double>, arma::eop_pow>, arma::eOp<arma::subview<double>, arma::eop_pow>, arma::eglue_plus>, arma::eOp<arma::subview<double>, arma::eop_pow>, arma::eglue_plus> >(arma::Mat<double>&, arma::eOp<arma::eGlue<arma::eGlue<arma::eOp<arma::subview<double>, arma::eop_pow>, arma::eOp<arma::subview<double>, arma::eop_pow>, arma::eglue_plus>, arma::eOp<arma::subview<double>, arma::eop_pow>, arma::eglue_plus>, arma::eop_sqrt> const&) [55]
-----------------------------------------------
                0.00    0.00    6192/6192        BDF::step() [1]
[56]     0.0    0.00    0.00    6192         std::ctype<char>::do_widen(char) const [56]
-----------------------------------------------
                0.00    0.00    2064/2064        BDF::step() [1]
[57]     0.0    0.00    0.00    2064         BDF::get_next_dt() [57]
-----------------------------------------------
                0.00    0.00    2064/2064        BDF::step() [1]
[58]     0.0    0.00    0.00    2064         void arma::eglue_core<arma::eglue_minus>::apply<arma::Mat<double>, arma::eGlue<arma::Mat<double>, arma::Mat<double>, arma::eglue_minus>, arma::eOp<arma::Mat<double>, arma::eop_scalar_times> >(arma::Mat<double>&, arma::eGlue<arma::eGlue<arma::Mat<double>, arma::Mat<double>, arma::eglue_minus>, arma::eOp<arma::Mat<double>, arma::eop_scalar_times>, arma::eglue_minus> const&) [58]
-----------------------------------------------
                0.00    0.00     864/864         Line::SEM_getBaseFunctions() [20]
[59]     0.0    0.00    0.00     864         Line::SEM_poly(double, int) [59]
-----------------------------------------------
                0.00    0.00       5/30          arma::SpMat<double>::mem_resize(unsigned long long) [31]
                0.00    0.00       5/30          arma::SpMat<double>::init(unsigned long long, unsigned long long) [62]
                0.00    0.00      10/30          arma::SpMat<double>::~SpMat() [64]
                0.00    0.00      10/30          arma::SpMat<double>::steal_mem(arma::SpMat<double>&) [63]
[60]     0.0    0.00    0.00      30         std::_Rb_tree<unsigned long long, std::pair<unsigned long long const, double>, std::_Select1st<std::pair<unsigned long long const, double> >, std::less<unsigned long long>, std::allocator<std::pair<unsigned long long const, double> > >::_M_erase(std::_Rb_tree_node<std::pair<unsigned long long const, double> >*) [60]
-----------------------------------------------
                0.00    0.00      10/10          Line::qs_GetTen() [67]
[61]     0.0    0.00    0.00      10         Line::qs_Functions(double&, double&, double&, double&, double&, double&) [61]
-----------------------------------------------
                0.00    0.00       5/5           arma::SpMat<double>::SpMat<arma::Mat<double> >(arma::Base<double, arma::Mat<double> > const&) [32]
[62]     0.0    0.00    0.00       5         arma::SpMat<double>::init(unsigned long long, unsigned long long) [62]
                0.00    0.00       5/30          std::_Rb_tree<unsigned long long, std::pair<unsigned long long const, double>, std::_Select1st<std::pair<unsigned long long const, double> >, std::less<unsigned long long>, std::allocator<std::pair<unsigned long long const, double> > >::_M_erase(std::_Rb_tree_node<std::pair<unsigned long long const, double> >*) [60]
-----------------------------------------------
                0.00    0.00       5/5           Line::SEM_getBaseFunctions() [20]
[63]     0.0    0.00    0.00       5         arma::SpMat<double>::steal_mem(arma::SpMat<double>&) [63]
                0.00    0.00      10/30          std::_Rb_tree<unsigned long long, std::pair<unsigned long long const, double>, std::_Select1st<std::pair<unsigned long long const, double> >, std::less<unsigned long long>, std::allocator<std::pair<unsigned long long const, double> > >::_M_erase(std::_Rb_tree_node<std::pair<unsigned long long const, double> >*) [60]
-----------------------------------------------
                0.00    0.00       5/5           Line::SEM_getBaseFunctions() [20]
[64]     0.0    0.00    0.00       5         arma::SpMat<double>::~SpMat() [64]
                0.00    0.00      10/30          std::_Rb_tree<unsigned long long, std::pair<unsigned long long const, double>, std::_Select1st<std::pair<unsigned long long const, double> >, std::less<unsigned long long>, std::allocator<std::pair<unsigned long long const, double> > >::_M_erase(std::_Rb_tree_node<std::pair<unsigned long long const, double> >*) [60]
-----------------------------------------------
                0.00    0.00       1/2           Line::leer_datosLines() [28]
                0.00    0.00       1/2           Line::SEM_getBaseFunctions() [20]
[65]     0.0    0.00    0.00       2         lobatto_set(int, double*, double*) [65]
-----------------------------------------------
                0.00    0.00       2/2           Line::initLine() [30]
[66]     0.0    0.00    0.00       2         Line::qs_Solution() [66]
-----------------------------------------------
                0.00    0.00       2/2           Line::initLine() [30]
[67]     0.0    0.00    0.00       2         Line::qs_GetTen() [67]
                0.00    0.00      10/10          Line::qs_Functions(double&, double&, double&, double&, double&, double&) [61]
-----------------------------------------------
                0.00    0.00       2/2           Line::initLine() [30]
[68]     0.0    0.00    0.00       2         arma::Mat<double>::Mat<arma::subview<double>, arma::subview<double>, arma::eglue_minus>(arma::eGlue<arma::subview<double>, arma::subview<double>, arma::eglue_minus> const&) [68]
-----------------------------------------------
                0.00    0.00       1/2           Line::SEM_coefficients() [25]
                0.00    0.00       1/2           Line::SEM_getBaseFunctions() [20]
[69]     0.0    0.00    0.00       2         void arma::op_strans::apply_mat_noalias<double, arma::Mat<double> >(arma::Mat<double>&, arma::Mat<double> const&) [69]
-----------------------------------------------
                0.00    0.00       1/1           __libc_csu_init [240]
[70]     0.0    0.00    0.00       1         _GLOBAL__sub_I_PI [70]
-----------------------------------------------
                0.00    0.00       1/1           __libc_csu_init [240]
[71]     0.0    0.00    0.00       1         _GLOBAL__sub_I__Z5cdgqfiiddPdS_ [71]
-----------------------------------------------
                0.00    0.00       1/1           __libc_csu_init [240]
[72]     0.0    0.00    0.00       1         _GLOBAL__sub_I__ZN3BCP14leer_datosBCPsEv [72]
-----------------------------------------------
                0.00    0.00       1/1           __libc_csu_init [240]
[73]     0.0    0.00    0.00       1         _GLOBAL__sub_I__ZN4Line12qs_FunctionsERdS0_S0_S0_S0_S0_ [73]
-----------------------------------------------
                0.00    0.00       1/1           __libc_csu_init [240]
[74]     0.0    0.00    0.00       1         _GLOBAL__sub_I__ZN4Line15leer_datosLinesEv [74]
-----------------------------------------------
                0.00    0.00       1/1           bool arma::auxlib::solve_approx_svd<arma::Mat<double> >(arma::Mat<arma::Mat<double>::pod_type>&, arma::Mat<arma::Mat<double>::pod_type>&, arma::Base<arma::Mat<double>::pod_type, arma::Mat<double> > const&) [22]
[75]     0.0    0.00    0.00       1         void arma::subview<double>::inplace_op<arma::op_internal_equ, arma::Mat<double> >(arma::Base<double, arma::Mat<double> > const&, char const*) [75]
                0.00    0.00       6/194779407     void arma::arrayops::copy_small<double>(double*, double const*, unsigned long long) [43]
-----------------------------------------------

 This table describes the call tree of the program, and was sorted by
 the total amount of time spent in each function and its children.

 Each entry in this table consists of several lines.  The line with the
 index number at the left hand margin lists the current function.
 The lines above it list the functions that called this function,
 and the lines below it list the functions this one called.
 This line lists:
     index	A unique number given to each element of the table.
		Index numbers are sorted numerically.
		The index number is printed next to every function name so
		it is easier to look up where the function is in the table.

     % time	This is the percentage of the `total' time that was spent
		in this function and its children.  Note that due to
		different viewpoints, functions excluded by options, etc,
		these numbers will NOT add up to 100%.

     self	This is the total amount of time spent in this function.

     children	This is the total amount of time propagated into this
		function by its children.

     called	This is the number of times the function was called.
		If the function called itself recursively, the number
		only includes non-recursive calls, and is followed by
		a `+' and the number of recursive calls.

     name	The name of the current function.  The index number is
		printed after it.  If the function is a member of a
		cycle, the cycle number is printed between the
		function's name and the index number.


 For the function's parents, the fields have the following meanings:

     self	This is the amount of time that was propagated directly
		from the function into this parent.

     children	This is the amount of time that was propagated from
		the function's children into this parent.

     called	This is the number of times this parent called the
		function `/' the total number of times the function
		was called.  Recursive calls to the function are not
		included in the number after the `/'.

     name	This is the name of the parent.  The parent's index
		number is printed after it.  If the parent is a
		member of a cycle, the cycle number is printed between
		the name and the index number.

 If the parents of the function cannot be determined, the word
 `<spontaneous>' is printed in the `name' field, and all the other
 fields are blank.

 For the function's children, the fields have the following meanings:

     self	This is the amount of time that was propagated directly
		from the child into the function.

     children	This is the amount of time that was propagated from the
		child's children to the function.

     called	This is the number of times the function called
		this child `/' the total number of times the child
		was called.  Recursive calls by the child are not
		listed in the number after the `/'.

     name	This is the name of the child.  The child's index
		number is printed after it.  If the child is a
		member of a cycle, the cycle number is printed
		between the name and the index number.

 If there are any cycles (circles) in the call graph, there is an
 entry for the cycle-as-a-whole.  This entry shows who called the
 cycle (as parents) and the members of the cycle (as children.)
 The `+' recursive calls entry shows the number of function calls that
 were internal to the cycle, and the calls entry for each member shows,
 for that member, how many times it was called from other members of
 the cycle.

Copyright (C) 2012-2016 Free Software Foundation, Inc.

Copying and distribution of this file, with or without modification,
are permitted in any medium without royalty provided the copyright
notice and this notice are preserved.

Index by function name

  [70] _GLOBAL__sub_I_PI      [51] void arma::eglue_core<arma::eglue_plus>::apply<arma::Mat<double>, arma::eGlue<arma::eGlue<arma::subview_col<double>, arma::subview_col<double>, arma::eglue_schur>, arma::eGlue<arma::subview_col<double>, arma::subview_col<double>, arma::eglue_schur>, arma::eglue_plus>, arma::eGlue<arma::subview_col<double>, arma::subview_col<double>, arma::eglue_schur> >(arma::Mat<double>&, arma::eGlue<arma::eGlue<arma::eGlue<arma::subview_col<double>, arma::subview_col<double>, arma::eglue_schur>, arma::eGlue<arma::subview_col<double>, arma::subview_col<double>, arma::eglue_schur>, arma::eglue_plus>, arma::eGlue<arma::subview_col<double>, arma::subview_col<double>, arma::eglue_schur>, arma::eglue_plus> const&) [15] bool arma::auxlib::solve_square_fast<arma::Mat<double> >(arma::Mat<arma::Mat<double>::elem_type>&, arma::Mat<arma::Mat<double>::elem_type>&, arma::Base<arma::Mat<double>::elem_type, arma::Mat<double> > const&)
  [71] _GLOBAL__sub_I__Z5cdgqfiiddPdS_ [52] void arma::eglue_core<arma::eglue_minus>::apply<arma::Mat<double>, arma::eOp<arma::Glue<arma::Mat<double>, arma::Mat<double>, arma::glue_times>, arma::eop_scalar_times>, arma::Glue<arma::Mat<double>, arma::Mat<double>, arma::glue_times> >(arma::Mat<double>&, arma::eGlue<arma::eOp<arma::Glue<arma::Mat<double>, arma::Mat<double>, arma::glue_times>, arma::eop_scalar_times>, arma::Glue<arma::Mat<double>, arma::Mat<double>, arma::glue_times>, arma::eglue_minus> const&) [19] bool arma::auxlib::solve_square_refine<arma::Mat<double> >(arma::Mat<arma::Mat<double>::pod_type>&, arma::Mat<double>::pod_type&, arma::Mat<arma::Mat<double>::pod_type>&, arma::Base<arma::Mat<double>::pod_type, arma::Mat<double> > const&, bool)
  [72] _GLOBAL__sub_I__ZN3BCP14leer_datosBCPsEv [58] void arma::eglue_core<arma::eglue_minus>::apply<arma::Mat<double>, arma::eGlue<arma::Mat<double>, arma::Mat<double>, arma::eglue_minus>, arma::eOp<arma::Mat<double>, arma::eop_scalar_times> >(arma::Mat<double>&, arma::eGlue<arma::eGlue<arma::Mat<double>, arma::Mat<double>, arma::eglue_minus>, arma::eOp<arma::Mat<double>, arma::eop_scalar_times>, arma::eglue_minus> const&) [16] bool arma::auxlib::svd_dc<double, arma::Mat<double> >(arma::Col<double>&, arma::Base<double, arma::Mat<double> > const&, unsigned long long&, unsigned long long&)
  [50] _GLOBAL__sub_I__ZN3BDF4stepEv [44] void arma::glue_times::apply<double, false, true, false, false, arma::Mat<double>, arma::Row<double>, arma::Row<double> >(arma::Mat<double>&, arma::Mat<double> const&, arma::Row<double> const&, arma::Row<double> const&, double) [17] double* arma::memory::acquire<double>(unsigned long long)
  [73] _GLOBAL__sub_I__ZN4Line12qs_FunctionsERdS0_S0_S0_S0_S0_ [18] bool arma::glue_solve_gen::apply<double, arma::Mat<double>, arma::Mat<double> >(arma::Mat<double>&, arma::Base<double, arma::Mat<double> > const&, arma::Base<double, arma::Mat<double> > const&, unsigned long long) [9] void arma::subview<double>::inplace_op<arma::op_internal_equ, arma::Op<arma::subview<double>, arma::op_htrans> >(arma::Base<double, arma::Op<arma::subview<double>, arma::op_htrans> > const&, char const*)
  [74] _GLOBAL__sub_I__ZN4Line15leer_datosLinesEv [6] bool arma::glue_solve_gen::apply<double, arma::eOp<arma::Mat<double>, arma::eop_scalar_times>, arma::Mat<double> >(arma::Mat<double>&, arma::Base<double, arma::eOp<arma::Mat<double>, arma::eop_scalar_times> > const&, arma::Base<double, arma::Mat<double> > const&, unsigned long long) [75] void arma::subview<double>::inplace_op<arma::op_internal_equ, arma::Mat<double> >(arma::Base<double, arma::Mat<double> > const&, char const*)
  [65] lobatto_set(int, double*, double*) [45] void arma::glue_times_redirect2_helper<false>::apply<arma::Mat<double>, arma::Mat<double> >(arma::Mat<arma::Mat<double>::elem_type>&, arma::Glue<arma::Mat<double>, arma::Mat<double>, arma::glue_times> const&) [13] void arma::subview<double>::inplace_op<arma::op_internal_equ, arma::eOp<arma::eGlue<arma::subview_row<double>, arma::subview_row<double>, arma::eglue_minus>, arma::eop_scalar_div_post> >(arma::Base<double, arma::eOp<arma::eGlue<arma::subview_row<double>, arma::subview_row<double>, arma::eglue_minus>, arma::eop_scalar_div_post> > const&, char const*)
   [3] fun(double, arma::Mat<double>, solver_data) [10] arma::Mat<double>::init_cold() [29] void arma::subview<double>::inplace_op<arma::op_internal_equ, arma::eGlue<arma::subview<double>, arma::Mat<double>, arma::eglue_plus> >(arma::Base<double, arma::eGlue<arma::subview<double>, arma::Mat<double>, arma::eglue_plus> > const&, char const*)
   [2] jac(double, arma::Mat<double>, arma::Mat<double>&, arma::Mat<double>&, solver_data) [7] arma::Mat<double>::init_warm(unsigned long long, unsigned long long) [8] arma::subview<double>::extract(arma::Mat<double>&, arma::subview<double> const&)
  [12] FairleadBCP::getValues(double) [24] arma::Mat<double>::steal_mem(arma::Mat<double>&) [43] void arma::arrayops::copy_small<double>(double*, double const*, unsigned long long)
  [57] BDF::get_next_dt()     [26] arma::Mat<double>::Mat(arma::Mat<double> const&) [47] void arma::arrayops::inplace_set_small<double>(double*, double, unsigned long long)
   [1] BDF::step()            [68] arma::Mat<double>::Mat<arma::subview<double>, arma::subview<double>, arma::eglue_minus>(arma::eGlue<arma::subview<double>, arma::subview<double>, arma::eglue_minus> const&) [48] void arma::eop_core<arma::eop_scalar_times>::apply<arma::Mat<double>, arma::Glue<arma::Mat<double>, arma::Mat<double>, arma::glue_times> >(arma::Mat<double>&, arma::eOp<arma::Glue<arma::Mat<double>, arma::Mat<double>, arma::glue_times>, arma::eop_scalar_times> const&)
  [23] BDF::~BDF()            [27] arma::Mat<double>::operator=(arma::Mat<double> const&) [53] void arma::eop_core<arma::eop_scalar_times>::apply<arma::Mat<double>, arma::eGlue<arma::eOp<arma::Mat<double>, arma::eop_scalar_minus_post>, arma::eOp<arma::Mat<double>, arma::eop_scalar_times>, arma::eglue_plus> >(arma::Mat<double>&, arma::eOp<arma::eGlue<arma::eOp<arma::Mat<double>, arma::eop_scalar_minus_post>, arma::eOp<arma::Mat<double>, arma::eop_scalar_times>, arma::eglue_plus>, arma::eop_scalar_times> const&)
  [66] Line::qs_Solution()    [34] arma::Mat<double>& arma::Mat<double>::operator=<arma::Mat<double>, arma::eop_scalar_times>(arma::eOp<arma::Mat<double>, arma::eop_scalar_times> const&) [54] void arma::eop_core<arma::eop_scalar_times>::apply<arma::Mat<double>, arma::eGlue<arma::Mat<double>, arma::eOp<arma::Mat<double>, arma::eop_abs>, arma::eglue_plus> >(arma::Mat<double>&, arma::eOp<arma::eGlue<arma::Mat<double>, arma::eOp<arma::Mat<double>, arma::eop_abs>, arma::eglue_plus>, arma::eop_scalar_times> const&)
   [4] Line::SEM_computeF()   [11] void arma::gemv<true, false, false>::apply_blas_type<double, arma::Row<double> >(double*, arma::Row<double> const&, double const*, double, double) [55] void arma::eop_core<arma::eop_sqrt>::apply<arma::Mat<double>, arma::eGlue<arma::eGlue<arma::eOp<arma::subview<double>, arma::eop_pow>, arma::eOp<arma::subview<double>, arma::eop_pow>, arma::eglue_plus>, arma::eOp<arma::subview<double>, arma::eop_pow>, arma::eglue_plus> >(arma::Mat<double>&, arma::eOp<arma::eGlue<arma::eGlue<arma::eOp<arma::subview<double>, arma::eop_pow>, arma::eOp<arma::subview<double>, arma::eop_pow>, arma::eglue_plus>, arma::eOp<arma::subview<double>, arma::eop_pow>, arma::eglue_plus>, arma::eop_sqrt> const&)
  [61] Line::qs_Functions(double&, double&, double&, double&, double&, double&) [5] arma::enable_if2<arma::is_arma_type<arma::Mat<double> >::value, arma::Mat<double>::pod_type>::result arma::norm<arma::Mat<double> >(arma::Mat<double> const&, unsigned long long, arma::arma_real_or_cx_only<arma::Mat<double>::elem_type>::result const*) [49] void arma::op_strans::apply_proxy<arma::subview_row<double> >(arma::Mat<arma::subview_row<double>::elem_type>&, arma::subview_row<double> const&)
  [36] Line::SEM_get_D_local() [31] arma::SpMat<double>::mem_resize(unsigned long long) [46] void arma::op_strans::apply_proxy<arma::eGlue<arma::subview_row<double>, arma::eOp<arma::eOp<arma::eGlue<arma::subview_row<double>, arma::subview_row<double>, arma::eglue_minus>, arma::eop_scalar_times>, arma::eop_scalar_div_post>, arma::eglue_plus> >(arma::Mat<arma::eGlue<arma::subview_row<double>, arma::eOp<arma::eOp<arma::eGlue<arma::subview_row<double>, arma::subview_row<double>, arma::eglue_minus>, arma::eop_scalar_times>, arma::eop_scalar_div_post>, arma::eglue_plus>::elem_type>&, arma::eGlue<arma::subview_row<double>, arma::eOp<arma::eOp<arma::eGlue<arma::subview_row<double>, arma::subview_row<double>, arma::eglue_minus>, arma::eop_scalar_times>, arma::eop_scalar_div_post>, arma::eglue_plus> const&)
  [25] Line::SEM_coefficients() [62] arma::SpMat<double>::init(unsigned long long, unsigned long long) [69] void arma::op_strans::apply_mat_noalias<double, arma::Mat<double> >(arma::Mat<double>&, arma::Mat<double> const&)
  [20] Line::SEM_getBaseFunctions() [63] arma::SpMat<double>::steal_mem(arma::SpMat<double>&) [21] AnchorBCP::getValues(double)
  [33] Line::SEM_poly_first_derivative(double, int) [32] arma::SpMat<double>::SpMat<arma::Mat<double> >(arma::Base<double, arma::Mat<double> > const&) [56] std::ctype<char>::do_widen(char) const
  [59] Line::SEM_poly(double, int) [64] arma::SpMat<double>::~SpMat() [60] std::_Rb_tree<unsigned long long, std::pair<unsigned long long const, double>, std::_Select1st<std::pair<unsigned long long const, double> >, std::less<unsigned long long>, std::allocator<std::pair<unsigned long long const, double> > >::_M_erase(std::_Rb_tree_node<std::pair<unsigned long long const, double> >*)
  [67] Line::qs_GetTen()      [22] bool arma::auxlib::solve_approx_svd<arma::Mat<double> >(arma::Mat<arma::Mat<double>::pod_type>&, arma::Mat<arma::Mat<double>::pod_type>&, arma::Base<arma::Mat<double>::pod_type, arma::Mat<double> > const&) [14] frame_dummy
