\BOOKMARK [1][-]{section.1}{\376\377\000I\000n\000t\000r\000o\000d\000u\000c\000t\000i\000o\000n}{}% 1
\BOOKMARK [1][-]{section.2}{\376\377\000C\000o\000o\000r\000d\000i\000n\000a\000t\000e\000\040\000S\000y\000s\000t\000e\000m\000s\000\040\000a\000n\000d\000\040\000R\000i\000g\000i\000d\000\040\000B\000o\000d\000y\000\040\000D\000y\000n\000a\000m\000i\000c\000s}{}% 2
\BOOKMARK [2][-]{subsection.2.1}{\376\377\000R\000e\000f\000e\000r\000e\000n\000c\000e\000\040\000f\000r\000a\000m\000e\000s}{section.2}% 3
\BOOKMARK [2][-]{subsection.2.2}{\376\377\000E\000u\000l\000e\000r\000\040\000a\000n\000g\000l\000e\000s\000\040\000a\000n\000d\000\040\000r\000o\000t\000a\000t\000i\000o\000n\000\040\000m\000a\000t\000r\000i\000c\000e\000s}{section.2}% 4
\BOOKMARK [2][-]{subsection.2.3}{\376\377\000N\000e\000w\000t\000o\000n\040\023\000E\000u\000l\000e\000r\000\040\000e\000q\000u\000a\000t\000i\000o\000n\000s\000\040\000f\000o\000r\000\040\000t\000h\000e\000\040\000r\000i\000g\000i\000d\000\040\000b\000o\000d\000y}{section.2}% 5
\BOOKMARK [1][-]{section.3}{\376\377\000W\000a\000v\000e\000s}{}% 6
\BOOKMARK [2][-]{subsection.3.1}{\376\377\000R\000e\000g\000u\000l\000a\000r\000\040\000w\000a\000v\000e\000s}{section.3}% 7
\BOOKMARK [2][-]{subsection.3.2}{\376\377\000I\000r\000r\000e\000g\000u\000l\000a\000r\000\040\000w\000a\000v\000e\000s\000\040\000\050\000J\000O\000N\000S\000W\000A\000P\000\051}{section.3}% 8
\BOOKMARK [2][-]{subsection.3.3}{\376\377\000D\000i\000r\000e\000c\000t\000i\000o\000n\000a\000l\000\040\000s\000p\000r\000e\000a\000d\000i\000n\000g}{section.3}% 9
\BOOKMARK [1][-]{section.4}{\376\377\000H\000y\000d\000r\000o\000s\000t\000a\000t\000i\000c\000s}{}% 10
\BOOKMARK [2][-]{subsection.4.1}{\376\377\000L\000i\000n\000e\000a\000r\000\040\000h\000y\000d\000r\000o\000s\000t\000a\000t\000i\000c\000\040\000r\000e\000s\000t\000o\000r\000i\000n\000g}{section.4}% 11
\BOOKMARK [2][-]{subsection.4.2}{\376\377\000N\000o\000n\000-\000l\000i\000n\000e\000a\000r\000\040\000F\000r\000o\000u\000d\000e\040\023\000K\000r\000y\000l\000o\000v}{section.4}% 12
\BOOKMARK [1][-]{section.5}{\376\377\000H\000y\000d\000r\000o\000d\000y\000n\000a\000m\000i\000c\000s}{}% 13
\BOOKMARK [2][-]{subsection.5.1}{\376\377\000C\000u\000m\000m\000i\000n\000s\000\040\000e\000q\000u\000a\000t\000i\000o\000n}{section.5}% 14
\BOOKMARK [2][-]{subsection.5.2}{\376\377\000R\000a\000d\000i\000a\000t\000i\000o\000n\000\040\000f\000o\000r\000c\000e\000s}{section.5}% 15
\BOOKMARK [2][-]{subsection.5.3}{\376\377\000F\000i\000r\000s\000t\000-\000o\000r\000d\000e\000r\000\040\000e\000x\000c\000i\000t\000a\000t\000i\000o\000n\000\040\000f\000o\000r\000c\000e\000s}{section.5}% 16
\BOOKMARK [2][-]{subsection.5.4}{\376\377\000S\000e\000c\000o\000n\000d\000-\000o\000r\000d\000e\000r\000\040\000e\000x\000c\000i\000t\000a\000t\000i\000o\000n\000\040\000f\000o\000r\000c\000e\000s\000\040\000\050\000Q\000T\000F\000s\000\051}{section.5}% 17
\BOOKMARK [2][-]{subsection.5.5}{\376\377\000V\000i\000s\000c\000o\000u\000s\000\040\000c\000o\000r\000r\000e\000c\000t\000i\000o\000n\000s}{section.5}% 18
\BOOKMARK [2][-]{subsection.5.6}{\376\377\000M\000o\000r\000i\000s\000o\000n\000\040\000w\000i\000n\000d\000\040\000a\000n\000d\000\040\000c\000u\000r\000r\000e\000n\000t\000\040\000f\000o\000r\000c\000e\000s}{section.5}% 19
\BOOKMARK [1][-]{section.6}{\376\377\000M\000o\000o\000r\000i\000n\000g\000\040\000a\000n\000d\000\040\000T\000o\000w\000i\000n\000g\000\040\000L\000i\000n\000e\000s}{}% 20
\BOOKMARK [2][-]{subsection.6.1}{\376\377\000G\000o\000v\000e\000r\000n\000i\000n\000g\000\040\000e\000q\000u\000a\000t\000i\000o\000n}{section.6}% 21
\BOOKMARK [2][-]{subsection.6.2}{\376\377\000E\000x\000t\000e\000r\000n\000a\000l\000\040\000f\000o\000r\000c\000e\000s}{section.6}% 22
\BOOKMARK [2][-]{subsection.6.3}{\376\377\000I\000n\000t\000e\000r\000n\000a\000l\000\040\000f\000o\000r\000c\000e\000s\000\040\000a\000n\000d\000\040\000t\000e\000n\000s\000i\000o\000n\000\040\000m\000o\000d\000e\000l\000s}{section.6}% 23
\BOOKMARK [3][-]{subsubsection.6.3.1}{\376\377\000R\000a\000y\000l\000e\000i\000g\000h\000\040\000d\000a\000m\000p\000i\000n\000g\000\040\000m\000o\000d\000e\000l}{subsection.6.3}% 24
\BOOKMARK [3][-]{subsubsection.6.3.2}{\376\377\000V\000i\000s\000c\000o\000e\000l\000a\000s\000t\000i\000c\000\040\000\050\000B\000a\000n\000k\000s\000\051\000\040\000m\000o\000d\000e\000l}{subsection.6.3}% 25
\BOOKMARK [3][-]{subsubsection.6.3.3}{\376\377\000T\000a\000b\000u\000l\000a\000t\000e\000d\000\040\000s\000t\000r\000e\000s\000s\040\023\000s\000t\000r\000a\000i\000n\000\040\000c\000u\000r\000v\000e\000s}{subsection.6.3}% 26
\BOOKMARK [2][-]{subsection.6.4}{\376\377\000W\000e\000a\000k\000\040\000f\000o\000r\000m\000u\000l\000a\000t\000i\000o\000n}{section.6}% 27
\BOOKMARK [2][-]{subsection.6.5}{\376\377\000S\000E\000M\000\040\000s\000p\000a\000t\000i\000a\000l\000\040\000d\000i\000s\000c\000r\000e\000t\000i\000s\000a\000t\000i\000o\000n}{section.6}% 28
\BOOKMARK [2][-]{subsection.6.6}{\376\377\000D\000e\000r\000i\000v\000a\000t\000i\000v\000e\000\040\000o\000p\000e\000r\000a\000t\000o\000r}{section.6}% 29
\BOOKMARK [2][-]{subsection.6.7}{\376\377\000A\000d\000d\000e\000d\000\040\000m\000a\000s\000s\000\040\000i\000t\000e\000r\000a\000t\000i\000o\000n}{section.6}% 30
\BOOKMARK [2][-]{subsection.6.8}{\376\377\000B\000o\000u\000n\000d\000a\000r\000y\000\040\000c\000o\000n\000d\000i\000t\000i\000o\000n\000s}{section.6}% 31
\BOOKMARK [3][-]{subsubsection.6.8.1}{\376\377\000A\000n\000c\000h\000o\000r\000,\000\040\000f\000a\000i\000r\000l\000e\000a\000d\000\040\000o\000r\000\040\000a\000c\000t\000u\000a\000t\000o\000r}{subsection.6.8}% 32
\BOOKMARK [3][-]{subsubsection.6.8.2}{\376\377\000M\000u\000l\000t\000i\000-\000l\000i\000n\000e\000\040\000j\000o\000i\000n\000t}{subsection.6.8}% 33
\BOOKMARK [3][-]{subsubsection.6.8.3}{\376\377\000W\000i\000n\000c\000h}{subsection.6.8}% 34
\BOOKMARK [3][-]{subsubsection.6.8.4}{\376\377\000E\000l\000a\000s\000t\000i\000c\000\040\000a\000n\000c\000h\000o\000r}{subsection.6.8}% 35
\BOOKMARK [2][-]{subsection.6.9}{\376\377\000Q\000u\000a\000s\000i\000-\000s\000t\000a\000t\000i\000c\000\040\000i\000n\000i\000t\000i\000a\000l\000\040\000c\000o\000n\000d\000i\000t\000i\000o\000n\000s}{section.6}% 36
\BOOKMARK [1][-]{section.7}{\376\377\000S\000e\000a\000f\000l\000o\000o\000r\000\040\000I\000n\000t\000e\000r\000a\000c\000t\000i\000o\000n}{}% 37
\BOOKMARK [2][-]{subsection.7.1}{\376\377\000F\000l\000a\000t\000\040\000s\000e\000a\000f\000l\000o\000o\000r}{section.7}% 38
\BOOKMARK [2][-]{subsection.7.2}{\376\377\000I\000n\000c\000l\000i\000n\000e\000d\000\040\000p\000l\000a\000n\000e}{section.7}% 39
\BOOKMARK [2][-]{subsection.7.3}{\376\377\000C\000o\000m\000p\000l\000e\000x\000\040\000b\000a\000t\000h\000y\000m\000e\000t\000r\000y}{section.7}% 40
\BOOKMARK [2][-]{subsection.7.4}{\376\377\000G\000r\000o\000u\000n\000d\000\040\000n\000o\000r\000m\000a\000l\000\040\000a\000n\000d\000\040\000f\000r\000i\000c\000t\000i\000o\000n\000\040\000f\000o\000r\000c\000e\000s}{section.7}% 41
\BOOKMARK [1][-]{section.8}{\376\377\000S\000p\000r\000i\000n\000g\000s\000\040\000a\000n\000d\000\040\000C\000o\000n\000n\000e\000c\000t\000o\000r\000s}{}% 42
\BOOKMARK [2][-]{subsection.8.1}{\376\377\000D\000e\000f\000o\000r\000m\000a\000t\000i\000o\000n\000\040\000m\000e\000a\000s\000u\000r\000e\000m\000e\000n\000t}{section.8}% 43
\BOOKMARK [2][-]{subsection.8.2}{\376\377\000S\000p\000r\000i\000n\000g\000\040\000f\000o\000r\000c\000e\000s}{section.8}% 44
\BOOKMARK [1][-]{section.9}{\376\377\000W\000i\000n\000c\000h\000e\000s}{}% 45
\BOOKMARK [2][-]{subsection.9.1}{\376\377\000M\000e\000c\000h\000a\000n\000i\000c\000a\000l\000\040\000m\000o\000d\000e\000l}{section.9}% 46
\BOOKMARK [2][-]{subsection.9.2}{\376\377\000C\000o\000n\000t\000r\000o\000l\000l\000e\000r\000s}{section.9}% 47
\BOOKMARK [1][-]{section.10}{\376\377\000O\000s\000c\000i\000l\000l\000a\000t\000i\000n\000g\000\040\000W\000a\000t\000e\000r\000\040\000C\000o\000l\000u\000m\000n\000s}{}% 48
\BOOKMARK [2][-]{subsection.10.1}{\376\377\000P\000n\000e\000u\000m\000a\000t\000i\000c\000\040\000c\000h\000a\000m\000b\000e\000r\000\040\000m\000o\000d\000e\000l}{section.10}% 49
\BOOKMARK [2][-]{subsection.10.2}{\376\377\000T\000u\000r\000b\000i\000n\000e\000\040\000m\000o\000d\000e\000l}{section.10}% 50
\BOOKMARK [1][-]{section.11}{\376\377\000W\000i\000n\000d\000\040\000T\000u\000r\000b\000i\000n\000e\000s}{}% 51
\BOOKMARK [1][-]{section.12}{\376\377\000S\000i\000n\000k\000i\000n\000g}{}% 52
\BOOKMARK [1][-]{section.13}{\376\377\000T\000i\000m\000e\000\040\000I\000n\000t\000e\000g\000r\000a\000t\000i\000o\000n}{}% 53
\BOOKMARK [2][-]{subsection.13.1}{\376\377\000A\000d\000a\000p\000t\000i\000v\000e\000\040\000B\000D\000F\0002}{section.13}% 54
\BOOKMARK [2][-]{subsection.13.2}{\376\377\000E\000S\000D\000I\000R\000K}{section.13}% 55
\BOOKMARK [1][-]{section.14}{\376\377\000C\000o\000u\000p\000l\000i\000n\000g}{}% 56
\BOOKMARK [2][-]{subsection.14.1}{\376\377\000G\000l\000o\000b\000a\000l\000\040\000s\000t\000a\000t\000e\000\040\000v\000e\000c\000t\000o\000r}{section.14}% 57
\BOOKMARK [2][-]{subsection.14.2}{\376\377\000R\000H\000S\000\040\000e\000v\000a\000l\000u\000a\000t\000i\000o\000n\000\040\000o\000r\000d\000e\000r}{section.14}% 58
\BOOKMARK [2][-]{subsection.14.3}{\376\377\000M\000u\000l\000t\000i\000-\000r\000a\000t\000e\000\040\000c\000o\000u\000p\000l\000i\000n\000g}{section.14}% 59
